../Core/Src/main.c:117:5:main	16	static
../Core/Src/main.c:238:6:SystemClock_Config	88	static
../Core/Src/main.c:285:13:MX_I2C1_Init	8	static
../Core/Src/main.c:319:13:MX_GPIO_Init	48	static
../Core/Src/main.c:366:6:StartDefaultTask	16	static
../Core/Src/main.c:384:6:sensor_read_task	32	static
../Core/Src/main.c:414:6:reveiver_read_task	16	static
../Core/Src/main.c:432:6:esc_control_task	32	static
../Core/Src/main.c:467:6:HAL_TIM_PeriodElapsedCallback	16	static
../Core/Src/main.c:484:6:Error_Handler	4	static,ignoring_inline_asm
