2026-07-30 00:11:33,003 [INFO] Activator:176 - 


2026-07-30 00:11:33,008 [INFO] Activator:177 - !SESSION log4j initialized
2026-07-30 00:11:36,897 [INFO] LogOutputStream:77 - [STDOUT_REDIRECT] 
2026-07-30 00:11:37,725 [INFO] ApplicationProperties:184 - Using Application install path: C:\ST\STM32CubeIDE_1.13.1\STM32CubeIDE\plugins\com.st.stm32cube.common.mx_6.9.1.202307191849
2026-07-30 00:11:37,740 [INFO] DbMcusXml:78 - Set database path to: C:\ST\STM32CubeIDE_1.13.1\STM32CubeIDE\plugins\com.st.stm32cube.common.mx_6.9.1.202307191849\\db\/mcu/
2026-07-30 00:11:37,740 [INFO] ApiDb:274 - Set plugin database path to: C:\ST\STM32CubeIDE_1.13.1\STM32CubeIDE\plugins\com.st.stm32cube.common.mx_6.9.1.202307191849\\db\/plugins/boardmanager/
2026-07-30 00:11:37,741 [WARN] ApiDb:259 - Overriding images path with different value:  => C:\ST\STM32CubeIDE_1.13.1\STM32CubeIDE\plugins\com.st.stm32cube.common.mx_6.9.1.202307191849\\db\/plugins/mcufinder/images/
2026-07-30 00:11:37,751 [INFO] ApiDb:250 - Set database path to: C:\Users\Admin\.stmcufinder\plugins\mcufinder//mcu/
2026-07-30 00:11:37,752 [INFO] DbMcusAds:125 - Set database path to: C:\Users\Admin\.stmcufinder\plugins\mcufinder//mcu/
2026-07-30 00:11:37,753 [INFO] CrossReferenceDbSqlite:203 - Set database path to: C:\Users\Admin\.stmcufinder\plugins\mcufinder//mcu/cs/
2026-07-30 00:11:37,833 [INFO] RulesReader:64 - Compatibility file has been processed (293 Rules)
2026-07-30 00:11:37,899 [INFO] DbMcusXml:78 - Set database path to: C:\ST\STM32CubeIDE_1.13.1\STM32CubeIDE\plugins\com.st.stm32cube.common.mx_6.9.1.202307191849\\db\/mcu/
2026-07-30 00:11:37,899 [INFO] ApiDb:274 - Set plugin database path to: C:\ST\STM32CubeIDE_1.13.1\STM32CubeIDE\plugins\com.st.stm32cube.common.mx_6.9.1.202307191849\\db\/plugins/boardmanager/
2026-07-30 00:11:37,899 [INFO] ApiDb:261 - Set plugin images path to: C:\ST\STM32CubeIDE_1.13.1\STM32CubeIDE\plugins\com.st.stm32cube.common.mx_6.9.1.202307191849\\db\/plugins/mcufinder/images/
2026-07-30 00:11:37,900 [WARN] DbFile:41 - Overriding database path with different value: C:\Users\Admin\.stmcufinder\plugins\mcufinder/ => C:\Users\Admin\.stmcufinder\plugins\mcufinder
2026-07-30 00:11:37,900 [INFO] ApiDb:250 - Set database path to: C:\Users\Admin\.stmcufinder\plugins\mcufinder//mcu/
2026-07-30 00:11:37,900 [WARN] DbFile:41 - Overriding database path with different value: C:\Users\Admin\.stmcufinder\plugins\mcufinder/ => C:\Users\Admin\.stmcufinder\plugins\mcufinder
2026-07-30 00:11:37,900 [INFO] DbMcusAds:125 - Set database path to: C:\Users\Admin\.stmcufinder\plugins\mcufinder//mcu/
2026-07-30 00:11:37,900 [WARN] DbFile:41 - Overriding database path with different value: C:\Users\Admin\.stmcufinder\plugins\mcufinder/ => C:\Users\Admin\.stmcufinder\plugins\mcufinder
2026-07-30 00:11:37,900 [WARN] DbFile:41 - Overriding database path with different value: C:\Users\Admin\.stmcufinder\plugins\mcufinder/ => C:\Users\Admin\.stmcufinder\plugins\mcufinder
2026-07-30 00:11:37,900 [INFO] CrossReferenceDbSqlite:203 - Set database path to: C:\Users\Admin\.stmcufinder\plugins\mcufinder//mcu/cs/
2026-07-30 00:11:37,962 [INFO] MainPanel:262 - HeapMemory: 268435456
2026-07-30 00:11:38,034 [INFO] DbMcusXml:78 - Set database path to: C:\ST\STM32CubeIDE_1.13.1\STM32CubeIDE\plugins\com.st.stm32cube.common.mx_6.9.1.202307191849\\db\/mcu/
2026-07-30 00:11:38,034 [INFO] ApiDb:274 - Set plugin database path to: C:\ST\STM32CubeIDE_1.13.1\STM32CubeIDE\plugins\com.st.stm32cube.common.mx_6.9.1.202307191849\\db\/plugins/boardmanager/
2026-07-30 00:11:38,034 [INFO] ApiDb:261 - Set plugin images path to: C:\ST\STM32CubeIDE_1.13.1\STM32CubeIDE\plugins\com.st.stm32cube.common.mx_6.9.1.202307191849\\db\/plugins/mcufinder/images/
2026-07-30 00:11:38,035 [WARN] DbFile:41 - Overriding database path with different value: C:\Users\Admin\.stmcufinder\plugins\mcufinder/ => C:\Users\Admin\.stmcufinder\plugins\mcufinder
2026-07-30 00:11:38,035 [INFO] ApiDb:250 - Set database path to: C:\Users\Admin\.stmcufinder\plugins\mcufinder//mcu/
2026-07-30 00:11:38,035 [WARN] DbFile:41 - Overriding database path with different value: C:\Users\Admin\.stmcufinder\plugins\mcufinder/ => C:\Users\Admin\.stmcufinder\plugins\mcufinder
2026-07-30 00:11:38,035 [INFO] DbMcusAds:125 - Set database path to: C:\Users\Admin\.stmcufinder\plugins\mcufinder//mcu/
2026-07-30 00:11:38,035 [WARN] DbFile:41 - Overriding database path with different value: C:\Users\Admin\.stmcufinder\plugins\mcufinder/ => C:\Users\Admin\.stmcufinder\plugins\mcufinder
2026-07-30 00:11:38,035 [WARN] DbFile:41 - Overriding database path with different value: C:\Users\Admin\.stmcufinder\plugins\mcufinder/ => C:\Users\Admin\.stmcufinder\plugins\mcufinder
2026-07-30 00:11:38,035 [INFO] CrossReferenceDbSqlite:203 - Set database path to: C:\Users\Admin\.stmcufinder\plugins\mcufinder//mcu/cs/
2026-07-30 00:11:38,050 [INFO] ApplicationProperties:184 - Using Application install path: C:\ST\STM32CubeIDE_1.13.1\STM32CubeIDE\plugins\com.st.stm32cube.common.mx_6.9.1.202307191849
2026-07-30 00:11:38,051 [INFO] PluginManage:196 - Search for loadable plugins [exclusion list=, ]
2026-07-30 00:11:38,053 [INFO] PluginManage:310 - Check plugin analytics
2026-07-30 00:11:38,161 [INFO] AnalyticsPlugin:253 - Accepted Software Licenses: STM32CubeMX.6.18.0
2026-07-30 00:11:38,161 [INFO] AnalyticsPlugin:255 - Accepted CMSIS Pack Licenses: 
2026-07-30 00:11:38,161 [INFO] AnalyticsPlugin:257 - Accepted Firmware Licenses: FW.F4.1.27.0,FW.F4.1.28.0,FW.F4.1.28.3
2026-07-30 00:11:38,163 [INFO] PluginManage:359 - Loaded plugin analytics (category:tool,tabindex:-1)
2026-07-30 00:11:38,164 [INFO] PluginManage:310 - Check plugin cadmodel
2026-07-30 00:11:38,169 [INFO] CADModel:105 - Init CAD model plugin
2026-07-30 00:11:38,169 [INFO] PluginManage:359 - Loaded plugin cadmodel (category:power,tabindex:5)
2026-07-30 00:11:38,169 [INFO] PluginManage:310 - Check plugin clock
2026-07-30 00:11:38,177 [INFO] PluginManage:359 - Loaded plugin clock (category:base,tabindex:2)
2026-07-30 00:11:38,177 [INFO] PluginManage:310 - Check plugin ddr
2026-07-30 00:11:38,179 [INFO] PluginManage:359 - Loaded plugin ddr (category:tool,tabindex:6)
2026-07-30 00:11:38,179 [INFO] PluginManage:310 - Check plugin filemanager
2026-07-30 00:11:38,279 [INFO] PluginManage:359 - Loaded plugin filemanager (category:base,tabindex:10)
2026-07-30 00:11:38,279 [INFO] PluginManage:310 - Check plugin ipmanager
2026-07-30 00:11:38,284 [INFO] PluginManage:359 - Loaded plugin ipmanager (category:base,tabindex:5)
2026-07-30 00:11:38,284 [INFO] PluginManage:310 - Check plugin lpbam
2026-07-30 00:11:38,293 [INFO] PluginManage:359 - Loaded plugin lpbam (category:base,tabindex:0)
2026-07-30 00:11:38,293 [INFO] PluginManage:310 - Check plugin memorymap
2026-07-30 00:11:38,304 [INFO] PluginManage:359 - Loaded plugin memorymap (category:base,tabindex:4)
2026-07-30 00:11:38,304 [INFO] PluginManage:310 - Check plugin pinoutandconfiguration
2026-07-30 00:11:38,310 [INFO] PluginManage:359 - Loaded plugin pinoutandconfiguration (category:base,tabindex:1)
2026-07-30 00:11:38,311 [INFO] PluginManage:310 - Check plugin pinoutconfig
2026-07-30 00:11:38,376 [WARN] SupportedApi:132 - Cannot load RTOS API schema: s4s-elt-must-match.1: The content of 'definitions' must match (annotation?, (simpleType | complexType)?, (unique | key | keyref)*)). A problem was found starting at: attribute.
2026-07-30 00:11:38,476 [INFO] PluginManage:359 - Loaded plugin pinoutconfig (category:base,tabindex:0)
2026-07-30 00:11:38,476 [INFO] PluginManage:310 - Check plugin power
2026-07-30 00:11:38,486 [INFO] PluginManage:359 - Loaded plugin power (category:power,tabindex:4)
2026-07-30 00:11:38,486 [INFO] PluginManage:310 - Check plugin projectmanager
2026-07-30 00:11:38,496 [INFO] PluginManage:359 - Loaded plugin projectmanager (category:projectmanager,tabindex:3)
2026-07-30 00:11:38,496 [INFO] PluginManage:310 - Check plugin thirdparty
2026-07-30 00:11:38,597 [INFO] PluginManage:359 - Loaded plugin thirdparty (category:base,tabindex:-1)
2026-07-30 00:11:38,597 [WARN] IntegrityCheckThread:84 - waiting for thirdparty lock release [integrity check]
2026-07-30 00:11:38,597 [INFO] PluginManage:310 - Check plugin tools
2026-07-30 00:11:38,598 [INFO] IntegrityCheckThread:86 - entering critical section [integrity check]
2026-07-30 00:11:38,598 [INFO] ThirdPartyUpdaterWithRetryManager:70 - Updater plugin not ready yet. [1/15]
2026-07-30 00:11:38,600 [INFO] PluginManage:359 - Loaded plugin tools (category:base,tabindex:7)
2026-07-30 00:11:38,600 [INFO] PluginManage:310 - Check plugin tutovideos
2026-07-30 00:11:38,736 [INFO] PluginManage:359 - Loaded plugin tutovideos (category:base,tabindex:-1)
2026-07-30 00:11:38,736 [INFO] PluginManage:310 - Check plugin updater
2026-07-30 00:11:38,745 [INFO] PluginManage:359 - Loaded plugin updater (category:base,tabindex:12)
2026-07-30 00:11:38,745 [INFO] PluginManage:310 - Check plugin userauth
2026-07-30 00:11:38,750 [INFO] UserAuth:113 - Init User Auth plugin
2026-07-30 00:11:38,750 [INFO] PluginManage:359 - Loaded plugin userauth (category:base,tabindex:14)
2026-07-30 00:11:38,750 [INFO] PluginManage:283 - PluginManage : Loaded plugins [17]
2026-07-30 00:11:38,909 [INFO] PinOutPanel:1499 - setPackage(No Configuration,No Configuration)
2026-07-30 00:11:38,984 [INFO] CADModel:165 - CPN selected for project level
2026-07-30 00:11:38,984 [INFO] CADModel:114 - Register for checkConnection events
2026-07-30 00:11:38,997 [INFO] IPUIPlugin:80 - create IPUIPlugin
2026-07-30 00:11:38,997 [INFO] PluginManager:220 - loadIPPluginJar : add adc
2026-07-30 00:11:38,999 [INFO] IPUIPlugin:80 - create IPUIPlugin
2026-07-30 00:11:38,999 [INFO] PluginManager:220 - loadIPPluginJar : add aes
2026-07-30 00:11:39,001 [INFO] IPUIPlugin:80 - create IPUIPlugin
2026-07-30 00:11:39,001 [INFO] PluginManager:220 - loadIPPluginJar : add can
2026-07-30 00:11:39,002 [INFO] IPUIPlugin:80 - create IPUIPlugin
2026-07-30 00:11:39,002 [INFO] PluginManager:220 - loadIPPluginJar : add comp
2026-07-30 00:11:39,004 [INFO] IPUIPlugin:80 - create IPUIPlugin
2026-07-30 00:11:39,004 [INFO] PluginManager:220 - loadIPPluginJar : add cryp
2026-07-30 00:11:39,006 [INFO] IPUIPlugin:80 - create IPUIPlugin
2026-07-30 00:11:39,006 [INFO] PluginManager:220 - loadIPPluginJar : add dfsdm
2026-07-30 00:11:39,010 [INFO] IPUIPlugin:80 - create IPUIPlugin
2026-07-30 00:11:39,011 [INFO] PluginManager:220 - loadIPPluginJar : add dma
2026-07-30 00:11:39,013 [INFO] IPUIPlugin:80 - create IPUIPlugin
2026-07-30 00:11:39,013 [INFO] PluginManager:220 - loadIPPluginJar : add dma3
2026-07-30 00:11:39,013 [INFO] IPUIPlugin:80 - create IPUIPlugin
2026-07-30 00:11:39,013 [INFO] PluginManager:220 - loadIPPluginJar : add fatfs
2026-07-30 00:11:39,016 [INFO] IPUIPlugin:80 - create IPUIPlugin
2026-07-30 00:11:39,016 [INFO] PluginManager:220 - loadIPPluginJar : add fmc
2026-07-30 00:11:39,021 [INFO] IPUIPlugin:80 - create IPUIPlugin
2026-07-30 00:11:39,021 [INFO] PluginManager:220 - loadIPPluginJar : add freertos
2026-07-30 00:11:39,022 [INFO] IPUIPlugin:80 - create IPUIPlugin
2026-07-30 00:11:39,022 [INFO] PluginManager:220 - loadIPPluginJar : add genericplugin
2026-07-30 00:11:39,024 [INFO] IPUIPlugin:80 - create IPUIPlugin
2026-07-30 00:11:39,024 [INFO] PluginManager:220 - loadIPPluginJar : add gfxmmu
2026-07-30 00:11:39,027 [INFO] IPUIPlugin:80 - create IPUIPlugin
2026-07-30 00:11:39,027 [INFO] PluginManager:220 - loadIPPluginJar : add gic
2026-07-30 00:11:39,030 [INFO] IPUIPlugin:80 - create IPUIPlugin
2026-07-30 00:11:39,030 [INFO] PluginManager:220 - loadIPPluginJar : add gpio
2026-07-30 00:11:39,033 [INFO] IPUIPlugin:80 - create IPUIPlugin
2026-07-30 00:11:39,033 [INFO] PluginManager:220 - loadIPPluginJar : add gtzc
2026-07-30 00:11:39,034 [INFO] IPUIPlugin:80 - create IPUIPlugin
2026-07-30 00:11:39,034 [INFO] PluginManager:220 - loadIPPluginJar : add hash
2026-07-30 00:11:39,036 [INFO] IPUIPlugin:80 - create IPUIPlugin
2026-07-30 00:11:39,036 [INFO] PluginManager:220 - loadIPPluginJar : add i2c
2026-07-30 00:11:39,038 [INFO] IPUIPlugin:80 - create IPUIPlugin
2026-07-30 00:11:39,038 [INFO] PluginManager:220 - loadIPPluginJar : add i2s
2026-07-30 00:11:39,040 [INFO] IPUIPlugin:80 - create IPUIPlugin
2026-07-30 00:11:39,040 [INFO] PluginManager:220 - loadIPPluginJar : add i3c
2026-07-30 00:11:39,042 [INFO] IPUIPlugin:80 - create IPUIPlugin
2026-07-30 00:11:39,042 [INFO] PluginManager:220 - loadIPPluginJar : add ipddr
2026-07-30 00:11:39,047 [INFO] IPUIPlugin:80 - create IPUIPlugin
2026-07-30 00:11:39,048 [INFO] PluginManager:220 - loadIPPluginJar : add linkedlist
2026-07-30 00:11:39,049 [INFO] IPUIPlugin:80 - create IPUIPlugin
2026-07-30 00:11:39,050 [INFO] PluginManager:220 - loadIPPluginJar : add lorawan
2026-07-30 00:11:39,051 [INFO] IPUIPlugin:80 - create IPUIPlugin
2026-07-30 00:11:39,051 [INFO] PluginManager:220 - loadIPPluginJar : add ltdc
2026-07-30 00:11:39,055 [INFO] IPUIPlugin:80 - create IPUIPlugin
2026-07-30 00:11:39,055 [INFO] PluginManager:220 - loadIPPluginJar : add mdma
2026-07-30 00:11:39,058 [INFO] IPUIPlugin:80 - create IPUIPlugin
2026-07-30 00:11:39,058 [INFO] PluginManager:220 - loadIPPluginJar : add nvic
2026-07-30 00:11:39,060 [INFO] IPUIPlugin:80 - create IPUIPlugin
2026-07-30 00:11:39,060 [INFO] PluginManager:220 - loadIPPluginJar : add opamp
2026-07-30 00:11:39,062 [INFO] IPUIPlugin:80 - create IPUIPlugin
2026-07-30 00:11:39,062 [INFO] PluginManager:220 - loadIPPluginJar : add openamp
2026-07-30 00:11:39,065 [INFO] IPUIPlugin:80 - create IPUIPlugin
2026-07-30 00:11:39,065 [INFO] PluginManager:220 - loadIPPluginJar : add pdm2pcm
2026-07-30 00:11:39,070 [INFO] IPUIPlugin:80 - create IPUIPlugin
2026-07-30 00:11:39,072 [INFO] PluginManager:220 - loadIPPluginJar : add plateformsettings
2026-07-30 00:11:39,073 [INFO] IPUIPlugin:80 - create IPUIPlugin
2026-07-30 00:11:39,073 [INFO] PluginManager:220 - loadIPPluginJar : add quadspi
2026-07-30 00:11:39,077 [INFO] IPUIPlugin:80 - create IPUIPlugin
2026-07-30 00:11:39,077 [INFO] PluginManager:220 - loadIPPluginJar : add resmgrutility
2026-07-30 00:11:39,079 [INFO] IPUIPlugin:80 - create IPUIPlugin
2026-07-30 00:11:39,079 [INFO] PluginManager:220 - loadIPPluginJar : add sai
2026-07-30 00:11:39,081 [INFO] IPUIPlugin:80 - create IPUIPlugin
2026-07-30 00:11:39,081 [INFO] PluginManager:220 - loadIPPluginJar : add spi
2026-07-30 00:11:39,084 [INFO] IPUIPlugin:80 - create IPUIPlugin
2026-07-30 00:11:39,084 [INFO] PluginManager:220 - loadIPPluginJar : add stm32_wpan
2026-07-30 00:11:39,085 [INFO] IPUIPlugin:80 - create IPUIPlugin
2026-07-30 00:11:39,085 [INFO] PluginManager:220 - loadIPPluginJar : add tim
2026-07-30 00:11:39,087 [INFO] IPUIPlugin:80 - create IPUIPlugin
2026-07-30 00:11:39,087 [INFO] PluginManager:220 - loadIPPluginJar : add touchsensing
2026-07-30 00:11:39,089 [INFO] IPUIPlugin:80 - create IPUIPlugin
2026-07-30 00:11:39,089 [INFO] PluginManager:220 - loadIPPluginJar : add tracer_emb
2026-07-30 00:11:39,090 [INFO] IPUIPlugin:80 - create IPUIPlugin
2026-07-30 00:11:39,090 [INFO] PluginManager:220 - loadIPPluginJar : add ts
2026-07-30 00:11:39,091 [INFO] IPUIPlugin:80 - create IPUIPlugin
2026-07-30 00:11:39,091 [INFO] PluginManager:220 - loadIPPluginJar : add tsc
2026-07-30 00:11:39,092 [INFO] IPUIPlugin:80 - create IPUIPlugin
2026-07-30 00:11:39,093 [INFO] PluginManager:220 - loadIPPluginJar : add ucpd
2026-07-30 00:11:39,094 [INFO] IPUIPlugin:80 - create IPUIPlugin
2026-07-30 00:11:39,094 [INFO] PluginManager:220 - loadIPPluginJar : add usart
2026-07-30 00:11:39,096 [INFO] IPUIPlugin:80 - create IPUIPlugin
2026-07-30 00:11:39,096 [INFO] PluginManager:220 - loadIPPluginJar : add usbx
2026-07-30 00:11:39,209 [INFO] CADModel:165 - CPN selected for project level
2026-07-30 00:11:39,209 [INFO] CADModel:114 - Register for checkConnection events
2026-07-30 00:11:39,209 [FATAL] Updater:308 - Updater called before beeing initialized
2026-07-30 00:11:39,209 [ERROR] CADModel:125 - Updater not yet initialized, retry later 
2026-07-30 00:11:39,326 [INFO] CADModel:165 - CPN selected for project level
2026-07-30 00:11:39,326 [INFO] CADModel:114 - Register for checkConnection events
2026-07-30 00:11:39,326 [FATAL] Updater:308 - Updater called before beeing initialized
2026-07-30 00:11:39,326 [ERROR] CADModel:125 - Updater not yet initialized, retry later 
2026-07-30 00:11:39,329 [FATAL] Updater:308 - Updater called before beeing initialized
2026-07-30 00:11:39,412 [FATAL] Updater:308 - Updater called before beeing initialized
2026-07-30 00:11:39,416 [INFO] DbMcusAds:53 - JSON generation date=Wed Jul 15 16:46:00 GMT+07:00 2026 (1784108760991)
2026-07-30 00:11:39,416 [FATAL] Updater:308 - Updater called before beeing initialized
2026-07-30 00:11:39,452 [WARN] DetailPanel:346 - Failed to get advertising image, set to default
2026-07-30 00:11:39,528 [FATAL] Updater:308 - Updater called before beeing initialized
2026-07-30 00:11:39,531 [FATAL] Updater:308 - Updater called before beeing initialized
2026-07-30 00:11:39,531 [FATAL] Updater:308 - Updater called before beeing initialized
2026-07-30 00:11:39,531 [WARN] DetailPanel:346 - Failed to get advertising image, set to default
2026-07-30 00:11:39,532 [FATAL] Updater:308 - Updater called before beeing initialized
2026-07-30 00:11:39,565 [ERROR] Updater:1120 - MainUpdater not yet initialized. External WinMGr cannot be set.
2026-07-30 00:11:39,567 [INFO] Updater:1056 - Updater Version found : 6.9.1
2026-07-30 00:11:39,581 [INFO] ApplicationProperties:184 - Using Application install path: C:\ST\STM32CubeIDE_1.13.1\STM32CubeIDE\plugins\com.st.stm32cube.common.mx_6.9.1.202307191849
2026-07-30 00:11:39,714 [INFO] MainUpdater:2868 - connection check result : 10
2026-07-30 00:11:39,715 [INFO] MainUpdater:285 - Updater Check For Update Now.
2026-07-30 00:11:39,715 [INFO] MicroXplorer:498 - Change Database Version : DB.6.0.91
2026-07-30 00:11:39,722 [INFO] McuFinderGlobals:63 - Set McuFinder mode to 2 (CubeIDE integrated)
2026-07-30 00:11:39,723 [INFO] UserAuth:179 - activating auth plugin
2026-07-30 00:11:39,726 [INFO] UserAuth:393 - Internet connection configuration mode: 1
2026-07-30 00:11:39,751 [INFO] JxBrowserEngine:151 - Initiate JxBrowser Engine with user profile folder
2026-07-30 00:11:39,893 [INFO] CheckServerUpdateThread:120 - End of CheckServer Thread
2026-07-30 00:11:40,327 [INFO] WebApp:157 - Instantiating new browser for Auth
2026-07-30 00:11:40,720 [INFO] WebApp:753 - Register for checkConnection events
2026-07-30 00:11:40,720 [INFO] WebApp:390 - Apply proxy settings
2026-07-30 00:11:40,720 [INFO] WebApp:475 - Chromium requires no authentication
2026-07-30 00:11:40,726 [INFO] WebApp:418 - Direct internet connection detected
2026-07-30 00:11:40,854 [INFO] WebApp:188 - Starting web application
2026-07-30 00:11:40,854 [INFO] WebApp:520 - Web application path used C:\ST\STM32CubeIDE_1.13.1\STM32CubeIDE\plugins\com.st.stm32cube.common.mx_6.9.1.202307191849\db\plugins\mcufinder\reactClient1\index.html
2026-07-30 00:11:41,744 [WARN] PackLoader:240 - Cannot read IP mode file for STMicroelectronics.FP-ATR-ASTRA1.2.0.3
2026-07-30 00:11:41,748 [WARN] PackLoader:240 - Cannot read IP mode file for STMicroelectronics.FP-ATR-ASTRA1.2.0.2
2026-07-30 00:11:41,753 [ERROR] Engine:466 - C:\Users\Admin\.stm32cubemx\thirdparties\pdsc\STMicroelectronics.X-CUBE-SMBUS.2.1.1.pdsc: PDSC version is not supported
2026-07-30 00:11:41,756 [WARN] PackLoader:240 - Cannot read IP mode file for STMicroelectronics.X-CUBE-SMBUS.2.1.0
2026-07-30 00:11:41,777 [WARN] PackLoader:240 - Cannot read IP mode file for STMicroelectronics.X-CUBE-AZRTOS-F7.1.1.0
2026-07-30 00:11:41,784 [ERROR] Engine:466 - C:\Users\Admin\.stm32cubemx\thirdparties\pdsc\STMicroelectronics.X-CUBE-FREERTOS.1.6.0.pdsc: PDSC version is not supported
2026-07-30 00:11:41,809 [WARN] PackLoader:240 - Cannot read IP mode file for STMicroelectronics.X-CUBE-AZRTOS-H7RS.1.3.0
2026-07-30 00:11:41,817 [ERROR] Engine:466 - C:\Users\Admin\.stm32cubemx\thirdparties\pdsc\WES.I-CUBE-Cesium.1.4.0.pdsc: PDSC version is not supported
2026-07-30 00:11:41,826 [WARN] PackLoader:240 - Cannot read IP mode file for STMicroelectronics.X-CUBE-DISPLAY.3.0.0
2026-07-30 00:11:41,836 [WARN] PackLoader:240 - Cannot read IP mode file for wolfSSL.I-CUBE-wolfSSL.5.9.1
2026-07-30 00:11:41,840 [WARN] PackLoader:240 - Cannot read IP mode file for emotas.I-CUBE-CANOPEN.1.3.0
2026-07-30 00:11:41,843 [ERROR] Engine:466 - C:\Users\Admin\.stm32cubemx\thirdparties\pdsc\STMicroelectronics.X-CUBE-WBA.1.1.0.pdsc: PDSC version is not supported
2026-07-30 00:11:41,849 [INFO] LogOutputStream:77 - [STDOUT_REDIRECT] 1 : Invalid condition id : UX_CORESTACK_Condition cause : null
2026-07-30 00:11:41,850 [INFO] LogOutputStream:77 - [STDOUT_REDIRECT] 1 : Invalid condition id : UX_CORESTACK_Condition cause : null
2026-07-30 00:11:41,850 [INFO] LogOutputStream:77 - [STDOUT_REDIRECT] 1 : Invalid condition id : UX_CORESTACK_Condition cause : null
2026-07-30 00:11:41,852 [INFO] LogOutputStream:77 - [STDOUT_REDIRECT] 1 : Invalid condition id : UX_CORESTACK_Condition cause : null
2026-07-30 00:11:41,852 [INFO] LogOutputStream:77 - [STDOUT_REDIRECT] 1 : Invalid condition id : UX_CORESTACK_Condition cause : null
2026-07-30 00:11:41,855 [WARN] PackLoader:240 - Cannot read IP mode file for STMicroelectronics.X-CUBE-AZRTOS-WL.2.0.0
2026-07-30 00:11:41,872 [WARN] PackLoader:240 - Cannot read IP mode file for STMicroelectronics.X-CUBE-AZRTOS-H7RS.1.2.0
2026-07-30 00:11:41,883 [WARN] PackLoader:240 - Cannot read IP mode file for STMicroelectronics.X-CUBE-BLE2.3.3.0
2026-07-30 00:11:41,885 [ERROR] Engine:466 - C:\Users\Admin\.stm32cubemx\thirdparties\pdsc\Avnet-IOTCONNECT.X-CUBE-iotc-st67-sdk.1.0.0.pdsc: PDSC version is not supported
2026-07-30 00:11:41,889 [ERROR] Engine:466 - C:\Users\Admin\.stm32cubemx\thirdparties\pdsc\Infineon.AIROC-Wi-Fi-Bluetooth-STM32.1.8.0.pdsc: PDSC version is not supported
2026-07-30 00:11:41,892 [WARN] PackLoader:240 - Cannot read IP mode file for wolfSSL.I-CUBE-wolfMQTT.1.19.2
2026-07-30 00:11:41,901 [WARN] PackLoader:240 - Cannot read IP mode file for STMicroelectronics.X-CUBE-AZRTOS-G0.1.1.0
2026-07-30 00:11:41,929 [WARN] PackLoader:240 - Cannot read IP mode file for STMicroelectronics.X-CUBE-NFC4.3.0.0
2026-07-30 00:11:41,932 [ERROR] Engine:466 - C:\Users\Admin\.stm32cubemx\thirdparties\pdsc\EmbeddedOffice.I-CUBE-FS-RTOS.1.0.1.pdsc: PDSC version is not supported
2026-07-30 00:11:41,935 [WARN] PackLoader:240 - Cannot read IP mode file for wolfSSL.I-CUBE-wolfTPM.3.8.0
2026-07-30 00:11:41,937 [ERROR] Engine:466 - C:\Users\Admin\.stm32cubemx\thirdparties\pdsc\RealThread.X-CUBE-RT-Thread_Nano.4.1.1.pdsc: PDSC version is not supported
2026-07-30 00:11:41,939 [WARN] PackLoader:240 - Cannot read IP mode file for STMicroelectronics.FP-ATR-SIGFOX1.3.2.0
2026-07-30 00:11:41,940 [ERROR] Engine:466 - C:\Users\Admin\.stm32cubemx\thirdparties\pdsc\STMicroelectronics.X-CUBE-FREERTOS.1.5.0.pdsc: PDSC version is not supported
2026-07-30 00:11:41,944 [WARN] PackLoader:240 - Cannot read IP mode file for ITTIA_DB.I-CUBE-ITTIADB.8.9.0
2026-07-30 00:11:41,945 [ERROR] Engine:466 - C:\Users\Admin\.stm32cubemx\thirdparties\pdsc\Cesanta.I-CUBE-Mongoose.7.21.7.pdsc: PDSC version is not supported
2026-07-30 00:11:41,948 [WARN] PackLoader:240 - Cannot read IP mode file for STMicroelectronics.X-CUBE-AI.10.2.1
2026-07-30 00:11:41,979 [WARN] PackLoader:240 - Cannot read IP mode file for STMicroelectronics.X-CUBE-MEMS1.12.1.0
2026-07-30 00:11:42,069 [WARN] PackLoader:240 - Cannot read IP mode file for SEGGER.I-CUBE-embOS.1.3.1
2026-07-30 00:11:42,096 [WARN] PackLoader:240 - Cannot read IP mode file for STMicroelectronics.X-CUBE-ALGOBUILD.1.4.0
2026-07-30 00:11:42,101 [WARN] PackLoader:240 - Cannot read IP mode file for STMicroelectronics.X-CUBE-NFC13.1.0.0
2026-07-30 00:11:42,111 [WARN] PackLoader:240 - Cannot read IP mode file for STMicroelectronics.X-CUBE-AZRTOS-F4.1.1.0
2026-07-30 00:11:42,115 [ERROR] Engine:466 - C:\Users\Admin\.stm32cubemx\thirdparties\pdsc\STMicroelectronics.eDS-WB_DPC_TT-BIDIR.2.1.1.pdsc: PDSC version is not supported
2026-07-30 00:11:42,124 [WARN] PackLoader:240 - Cannot read IP mode file for STMicroelectronics.X-CUBE-ALGOBUILD.1.5.0
2026-07-30 00:11:42,167 [WARN] PackLoader:240 - Cannot read IP mode file for STMicroelectronics.X-CUBE-MEMS1.13.0.0
2026-07-30 00:11:42,290 [ERROR] Engine:466 - C:\Users\Admin\.stm32cubemx\thirdparties\pdsc\STMicroelectronics.eDS-WB_DPC_3PH2L-BIDIR.1.1.1.pdsc: PDSC version is not supported
2026-07-30 00:11:42,296 [WARN] PackLoader:240 - Cannot read IP mode file for STMicroelectronics.X-CUBE-TOUCHGFX.4.26.1
2026-07-30 00:11:42,313 [WARN] ConditionMgr:438 - getConditionDescription Invalid condition id : LAN8742 Phy interface Condition cause : null
2026-07-30 00:11:42,314 [WARN] PackLoader:240 - Cannot read IP mode file for STMicroelectronics.X-CUBE-AZRTOS-L4.2.0.0
2026-07-30 00:11:42,315 [WARN] ConditionMgr:1039 - genDependencies : Invalid condition id : LAN8742 Phy interface Condition cause : null
2026-07-30 00:11:42,315 [WARN] ConditionMgr:1039 - genDependencies : Invalid condition id : LAN8742 Phy interface Condition cause : null
2026-07-30 00:11:42,315 [WARN] ConditionMgr:1039 - genDependencies : Invalid condition id : LAN8742 Phy interface Condition cause : null
2026-07-30 00:11:42,322 [WARN] PackLoader:240 - Cannot read IP mode file for STMicroelectronics.X-CUBE-SFXS2LP1.4.0.0
2026-07-30 00:11:42,326 [ERROR] Engine:466 - C:\Users\Admin\.stm32cubemx\thirdparties\pdsc\quantropi.X-CUBE-qispace-sdk-base.2.1.0.pdsc: PDSC version is not supported
2026-07-30 00:11:42,333 [WARN] PackLoader:240 - Cannot read IP mode file for STMicroelectronics.X-CUBE-SUBG2.5.0.0
2026-07-30 00:11:42,358 [WARN] PackLoader:240 - Cannot read IP mode file for STMicroelectronics.X-CUBE-AZRTOS-G4.2.0.0
2026-07-30 00:11:42,364 [WARN] PackLoader:240 - Cannot read IP mode file for wolfSSL.I-CUBE-wolfSSH.1.4.20
2026-07-30 00:11:42,365 [INFO] ThirdParty:978 - Integrity check success = true
2026-07-30 00:11:42,365 [INFO] IntegrityCheckThread:100 - exiting critical section [integrity check]
2026-07-30 00:11:42,365 [INFO] IntegrityCheckThread:103 - End integrity checks thread
2026-07-30 00:12:01,408 [ERROR] LogOutputStream:75 - [STDERR_REDIRECT] SLF4J: Failed to load class "org.slf4j.impl.StaticLoggerBinder".
2026-07-30 00:12:01,408 [ERROR] LogOutputStream:75 - [STDERR_REDIRECT] SLF4J: Defaulting to no-operation (NOP) logger implementation
2026-07-30 00:12:01,409 [ERROR] LogOutputStream:75 - [STDERR_REDIRECT] SLF4J: See http://www.slf4j.org/codes.html#StaticLoggerBinder for further details.
2026-07-30 00:12:18,363 [ERROR] LogOutputStream:75 - [STDERR_REDIRECT] 
2026-07-30 08:29:46,201 [INFO] Activator:176 - 


2026-07-30 08:29:46,203 [INFO] Activator:177 - !SESSION log4j initialized
2026-07-30 08:29:51,074 [INFO] LogOutputStream:77 - [STDOUT_REDIRECT] 
2026-07-30 08:29:51,917 [INFO] ApplicationProperties:184 - Using Application install path: C:\ST\STM32CubeIDE_1.13.1\STM32CubeIDE\plugins\com.st.stm32cube.common.mx_6.9.1.202307191849
2026-07-30 08:29:51,933 [INFO] DbMcusXml:78 - Set database path to: C:\ST\STM32CubeIDE_1.13.1\STM32CubeIDE\plugins\com.st.stm32cube.common.mx_6.9.1.202307191849\\db\/mcu/
2026-07-30 08:29:51,933 [INFO] ApiDb:274 - Set plugin database path to: C:\ST\STM32CubeIDE_1.13.1\STM32CubeIDE\plugins\com.st.stm32cube.common.mx_6.9.1.202307191849\\db\/plugins/boardmanager/
2026-07-30 08:29:51,933 [WARN] ApiDb:259 - Overriding images path with different value:  => C:\ST\STM32CubeIDE_1.13.1\STM32CubeIDE\plugins\com.st.stm32cube.common.mx_6.9.1.202307191849\\db\/plugins/mcufinder/images/
2026-07-30 08:29:51,945 [INFO] ApiDb:250 - Set database path to: C:\Users\Admin\.stmcufinder\plugins\mcufinder//mcu/
2026-07-30 08:29:51,946 [INFO] DbMcusAds:125 - Set database path to: C:\Users\Admin\.stmcufinder\plugins\mcufinder//mcu/
2026-07-30 08:29:51,948 [INFO] CrossReferenceDbSqlite:203 - Set database path to: C:\Users\Admin\.stmcufinder\plugins\mcufinder//mcu/cs/
2026-07-30 08:29:52,031 [INFO] RulesReader:64 - Compatibility file has been processed (293 Rules)
2026-07-30 08:29:52,101 [INFO] DbMcusXml:78 - Set database path to: C:\ST\STM32CubeIDE_1.13.1\STM32CubeIDE\plugins\com.st.stm32cube.common.mx_6.9.1.202307191849\\db\/mcu/
2026-07-30 08:29:52,101 [INFO] ApiDb:274 - Set plugin database path to: C:\ST\STM32CubeIDE_1.13.1\STM32CubeIDE\plugins\com.st.stm32cube.common.mx_6.9.1.202307191849\\db\/plugins/boardmanager/
2026-07-30 08:29:52,101 [INFO] ApiDb:261 - Set plugin images path to: C:\ST\STM32CubeIDE_1.13.1\STM32CubeIDE\plugins\com.st.stm32cube.common.mx_6.9.1.202307191849\\db\/plugins/mcufinder/images/
2026-07-30 08:29:52,102 [WARN] DbFile:41 - Overriding database path with different value: C:\Users\Admin\.stmcufinder\plugins\mcufinder/ => C:\Users\Admin\.stmcufinder\plugins\mcufinder
2026-07-30 08:29:52,102 [INFO] ApiDb:250 - Set database path to: C:\Users\Admin\.stmcufinder\plugins\mcufinder//mcu/
2026-07-30 08:29:52,102 [WARN] DbFile:41 - Overriding database path with different value: C:\Users\Admin\.stmcufinder\plugins\mcufinder/ => C:\Users\Admin\.stmcufinder\plugins\mcufinder
2026-07-30 08:29:52,102 [INFO] DbMcusAds:125 - Set database path to: C:\Users\Admin\.stmcufinder\plugins\mcufinder//mcu/
2026-07-30 08:29:52,102 [WARN] DbFile:41 - Overriding database path with different value: C:\Users\Admin\.stmcufinder\plugins\mcufinder/ => C:\Users\Admin\.stmcufinder\plugins\mcufinder
2026-07-30 08:29:52,102 [WARN] DbFile:41 - Overriding database path with different value: C:\Users\Admin\.stmcufinder\plugins\mcufinder/ => C:\Users\Admin\.stmcufinder\plugins\mcufinder
2026-07-30 08:29:52,102 [INFO] CrossReferenceDbSqlite:203 - Set database path to: C:\Users\Admin\.stmcufinder\plugins\mcufinder//mcu/cs/
2026-07-30 08:29:52,164 [INFO] MainPanel:262 - HeapMemory: 268435456
2026-07-30 08:29:52,240 [INFO] DbMcusXml:78 - Set database path to: C:\ST\STM32CubeIDE_1.13.1\STM32CubeIDE\plugins\com.st.stm32cube.common.mx_6.9.1.202307191849\\db\/mcu/
2026-07-30 08:29:52,240 [INFO] ApiDb:274 - Set plugin database path to: C:\ST\STM32CubeIDE_1.13.1\STM32CubeIDE\plugins\com.st.stm32cube.common.mx_6.9.1.202307191849\\db\/plugins/boardmanager/
2026-07-30 08:29:52,240 [INFO] ApiDb:261 - Set plugin images path to: C:\ST\STM32CubeIDE_1.13.1\STM32CubeIDE\plugins\com.st.stm32cube.common.mx_6.9.1.202307191849\\db\/plugins/mcufinder/images/
2026-07-30 08:29:52,241 [WARN] DbFile:41 - Overriding database path with different value: C:\Users\Admin\.stmcufinder\plugins\mcufinder/ => C:\Users\Admin\.stmcufinder\plugins\mcufinder
2026-07-30 08:29:52,241 [INFO] ApiDb:250 - Set database path to: C:\Users\Admin\.stmcufinder\plugins\mcufinder//mcu/
2026-07-30 08:29:52,241 [WARN] DbFile:41 - Overriding database path with different value: C:\Users\Admin\.stmcufinder\plugins\mcufinder/ => C:\Users\Admin\.stmcufinder\plugins\mcufinder
2026-07-30 08:29:52,241 [INFO] DbMcusAds:125 - Set database path to: C:\Users\Admin\.stmcufinder\plugins\mcufinder//mcu/
2026-07-30 08:29:52,241 [WARN] DbFile:41 - Overriding database path with different value: C:\Users\Admin\.stmcufinder\plugins\mcufinder/ => C:\Users\Admin\.stmcufinder\plugins\mcufinder
2026-07-30 08:29:52,241 [WARN] DbFile:41 - Overriding database path with different value: C:\Users\Admin\.stmcufinder\plugins\mcufinder/ => C:\Users\Admin\.stmcufinder\plugins\mcufinder
2026-07-30 08:29:52,241 [INFO] CrossReferenceDbSqlite:203 - Set database path to: C:\Users\Admin\.stmcufinder\plugins\mcufinder//mcu/cs/
2026-07-30 08:29:52,256 [INFO] ApplicationProperties:184 - Using Application install path: C:\ST\STM32CubeIDE_1.13.1\STM32CubeIDE\plugins\com.st.stm32cube.common.mx_6.9.1.202307191849
2026-07-30 08:29:52,258 [INFO] PluginManage:196 - Search for loadable plugins [exclusion list=, ]
2026-07-30 08:29:52,259 [INFO] PluginManage:310 - Check plugin analytics
2026-07-30 08:29:52,373 [INFO] AnalyticsPlugin:253 - Accepted Software Licenses: STM32CubeMX.6.18.0
2026-07-30 08:29:52,373 [INFO] AnalyticsPlugin:255 - Accepted CMSIS Pack Licenses: 
2026-07-30 08:29:52,373 [INFO] AnalyticsPlugin:257 - Accepted Firmware Licenses: FW.F4.1.27.0,FW.F4.1.28.0,FW.F4.1.28.3
2026-07-30 08:29:52,376 [INFO] PluginManage:359 - Loaded plugin analytics (category:tool,tabindex:-1)
2026-07-30 08:29:52,377 [INFO] PluginManage:310 - Check plugin cadmodel
2026-07-30 08:29:52,382 [INFO] CADModel:105 - Init CAD model plugin
2026-07-30 08:29:52,382 [INFO] PluginManage:359 - Loaded plugin cadmodel (category:power,tabindex:5)
2026-07-30 08:29:52,382 [INFO] PluginManage:310 - Check plugin clock
2026-07-30 08:29:52,392 [INFO] PluginManage:359 - Loaded plugin clock (category:base,tabindex:2)
2026-07-30 08:29:52,392 [INFO] PluginManage:310 - Check plugin ddr
2026-07-30 08:29:52,394 [INFO] PluginManage:359 - Loaded plugin ddr (category:tool,tabindex:6)
2026-07-30 08:29:52,394 [INFO] PluginManage:310 - Check plugin filemanager
2026-07-30 08:29:52,494 [INFO] PluginManage:359 - Loaded plugin filemanager (category:base,tabindex:10)
2026-07-30 08:29:52,494 [INFO] PluginManage:310 - Check plugin ipmanager
2026-07-30 08:29:52,499 [INFO] PluginManage:359 - Loaded plugin ipmanager (category:base,tabindex:5)
2026-07-30 08:29:52,499 [INFO] PluginManage:310 - Check plugin lpbam
2026-07-30 08:29:52,506 [INFO] PluginManage:359 - Loaded plugin lpbam (category:base,tabindex:0)
2026-07-30 08:29:52,506 [INFO] PluginManage:310 - Check plugin memorymap
2026-07-30 08:29:52,517 [INFO] PluginManage:359 - Loaded plugin memorymap (category:base,tabindex:4)
2026-07-30 08:29:52,517 [INFO] PluginManage:310 - Check plugin pinoutandconfiguration
2026-07-30 08:29:52,523 [INFO] PluginManage:359 - Loaded plugin pinoutandconfiguration (category:base,tabindex:1)
2026-07-30 08:29:52,523 [INFO] PluginManage:310 - Check plugin pinoutconfig
2026-07-30 08:29:52,590 [WARN] SupportedApi:132 - Cannot load RTOS API schema: s4s-elt-must-match.1: The content of 'definitions' must match (annotation?, (simpleType | complexType)?, (unique | key | keyref)*)). A problem was found starting at: attribute.
2026-07-30 08:29:52,699 [INFO] PluginManage:359 - Loaded plugin pinoutconfig (category:base,tabindex:0)
2026-07-30 08:29:52,699 [INFO] PluginManage:310 - Check plugin power
2026-07-30 08:29:52,708 [INFO] PluginManage:359 - Loaded plugin power (category:power,tabindex:4)
2026-07-30 08:29:52,708 [INFO] PluginManage:310 - Check plugin projectmanager
2026-07-30 08:29:52,718 [INFO] PluginManage:359 - Loaded plugin projectmanager (category:projectmanager,tabindex:3)
2026-07-30 08:29:52,718 [INFO] PluginManage:310 - Check plugin thirdparty
2026-07-30 08:29:52,830 [INFO] PluginManage:359 - Loaded plugin thirdparty (category:base,tabindex:-1)
2026-07-30 08:29:52,830 [WARN] IntegrityCheckThread:84 - waiting for thirdparty lock release [integrity check]
2026-07-30 08:29:52,831 [INFO] PluginManage:310 - Check plugin tools
2026-07-30 08:29:52,831 [INFO] IntegrityCheckThread:86 - entering critical section [integrity check]
2026-07-30 08:29:52,831 [INFO] ThirdPartyUpdaterWithRetryManager:70 - Updater plugin not ready yet. [1/15]
2026-07-30 08:29:52,833 [INFO] PluginManage:359 - Loaded plugin tools (category:base,tabindex:7)
2026-07-30 08:29:52,833 [INFO] PluginManage:310 - Check plugin tutovideos
2026-07-30 08:29:52,967 [INFO] PluginManage:359 - Loaded plugin tutovideos (category:base,tabindex:-1)
2026-07-30 08:29:52,967 [INFO] PluginManage:310 - Check plugin updater
2026-07-30 08:29:52,976 [INFO] PluginManage:359 - Loaded plugin updater (category:base,tabindex:12)
2026-07-30 08:29:52,976 [INFO] PluginManage:310 - Check plugin userauth
2026-07-30 08:29:52,981 [INFO] UserAuth:113 - Init User Auth plugin
2026-07-30 08:29:52,981 [INFO] PluginManage:359 - Loaded plugin userauth (category:base,tabindex:14)
2026-07-30 08:29:52,981 [INFO] PluginManage:283 - PluginManage : Loaded plugins [17]
2026-07-30 08:29:53,150 [INFO] PinOutPanel:1499 - setPackage(No Configuration,No Configuration)
2026-07-30 08:29:53,225 [INFO] CADModel:165 - CPN selected for project level
2026-07-30 08:29:53,225 [INFO] CADModel:114 - Register for checkConnection events
2026-07-30 08:29:53,239 [INFO] IPUIPlugin:80 - create IPUIPlugin
2026-07-30 08:29:53,239 [INFO] PluginManager:220 - loadIPPluginJar : add adc
2026-07-30 08:29:53,241 [INFO] IPUIPlugin:80 - create IPUIPlugin
2026-07-30 08:29:53,241 [INFO] PluginManager:220 - loadIPPluginJar : add aes
2026-07-30 08:29:53,243 [INFO] IPUIPlugin:80 - create IPUIPlugin
2026-07-30 08:29:53,243 [INFO] PluginManager:220 - loadIPPluginJar : add can
2026-07-30 08:29:53,245 [INFO] IPUIPlugin:80 - create IPUIPlugin
2026-07-30 08:29:53,245 [INFO] PluginManager:220 - loadIPPluginJar : add comp
2026-07-30 08:29:53,247 [INFO] IPUIPlugin:80 - create IPUIPlugin
2026-07-30 08:29:53,247 [INFO] PluginManager:220 - loadIPPluginJar : add cryp
2026-07-30 08:29:53,249 [INFO] IPUIPlugin:80 - create IPUIPlugin
2026-07-30 08:29:53,249 [INFO] PluginManager:220 - loadIPPluginJar : add dfsdm
2026-07-30 08:29:53,253 [INFO] IPUIPlugin:80 - create IPUIPlugin
2026-07-30 08:29:53,254 [INFO] PluginManager:220 - loadIPPluginJar : add dma
2026-07-30 08:29:53,255 [INFO] IPUIPlugin:80 - create IPUIPlugin
2026-07-30 08:29:53,255 [INFO] PluginManager:220 - loadIPPluginJar : add dma3
2026-07-30 08:29:53,256 [INFO] IPUIPlugin:80 - create IPUIPlugin
2026-07-30 08:29:53,256 [INFO] PluginManager:220 - loadIPPluginJar : add fatfs
2026-07-30 08:29:53,259 [INFO] IPUIPlugin:80 - create IPUIPlugin
2026-07-30 08:29:53,259 [INFO] PluginManager:220 - loadIPPluginJar : add fmc
2026-07-30 08:29:53,263 [INFO] IPUIPlugin:80 - create IPUIPlugin
2026-07-30 08:29:53,263 [INFO] PluginManager:220 - loadIPPluginJar : add freertos
2026-07-30 08:29:53,264 [INFO] IPUIPlugin:80 - create IPUIPlugin
2026-07-30 08:29:53,264 [INFO] PluginManager:220 - loadIPPluginJar : add genericplugin
2026-07-30 08:29:53,266 [INFO] IPUIPlugin:80 - create IPUIPlugin
2026-07-30 08:29:53,267 [INFO] PluginManager:220 - loadIPPluginJar : add gfxmmu
2026-07-30 08:29:53,269 [INFO] IPUIPlugin:80 - create IPUIPlugin
2026-07-30 08:29:53,269 [INFO] PluginManager:220 - loadIPPluginJar : add gic
2026-07-30 08:29:53,272 [INFO] IPUIPlugin:80 - create IPUIPlugin
2026-07-30 08:29:53,272 [INFO] PluginManager:220 - loadIPPluginJar : add gpio
2026-07-30 08:29:53,274 [INFO] IPUIPlugin:80 - create IPUIPlugin
2026-07-30 08:29:53,274 [INFO] PluginManager:220 - loadIPPluginJar : add gtzc
2026-07-30 08:29:53,276 [INFO] IPUIPlugin:80 - create IPUIPlugin
2026-07-30 08:29:53,276 [INFO] PluginManager:220 - loadIPPluginJar : add hash
2026-07-30 08:29:53,278 [INFO] IPUIPlugin:80 - create IPUIPlugin
2026-07-30 08:29:53,278 [INFO] PluginManager:220 - loadIPPluginJar : add i2c
2026-07-30 08:29:53,279 [INFO] IPUIPlugin:80 - create IPUIPlugin
2026-07-30 08:29:53,279 [INFO] PluginManager:220 - loadIPPluginJar : add i2s
2026-07-30 08:29:53,281 [INFO] IPUIPlugin:80 - create IPUIPlugin
2026-07-30 08:29:53,281 [INFO] PluginManager:220 - loadIPPluginJar : add i3c
2026-07-30 08:29:53,283 [INFO] IPUIPlugin:80 - create IPUIPlugin
2026-07-30 08:29:53,283 [INFO] PluginManager:220 - loadIPPluginJar : add ipddr
2026-07-30 08:29:53,289 [INFO] IPUIPlugin:80 - create IPUIPlugin
2026-07-30 08:29:53,289 [INFO] PluginManager:220 - loadIPPluginJar : add linkedlist
2026-07-30 08:29:53,291 [INFO] IPUIPlugin:80 - create IPUIPlugin
2026-07-30 08:29:53,291 [INFO] PluginManager:220 - loadIPPluginJar : add lorawan
2026-07-30 08:29:53,292 [INFO] IPUIPlugin:80 - create IPUIPlugin
2026-07-30 08:29:53,292 [INFO] PluginManager:220 - loadIPPluginJar : add ltdc
2026-07-30 08:29:53,297 [INFO] IPUIPlugin:80 - create IPUIPlugin
2026-07-30 08:29:53,297 [INFO] PluginManager:220 - loadIPPluginJar : add mdma
2026-07-30 08:29:53,300 [INFO] IPUIPlugin:80 - create IPUIPlugin
2026-07-30 08:29:53,300 [INFO] PluginManager:220 - loadIPPluginJar : add nvic
2026-07-30 08:29:53,302 [INFO] IPUIPlugin:80 - create IPUIPlugin
2026-07-30 08:29:53,302 [INFO] PluginManager:220 - loadIPPluginJar : add opamp
2026-07-30 08:29:53,304 [INFO] IPUIPlugin:80 - create IPUIPlugin
2026-07-30 08:29:53,304 [INFO] PluginManager:220 - loadIPPluginJar : add openamp
2026-07-30 08:29:53,306 [INFO] IPUIPlugin:80 - create IPUIPlugin
2026-07-30 08:29:53,307 [INFO] PluginManager:220 - loadIPPluginJar : add pdm2pcm
2026-07-30 08:29:53,311 [INFO] IPUIPlugin:80 - create IPUIPlugin
2026-07-30 08:29:53,313 [INFO] PluginManager:220 - loadIPPluginJar : add plateformsettings
2026-07-30 08:29:53,315 [INFO] IPUIPlugin:80 - create IPUIPlugin
2026-07-30 08:29:53,315 [INFO] PluginManager:220 - loadIPPluginJar : add quadspi
2026-07-30 08:29:53,318 [INFO] IPUIPlugin:80 - create IPUIPlugin
2026-07-30 08:29:53,318 [INFO] PluginManager:220 - loadIPPluginJar : add resmgrutility
2026-07-30 08:29:53,320 [INFO] IPUIPlugin:80 - create IPUIPlugin
2026-07-30 08:29:53,320 [INFO] PluginManager:220 - loadIPPluginJar : add sai
2026-07-30 08:29:53,322 [INFO] IPUIPlugin:80 - create IPUIPlugin
2026-07-30 08:29:53,322 [INFO] PluginManager:220 - loadIPPluginJar : add spi
2026-07-30 08:29:53,325 [INFO] IPUIPlugin:80 - create IPUIPlugin
2026-07-30 08:29:53,325 [INFO] PluginManager:220 - loadIPPluginJar : add stm32_wpan
2026-07-30 08:29:53,326 [INFO] IPUIPlugin:80 - create IPUIPlugin
2026-07-30 08:29:53,326 [INFO] PluginManager:220 - loadIPPluginJar : add tim
2026-07-30 08:29:53,329 [INFO] IPUIPlugin:80 - create IPUIPlugin
2026-07-30 08:29:53,329 [INFO] PluginManager:220 - loadIPPluginJar : add touchsensing
2026-07-30 08:29:53,330 [INFO] IPUIPlugin:80 - create IPUIPlugin
2026-07-30 08:29:53,330 [INFO] PluginManager:220 - loadIPPluginJar : add tracer_emb
2026-07-30 08:29:53,331 [INFO] IPUIPlugin:80 - create IPUIPlugin
2026-07-30 08:29:53,331 [INFO] PluginManager:220 - loadIPPluginJar : add ts
2026-07-30 08:29:53,332 [INFO] IPUIPlugin:80 - create IPUIPlugin
2026-07-30 08:29:53,332 [INFO] PluginManager:220 - loadIPPluginJar : add tsc
2026-07-30 08:29:53,333 [INFO] IPUIPlugin:80 - create IPUIPlugin
2026-07-30 08:29:53,333 [INFO] PluginManager:220 - loadIPPluginJar : add ucpd
2026-07-30 08:29:53,335 [INFO] IPUIPlugin:80 - create IPUIPlugin
2026-07-30 08:29:53,335 [INFO] PluginManager:220 - loadIPPluginJar : add usart
2026-07-30 08:29:53,337 [INFO] IPUIPlugin:80 - create IPUIPlugin
2026-07-30 08:29:53,337 [INFO] PluginManager:220 - loadIPPluginJar : add usbx
2026-07-30 08:29:53,448 [INFO] CADModel:165 - CPN selected for project level
2026-07-30 08:29:53,449 [INFO] CADModel:114 - Register for checkConnection events
2026-07-30 08:29:53,449 [FATAL] Updater:308 - Updater called before beeing initialized
2026-07-30 08:29:53,449 [ERROR] CADModel:125 - Updater not yet initialized, retry later 
2026-07-30 08:29:53,566 [INFO] CADModel:165 - CPN selected for project level
2026-07-30 08:29:53,566 [INFO] CADModel:114 - Register for checkConnection events
2026-07-30 08:29:53,566 [FATAL] Updater:308 - Updater called before beeing initialized
2026-07-30 08:29:53,567 [ERROR] CADModel:125 - Updater not yet initialized, retry later 
2026-07-30 08:29:53,569 [FATAL] Updater:308 - Updater called before beeing initialized
2026-07-30 08:29:53,644 [FATAL] Updater:308 - Updater called before beeing initialized
2026-07-30 08:29:53,648 [INFO] DbMcusAds:53 - JSON generation date=Wed Jul 15 16:46:00 GMT+07:00 2026 (1784108760991)
2026-07-30 08:29:53,648 [FATAL] Updater:308 - Updater called before beeing initialized
2026-07-30 08:29:53,680 [WARN] DetailPanel:346 - Failed to get advertising image, set to default
2026-07-30 08:29:53,774 [FATAL] Updater:308 - Updater called before beeing initialized
2026-07-30 08:29:53,776 [FATAL] Updater:308 - Updater called before beeing initialized
2026-07-30 08:29:53,776 [FATAL] Updater:308 - Updater called before beeing initialized
2026-07-30 08:29:53,776 [WARN] DetailPanel:346 - Failed to get advertising image, set to default
2026-07-30 08:29:53,776 [FATAL] Updater:308 - Updater called before beeing initialized
2026-07-30 08:29:53,811 [ERROR] Updater:1120 - MainUpdater not yet initialized. External WinMGr cannot be set.
2026-07-30 08:29:53,813 [INFO] Updater:1056 - Updater Version found : 6.9.1
2026-07-30 08:29:53,830 [INFO] ApplicationProperties:184 - Using Application install path: C:\ST\STM32CubeIDE_1.13.1\STM32CubeIDE\plugins\com.st.stm32cube.common.mx_6.9.1.202307191849
2026-07-30 08:29:54,270 [INFO] MainUpdater:2868 - connection check result : 10
2026-07-30 08:29:54,271 [INFO] MainUpdater:285 - Updater Check For Update Now.
2026-07-30 08:29:54,271 [INFO] MicroXplorer:498 - Change Database Version : DB.6.0.91
2026-07-30 08:29:54,278 [INFO] McuFinderGlobals:63 - Set McuFinder mode to 2 (CubeIDE integrated)
2026-07-30 08:29:54,278 [INFO] UserAuth:179 - activating auth plugin
2026-07-30 08:29:54,280 [INFO] UserAuth:393 - Internet connection configuration mode: 1
2026-07-30 08:29:54,303 [INFO] JxBrowserEngine:151 - Initiate JxBrowser Engine with user profile folder
2026-07-30 08:29:54,443 [INFO] CheckServerUpdateThread:120 - End of CheckServer Thread
2026-07-30 08:29:54,872 [INFO] WebApp:157 - Instantiating new browser for Auth
2026-07-30 08:29:55,266 [INFO] WebApp:753 - Register for checkConnection events
2026-07-30 08:29:55,266 [INFO] WebApp:390 - Apply proxy settings
2026-07-30 08:29:55,266 [INFO] WebApp:475 - Chromium requires no authentication
2026-07-30 08:29:55,272 [INFO] WebApp:418 - Direct internet connection detected
2026-07-30 08:29:55,407 [INFO] WebApp:188 - Starting web application
2026-07-30 08:29:55,407 [INFO] WebApp:520 - Web application path used C:\ST\STM32CubeIDE_1.13.1\STM32CubeIDE\plugins\com.st.stm32cube.common.mx_6.9.1.202307191849\db\plugins\mcufinder\reactClient1\index.html
2026-07-30 08:29:55,993 [WARN] PackLoader:240 - Cannot read IP mode file for STMicroelectronics.FP-ATR-ASTRA1.2.0.3
2026-07-30 08:29:55,997 [WARN] PackLoader:240 - Cannot read IP mode file for STMicroelectronics.FP-ATR-ASTRA1.2.0.2
2026-07-30 08:29:56,001 [ERROR] Engine:466 - C:\Users\Admin\.stm32cubemx\thirdparties\pdsc\STMicroelectronics.X-CUBE-SMBUS.2.1.1.pdsc: PDSC version is not supported
2026-07-30 08:29:56,005 [WARN] PackLoader:240 - Cannot read IP mode file for STMicroelectronics.X-CUBE-SMBUS.2.1.0
2026-07-30 08:29:56,028 [WARN] PackLoader:240 - Cannot read IP mode file for STMicroelectronics.X-CUBE-AZRTOS-F7.1.1.0
2026-07-30 08:29:56,035 [ERROR] Engine:466 - C:\Users\Admin\.stm32cubemx\thirdparties\pdsc\STMicroelectronics.X-CUBE-FREERTOS.1.6.0.pdsc: PDSC version is not supported
2026-07-30 08:29:56,056 [WARN] PackLoader:240 - Cannot read IP mode file for STMicroelectronics.X-CUBE-AZRTOS-H7RS.1.3.0
2026-07-30 08:29:56,065 [ERROR] Engine:466 - C:\Users\Admin\.stm32cubemx\thirdparties\pdsc\WES.I-CUBE-Cesium.1.4.0.pdsc: PDSC version is not supported
2026-07-30 08:29:56,072 [WARN] PackLoader:240 - Cannot read IP mode file for STMicroelectronics.X-CUBE-DISPLAY.3.0.0
2026-07-30 08:29:56,081 [WARN] PackLoader:240 - Cannot read IP mode file for wolfSSL.I-CUBE-wolfSSL.5.9.1
2026-07-30 08:29:56,086 [WARN] PackLoader:240 - Cannot read IP mode file for emotas.I-CUBE-CANOPEN.1.3.0
2026-07-30 08:29:56,089 [ERROR] Engine:466 - C:\Users\Admin\.stm32cubemx\thirdparties\pdsc\STMicroelectronics.X-CUBE-WBA.1.1.0.pdsc: PDSC version is not supported
2026-07-30 08:29:56,098 [INFO] LogOutputStream:77 - [STDOUT_REDIRECT] 1 : Invalid condition id : UX_CORESTACK_Condition cause : null
2026-07-30 08:29:56,099 [INFO] LogOutputStream:77 - [STDOUT_REDIRECT] 1 : Invalid condition id : UX_CORESTACK_Condition cause : null
2026-07-30 08:29:56,100 [INFO] LogOutputStream:77 - [STDOUT_REDIRECT] 1 : Invalid condition id : UX_CORESTACK_Condition cause : null
2026-07-30 08:29:56,101 [INFO] LogOutputStream:77 - [STDOUT_REDIRECT] 1 : Invalid condition id : UX_CORESTACK_Condition cause : null
2026-07-30 08:29:56,102 [INFO] LogOutputStream:77 - [STDOUT_REDIRECT] 1 : Invalid condition id : UX_CORESTACK_Condition cause : null
2026-07-30 08:29:56,104 [WARN] PackLoader:240 - Cannot read IP mode file for STMicroelectronics.X-CUBE-AZRTOS-WL.2.0.0
2026-07-30 08:29:56,124 [WARN] PackLoader:240 - Cannot read IP mode file for STMicroelectronics.X-CUBE-AZRTOS-H7RS.1.2.0
2026-07-30 08:29:56,135 [WARN] PackLoader:240 - Cannot read IP mode file for STMicroelectronics.X-CUBE-BLE2.3.3.0
2026-07-30 08:29:56,138 [ERROR] Engine:466 - C:\Users\Admin\.stm32cubemx\thirdparties\pdsc\Avnet-IOTCONNECT.X-CUBE-iotc-st67-sdk.1.0.0.pdsc: PDSC version is not supported
2026-07-30 08:29:56,142 [ERROR] Engine:466 - C:\Users\Admin\.stm32cubemx\thirdparties\pdsc\Infineon.AIROC-Wi-Fi-Bluetooth-STM32.1.8.0.pdsc: PDSC version is not supported
2026-07-30 08:29:56,146 [WARN] PackLoader:240 - Cannot read IP mode file for wolfSSL.I-CUBE-wolfMQTT.1.19.2
2026-07-30 08:29:56,158 [WARN] PackLoader:240 - Cannot read IP mode file for STMicroelectronics.X-CUBE-AZRTOS-G0.1.1.0
2026-07-30 08:29:56,165 [WARN] PackLoader:240 - Cannot read IP mode file for STMicroelectronics.X-CUBE-NFC4.3.0.0
2026-07-30 08:29:56,169 [ERROR] Engine:466 - C:\Users\Admin\.stm32cubemx\thirdparties\pdsc\EmbeddedOffice.I-CUBE-FS-RTOS.1.0.1.pdsc: PDSC version is not supported
2026-07-30 08:29:56,172 [WARN] PackLoader:240 - Cannot read IP mode file for wolfSSL.I-CUBE-wolfTPM.3.8.0
2026-07-30 08:29:56,174 [ERROR] Engine:466 - C:\Users\Admin\.stm32cubemx\thirdparties\pdsc\RealThread.X-CUBE-RT-Thread_Nano.4.1.1.pdsc: PDSC version is not supported
2026-07-30 08:29:56,178 [WARN] PackLoader:240 - Cannot read IP mode file for STMicroelectronics.FP-ATR-SIGFOX1.3.2.0
2026-07-30 08:29:56,181 [ERROR] Engine:466 - C:\Users\Admin\.stm32cubemx\thirdparties\pdsc\STMicroelectronics.X-CUBE-FREERTOS.1.5.0.pdsc: PDSC version is not supported
2026-07-30 08:29:56,186 [WARN] PackLoader:240 - Cannot read IP mode file for ITTIA_DB.I-CUBE-ITTIADB.8.9.0
2026-07-30 08:29:56,188 [ERROR] Engine:466 - C:\Users\Admin\.stm32cubemx\thirdparties\pdsc\Cesanta.I-CUBE-Mongoose.7.21.7.pdsc: PDSC version is not supported
2026-07-30 08:29:56,192 [WARN] PackLoader:240 - Cannot read IP mode file for STMicroelectronics.X-CUBE-AI.10.2.1
2026-07-30 08:29:56,233 [WARN] PackLoader:240 - Cannot read IP mode file for STMicroelectronics.X-CUBE-MEMS1.12.1.0
2026-07-30 08:29:56,333 [WARN] PackLoader:240 - Cannot read IP mode file for SEGGER.I-CUBE-embOS.1.3.1
2026-07-30 08:29:56,362 [WARN] PackLoader:240 - Cannot read IP mode file for STMicroelectronics.X-CUBE-ALGOBUILD.1.4.0
2026-07-30 08:29:56,368 [WARN] PackLoader:240 - Cannot read IP mode file for STMicroelectronics.X-CUBE-NFC13.1.0.0
2026-07-30 08:29:56,383 [WARN] PackLoader:240 - Cannot read IP mode file for STMicroelectronics.X-CUBE-AZRTOS-F4.1.1.0
2026-07-30 08:29:56,394 [ERROR] Engine:466 - C:\Users\Admin\.stm32cubemx\thirdparties\pdsc\STMicroelectronics.eDS-WB_DPC_TT-BIDIR.2.1.1.pdsc: PDSC version is not supported
2026-07-30 08:29:56,401 [WARN] PackLoader:240 - Cannot read IP mode file for STMicroelectronics.X-CUBE-ALGOBUILD.1.5.0
2026-07-30 08:29:56,454 [WARN] PackLoader:240 - Cannot read IP mode file for STMicroelectronics.X-CUBE-MEMS1.13.0.0
2026-07-30 08:29:56,547 [ERROR] Engine:466 - C:\Users\Admin\.stm32cubemx\thirdparties\pdsc\STMicroelectronics.eDS-WB_DPC_3PH2L-BIDIR.1.1.1.pdsc: PDSC version is not supported
2026-07-30 08:29:56,553 [WARN] PackLoader:240 - Cannot read IP mode file for STMicroelectronics.X-CUBE-TOUCHGFX.4.26.1
2026-07-30 08:29:56,565 [WARN] ConditionMgr:438 - getConditionDescription Invalid condition id : LAN8742 Phy interface Condition cause : null
2026-07-30 08:29:56,566 [WARN] PackLoader:240 - Cannot read IP mode file for STMicroelectronics.X-CUBE-AZRTOS-L4.2.0.0
2026-07-30 08:29:56,567 [WARN] ConditionMgr:1039 - genDependencies : Invalid condition id : LAN8742 Phy interface Condition cause : null
2026-07-30 08:29:56,568 [WARN] ConditionMgr:1039 - genDependencies : Invalid condition id : LAN8742 Phy interface Condition cause : null
2026-07-30 08:29:56,568 [WARN] ConditionMgr:1039 - genDependencies : Invalid condition id : LAN8742 Phy interface Condition cause : null
2026-07-30 08:29:56,578 [WARN] PackLoader:240 - Cannot read IP mode file for STMicroelectronics.X-CUBE-SFXS2LP1.4.0.0
2026-07-30 08:29:56,581 [ERROR] Engine:466 - C:\Users\Admin\.stm32cubemx\thirdparties\pdsc\quantropi.X-CUBE-qispace-sdk-base.2.1.0.pdsc: PDSC version is not supported
2026-07-30 08:29:56,589 [WARN] PackLoader:240 - Cannot read IP mode file for STMicroelectronics.X-CUBE-SUBG2.5.0.0
2026-07-30 08:29:56,608 [WARN] PackLoader:240 - Cannot read IP mode file for STMicroelectronics.X-CUBE-AZRTOS-G4.2.0.0
2026-07-30 08:29:56,615 [WARN] PackLoader:240 - Cannot read IP mode file for wolfSSL.I-CUBE-wolfSSH.1.4.20
2026-07-30 08:29:56,617 [INFO] ThirdParty:978 - Integrity check success = true
2026-07-30 08:29:56,617 [INFO] IntegrityCheckThread:100 - exiting critical section [integrity check]
2026-07-30 08:29:56,617 [INFO] IntegrityCheckThread:103 - End integrity checks thread
2026-07-30 08:30:16,013 [ERROR] LogOutputStream:75 - [STDERR_REDIRECT] SLF4J: Failed to load class "org.slf4j.impl.StaticLoggerBinder".
2026-07-30 08:30:16,013 [ERROR] LogOutputStream:75 - [STDERR_REDIRECT] SLF4J: Defaulting to no-operation (NOP) logger implementation
2026-07-30 08:30:16,014 [ERROR] LogOutputStream:75 - [STDERR_REDIRECT] SLF4J: See http://www.slf4j.org/codes.html#StaticLoggerBinder for further details.
