2026-08-06 02:07:16,424 [INFO] MainUpdater:2868 - connection check result : 10
2026-08-06 02:07:16,441 [INFO] McuFinderGlobals:76 - Set McuFinderConnectedMode to true
2026-08-06 02:07:16,784 [INFO] ServerAccessManage:473 - Download File mcusAds.json._tmp_
2026-08-06 02:07:16,894 [INFO] LoadUrlFilesThread:156 - End of LoadUrlFiles Thread
2026-08-06 02:07:17,215 [INFO] ServerAccessManage:473 - Download File cube-finder-db.zip
2026-08-06 02:07:22,845 [INFO] FileExtend:240 - Unzip File : cube-finder-db.zip
2026-08-06 02:07:22,845 [INFO] FileExtend:255 - Standard Zip Deflate
2026-08-06 02:07:23,385 [INFO] LoadUrlFilesThread:156 - End of LoadUrlFiles Thread
2026-08-06 02:07:44,625 [ERROR] ServerAccessManage:1172 - Problem during Server Connection :  IO error Connection timed out: no further information
2026-08-06 02:07:44,625 [ERROR] ServerAccessManage:651 - Problem during Server Connection :  : crdb.zip.
2026-08-06 02:07:47,748 [INFO] LoadUrlFilesThread:156 - End of LoadUrlFiles Thread
2026-08-06 02:07:49,174 [INFO] DbMcusAds:53 - JSON generation date=Wed Jul 15 16:44:54 GMT+07:00 2026 (1784108694001)
2026-08-06 02:07:49,176 [INFO] ApiDb:448 - Save user favorites file C:\Users\Admin/.stm32cubeide/favorites.mcus.txt: 4 item(s)
2026-08-06 02:07:49,176 [INFO] ApiDb:452 - User favorites MCUs=[STM32F103C8T6, STM32F405RGT6, STM32F411CEU6, STM32H523CET6]
2026-08-06 02:07:49,178 [INFO] ApiDb:581 - Connected to CubeFinder SQLite database (C:\Users\Admin\.stmcufinder\plugins\mcufinder\mcu\cube-finder-db.db)
2026-08-06 02:07:49,236 [INFO] ApiDb:668 - CubeFinder database Data Model version=2.1
2026-08-06 02:07:49,236 [INFO] ApiDb:669 - CubeFinder database Configuration version=3.0.42
2026-08-06 02:07:49,236 [INFO] ApiDb:670 - CubeFinder database generation date=2026-06-23 (1782213372)
2026-08-06 02:07:49,236 [INFO] ApiDb:671 - CubeFinder database FW Pack versions=[FP-ATR-ASTRA1_V2.0.0, FP-SNS-FLIGHT1_V5.1.0, FP-SNS-MOTENV1_V5.1.0, FP-SNS-MOTENVWB1_V1.5.0, FP-SNS-SMARTAG2_V1.2.0, FP-SNS-STBOX1_V2.1.0, STM32Cube_FW_C0_V1.4.0, STM32Cube_FW_F4_V1.28.3, STM32Cube_FW_F7_V1.17.4, STM32Cube_FW_G0_V1.6.3, STM32Cube_FW_G4_V1.6.2, STM32Cube_FW_H5_V1.7.0, STM32Cube_FW_H7RS_V1.3.0, STM32Cube_FW_H7_V1.13.0, STM32Cube_FW_L0_V1.12.2, STM32Cube_FW_L4_V1.18.2, STM32Cube_FW_L5_V1.6.0, STM32Cube_FW_N6_V1.4.0, STM32Cube_FW_U0_V1.3.0, STM32Cube_FW_U3_V1.4.0, STM32Cube_FW_U5_V1.9.0, STM32Cube_FW_WB0_V1.5.0, STM32Cube_FW_WBA_V1.10.0, STM32Cube_FW_WB_V1.24.0, STM32Cube_FW_WL3_V1.5.0, STM32Cube_FW_WL_V1.6.0, X-CUBE-ALGOBUILD_V1.5.0, X-CUBE-ALS_V1.0.2, X-CUBE-AZRTOS-F4_V1.1.0, X-CUBE-AZRTOS-F7_V1.1.0, X-CUBE-AZRTOS-G0_V1.1.0, X-CUBE-AZRTOS-G4_V2.0.0, X-CUBE-AZRTOS-H7RS_V1.1.0, X-CUBE-AZRTOS-H7_V3.5.0, X-CUBE-AZRTOS-L4_V2.0.0, X-CUBE-AZRTOS-L5_V2.0.0, X-CUBE-AZRTOS-WB_V2.0.0, X-CUBE-AZRTOS-WL_V2.0.0, X-CUBE-BLE1_V7.1.0, X-CUBE-BLE2_V3.3.0, X-CUBE-BLEMGR_V4.1.0, X-CUBE-EEPRMA1_V5.2.0, X-CUBE-FREERTOS_V1.5.0, X-CUBE-GNSS1_V7.1.1, X-CUBE-MEMS1_V12.1.0, X-CUBE-NFC4_V3.0.0, X-CUBE-NFC7_V2.0.0, X-CUBE-SFXS2LP1_V4.0.0, X-CUBE-ST67W61_V1.3.0, X-CUBE-SUBG2_V5.0.0, X-CUBE-TOF1_V3.4.3]
2026-08-06 02:07:51,360 [INFO] ApiDb:240 - Found 323 in-development CPN: [B-G473E-ZEST1S, B-WB1M-WPAN1, B-WL5M-SUBG1, NUCLEO-C031C6, NUCLEO-H503RB, NUCLEO-H563ZI, NUCLEO-U545RE-Q, NUCLEO-U5A5ZJ-Q, NUCLEO-WBA52CG, STEVAL-PROTEUS1, STEVAL-SMARTAG2, STEVAL-STWINBX1, STM320518-EVAL, STM32C0116-DK, STM32C011D6Y3TR, STM32C011D6Y6TR, STM32C011F4P3, STM32C011F4P6, STM32C011F4U3, STM32C011F4U6TR, STM32C011F6P3, STM32C011F6P6, STM32C011F6U3, STM32C011F6U6TR, STM32C011J4M3, STM32C011J4M6, STM32C011J6M3, STM32C011J6M6, STM32C0316-DK, STM32C031C4T3, STM32C031C4T6, STM32C031C4U3, STM32C031C4U6, STM32C031C6T3, STM32C031C6T6, STM32C031C6U3, STM32C031C6U6, STM32C031F4P3, STM32C031F4P6, STM32C031F6P3, STM32C031F6P6, STM32C031G4U3, STM32C031G4U6, STM32C031G6U3, STM32C031G6U6, STM32C031K4T3, STM32C031K4T6, STM32C031K4U3, STM32C031K4U6, STM32C031K6T3, STM32C031K6T6, STM32C031K6U3, STM32C031K6U6, STM32G071K8TXN, STM32G071K8UXN, STM32G081GBU6N, STM32G081KBT6N, STM32G081KBUXN, STM32G0B1CCT6N, STM32G0B1KCT6, STM32G0B1NEY6TR, STM32G0B1RCT6N, STM32G0C1CCT6, STM32G0C1CCT6N, STM32G0C1CCU6N, STM32G0C1CET6N, STM32G0C1CEU6N, STM32G0C1KCT6, STM32G0C1NEY6TR, STM32G0C1RCI6N, STM32G0C1RCT6N, STM32G0C1REI6N, STM32G0C1RET6N, STM32G0C1VCI6, STM32G0C1VEI6, STM32G471CCT6, STM32G471CCU6, STM32G471CET3, STM32G471CET6, STM32G471CEU3, STM32G471CEU6, STM32G471MCT6, STM32G471MET3, STM32G471MET6, STM32G471MEY6TR, STM32G471QCT6, STM32G471QET3, STM32G471RCT6, STM32G471RET3, STM32G471RET6, STM32G471VCH6, STM32G471VCI6, STM32G471VCT6, STM32G471VEH3, STM32G471VEH6, STM32G471VEI3, STM32G471VEI6, STM32G471VET3, STM32G471VET6, STM32G474CCT6, STM32H503CBT6, STM32H503CBU6, STM32H503EBY6TR, STM32H503KBU6, STM32H503RBT6, STM32H562AGI6, STM32H562AII6, STM32H562IGK6, STM32H562IGT6, STM32H562IIK6, STM32H562IIT6, STM32H562RGT6, STM32H562RGV6, STM32H562RIT6, STM32H562RIV6, STM32H562VGT6, STM32H562VIT6, STM32H562ZGT6, STM32H562ZIT6, STM32H563AGI6, STM32H563AII3Q, STM32H563AII6, STM32H563IGK6, STM32H563IGT6, STM32H563IIK3Q, STM32H563IIK6, STM32H563IIT3Q, STM32H563IIT6, STM32H563MIY3QTR, STM32H563RGT6, STM32H563RGV6, STM32H563RIT6, STM32H563RIV6, STM32H563VGT6, STM32H563VIT3Q, STM32H563VIT6, STM32H563ZGT6, STM32H563ZIT3Q, STM32H563ZIT6, STM32H573AII3Q, STM32H573AII6, STM32H573I-DK, STM32H573IIK3Q, STM32H573IIK6, STM32H573IIT3Q, STM32H573IIT6, STM32H573MIY3QTR, STM32H573RIT6, STM32H573RIV6, STM32H573VIT3Q, STM32H573VIT6, STM32H573ZIT3Q, STM32H573ZIT6, STM32L4R5QGI6STR, STM32MP131AAE3, STM32MP131AAF3, STM32MP131AAG3, STM32MP131CAE3, STM32MP131CAF3, STM32MP131CAG3, STM32MP131DAE7, STM32MP131DAF7, STM32MP131DAG7, STM32MP131FAE7, STM32MP131FAF7, STM32MP131FAG7, STM32MP133AAE3, STM32MP133AAF3, STM32MP133AAG3, STM32MP133CAE3, STM32MP133CAF3, STM32MP133CAG3, STM32MP133DAE7, STM32MP133DAF7, STM32MP133DAG7, STM32MP133FAE7, STM32MP133FAF7, STM32MP133FAG7, STM32MP135AAE3, STM32MP135AAF3, STM32MP135AAG3, STM32MP135CAE3, STM32MP135CAF3, STM32MP135CAG3, STM32MP135DAE7, STM32MP135DAF7, STM32MP135DAG7, STM32MP135F-DK, STM32MP135FAE7, STM32MP135FAF7, STM32MP135FAF7T, STM32MP135FAF7U, STM32MP135FAG7, STM32U535CBT6, STM32U535CBT6Q, STM32U535CBU6, STM32U535CBU6Q, STM32U535CCT6, STM32U535CCT6Q, STM32U535CCU6, STM32U535CCU6Q, STM32U535CET6, STM32U535CET6Q, STM32U535CEU6, STM32U535CEU6Q, STM32U535JEY6QTR, STM32U535NCY6QTR, STM32U535NEY6QTR, STM32U535RBI6, STM32U535RBI6Q, STM32U535RBT6, STM32U535RBT6Q, STM32U535RCI6, STM32U535RCI6Q, STM32U535RCT6, STM32U535RCT6Q, STM32U535REI6, STM32U535REI6Q, STM32U535RET6, STM32U535RET6Q, STM32U535VCI6, STM32U535VCI6Q, STM32U535VCT6, STM32U535VCT6Q, STM32U535VEI6, STM32U535VEI6Q, STM32U535VET6, STM32U535VET6Q, STM32U545CET6, STM32U545CET6Q, STM32U545CEU6, STM32U545CEU6Q, STM32U545JEY6QTR, STM32U545NEY6QTR, STM32U545REI6, STM32U545REI6Q, STM32U545RET6, STM32U545RET6Q, STM32U545VEI6, STM32U545VEI6Q, STM32U545VET6, STM32U545VET6Q, STM32U595AIH6, STM32U595AIH6Q, STM32U595AJH6, STM32U595AJH6Q, STM32U595QII6, STM32U595QII6Q, STM32U595QJI6, STM32U595QJI6Q, STM32U595RIT6, STM32U595RIT6Q, STM32U595RJT6, STM32U595RJT6Q, STM32U595VIT6, STM32U595VIT6Q, STM32U595VJT6, STM32U595VJT6Q, STM32U595ZIT6, STM32U595ZIT6Q, STM32U595ZIY6QTR, STM32U595ZJT6, STM32U595ZJT6Q, STM32U595ZJY6QTR, STM32U599BJY6QTR, STM32U599NIH6Q, STM32U599NJH6Q, STM32U599VIT6Q, STM32U599VJT6, STM32U599VJT6Q, STM32U599ZIT6Q, STM32U599ZIY6QTR, STM32U599ZJT6Q, STM32U599ZJY6QTR, STM32U5A5AJH6, STM32U5A5AJH6Q, STM32U5A5QJI6, STM32U5A5QJI6Q, STM32U5A5RJT6, STM32U5A5RJT6Q, STM32U5A5VJT6, STM32U5A5VJT6Q, STM32U5A5ZJT6, STM32U5A5ZJT6Q, STM32U5A5ZJY6QTR, STM32U5A9BJY6QTR, STM32U5A9J-DK, STM32U5A9NJH6Q, STM32U5A9VJT6Q, STM32U5A9ZJT6Q, STM32U5A9ZJY6QTR, STM32U5F7VIT6, STM32U5F7VIT6Q, STM32U5F7VJT6, STM32U5F7VJT6Q, STM32U5F9BJY6QTR, STM32U5F9NJH6Q, STM32U5F9VIT6Q, STM32U5F9VJT6Q, STM32U5F9ZIJ6QTR, STM32U5F9ZIT6Q, STM32U5F9ZJJ6QTR, STM32U5F9ZJT6Q, STM32U5G7VJT6, STM32U5G7VJT6Q, STM32U5G9BJY6QTR, STM32U5G9J-DK1, STM32U5G9J-DK2, STM32U5G9NJH6Q, STM32U5G9VJT6Q, STM32U5G9ZJJ6QTR, STM32U5G9ZJT6Q, STM32WB1MMCH6, STM32WBA52CEU6, STM32WBA52CEU6T, STM32WBA52CGU6, STM32WBA52CGU6T, STM32WBA52KEU6, STM32WBA52KEU6T, STM32WBA52KGU6, STM32WBA52KGU6T, STM32WL5MOCH6, STM32WL5MOCH6TR]
2026-08-06 02:07:51,363 [INFO] DbMcus:217 - Found 5228 MCUs, 5075 are supported
2026-08-06 02:07:51,363 [INFO] ApiDb:423 - Load user favorites file C:\Users\Admin/.stm32cubeide/favorites.mcus.txt: 4 item(s)
2026-08-06 02:07:51,363 [INFO] ApiDb:427 - User favorites MCUs=[STM32F103C8T6, STM32F405RGT6, STM32F411CEU6, STM32H523CET6]
2026-08-06 02:07:51,363 [INFO] DbMcus:223 - Set 4 / 4 favorites MCUs
2026-08-06 02:07:51,653 [INFO] ApiDb:448 - Save user favorites file C:\Users\Admin/.stm32cubeide/favorites.boards.txt: 0 item(s)
2026-08-06 02:07:51,653 [INFO] ApiDb:452 - User favorites Boards=[]
2026-08-06 02:07:51,654 [INFO] ApiDb:581 - Connected to CubeFinder SQLite database (C:\Users\Admin\.stmcufinder\plugins\mcufinder\mcu\cube-finder-db.db)
2026-08-06 02:07:51,718 [INFO] ApiDb:668 - CubeFinder database Data Model version=2.1
2026-08-06 02:07:51,718 [INFO] ApiDb:669 - CubeFinder database Configuration version=3.0.42
2026-08-06 02:07:51,718 [INFO] ApiDb:670 - CubeFinder database generation date=2026-06-23 (1782213372)
2026-08-06 02:07:51,718 [INFO] ApiDb:671 - CubeFinder database FW Pack versions=[FP-ATR-ASTRA1_V2.0.0, FP-SNS-FLIGHT1_V5.1.0, FP-SNS-MOTENV1_V5.1.0, FP-SNS-MOTENVWB1_V1.5.0, FP-SNS-SMARTAG2_V1.2.0, FP-SNS-STBOX1_V2.1.0, STM32Cube_FW_C0_V1.4.0, STM32Cube_FW_F4_V1.28.3, STM32Cube_FW_F7_V1.17.4, STM32Cube_FW_G0_V1.6.3, STM32Cube_FW_G4_V1.6.2, STM32Cube_FW_H5_V1.7.0, STM32Cube_FW_H7RS_V1.3.0, STM32Cube_FW_H7_V1.13.0, STM32Cube_FW_L0_V1.12.2, STM32Cube_FW_L4_V1.18.2, STM32Cube_FW_L5_V1.6.0, STM32Cube_FW_N6_V1.4.0, STM32Cube_FW_U0_V1.3.0, STM32Cube_FW_U3_V1.4.0, STM32Cube_FW_U5_V1.9.0, STM32Cube_FW_WB0_V1.5.0, STM32Cube_FW_WBA_V1.10.0, STM32Cube_FW_WB_V1.24.0, STM32Cube_FW_WL3_V1.5.0, STM32Cube_FW_WL_V1.6.0, X-CUBE-ALGOBUILD_V1.5.0, X-CUBE-ALS_V1.0.2, X-CUBE-AZRTOS-F4_V1.1.0, X-CUBE-AZRTOS-F7_V1.1.0, X-CUBE-AZRTOS-G0_V1.1.0, X-CUBE-AZRTOS-G4_V2.0.0, X-CUBE-AZRTOS-H7RS_V1.1.0, X-CUBE-AZRTOS-H7_V3.5.0, X-CUBE-AZRTOS-L4_V2.0.0, X-CUBE-AZRTOS-L5_V2.0.0, X-CUBE-AZRTOS-WB_V2.0.0, X-CUBE-AZRTOS-WL_V2.0.0, X-CUBE-BLE1_V7.1.0, X-CUBE-BLE2_V3.3.0, X-CUBE-BLEMGR_V4.1.0, X-CUBE-EEPRMA1_V5.2.0, X-CUBE-FREERTOS_V1.5.0, X-CUBE-GNSS1_V7.1.1, X-CUBE-MEMS1_V12.1.0, X-CUBE-NFC4_V3.0.0, X-CUBE-NFC7_V2.0.0, X-CUBE-SFXS2LP1_V4.0.0, X-CUBE-ST67W61_V1.3.0, X-CUBE-SUBG2_V5.0.0, X-CUBE-TOF1_V3.4.3]
2026-08-06 02:07:51,756 [INFO] DbBoardsSqlite:226 - include board P-NUCLEO-WB55-NUCLEO as a kit item of type 'Nucleo-64'
2026-08-06 02:07:51,756 [INFO] DbBoardsSqlite:226 - include board P-NUCLEO-WB55-USBDONGLE as a kit item of type 'Nucleo USB Dongle'
2026-08-06 02:07:51,756 [INFO] DbBoardsSqlite:226 - include board STEVAL-IDP005V1 as a kit item of type 'Evaluation Board'
2026-08-06 02:07:51,756 [INFO] DbBoardsSqlite:226 - include board STEVAL-IDP005V2 as a kit item of type 'Evaluation Board'
2026-08-06 02:07:51,815 [INFO] ApiDb:240 - Found 323 in-development CPN: [B-G473E-ZEST1S, B-WB1M-WPAN1, B-WL5M-SUBG1, NUCLEO-C031C6, NUCLEO-H503RB, NUCLEO-H563ZI, NUCLEO-U545RE-Q, NUCLEO-U5A5ZJ-Q, NUCLEO-WBA52CG, STEVAL-PROTEUS1, STEVAL-SMARTAG2, STEVAL-STWINBX1, STM320518-EVAL, STM32C0116-DK, STM32C011D6Y3TR, STM32C011D6Y6TR, STM32C011F4P3, STM32C011F4P6, STM32C011F4U3, STM32C011F4U6TR, STM32C011F6P3, STM32C011F6P6, STM32C011F6U3, STM32C011F6U6TR, STM32C011J4M3, STM32C011J4M6, STM32C011J6M3, STM32C011J6M6, STM32C0316-DK, STM32C031C4T3, STM32C031C4T6, STM32C031C4U3, STM32C031C4U6, STM32C031C6T3, STM32C031C6T6, STM32C031C6U3, STM32C031C6U6, STM32C031F4P3, STM32C031F4P6, STM32C031F6P3, STM32C031F6P6, STM32C031G4U3, STM32C031G4U6, STM32C031G6U3, STM32C031G6U6, STM32C031K4T3, STM32C031K4T6, STM32C031K4U3, STM32C031K4U6, STM32C031K6T3, STM32C031K6T6, STM32C031K6U3, STM32C031K6U6, STM32G071K8TXN, STM32G071K8UXN, STM32G081GBU6N, STM32G081KBT6N, STM32G081KBUXN, STM32G0B1CCT6N, STM32G0B1KCT6, STM32G0B1NEY6TR, STM32G0B1RCT6N, STM32G0C1CCT6, STM32G0C1CCT6N, STM32G0C1CCU6N, STM32G0C1CET6N, STM32G0C1CEU6N, STM32G0C1KCT6, STM32G0C1NEY6TR, STM32G0C1RCI6N, STM32G0C1RCT6N, STM32G0C1REI6N, STM32G0C1RET6N, STM32G0C1VCI6, STM32G0C1VEI6, STM32G471CCT6, STM32G471CCU6, STM32G471CET3, STM32G471CET6, STM32G471CEU3, STM32G471CEU6, STM32G471MCT6, STM32G471MET3, STM32G471MET6, STM32G471MEY6TR, STM32G471QCT6, STM32G471QET3, STM32G471RCT6, STM32G471RET3, STM32G471RET6, STM32G471VCH6, STM32G471VCI6, STM32G471VCT6, STM32G471VEH3, STM32G471VEH6, STM32G471VEI3, STM32G471VEI6, STM32G471VET3, STM32G471VET6, STM32G474CCT6, STM32H503CBT6, STM32H503CBU6, STM32H503EBY6TR, STM32H503KBU6, STM32H503RBT6, STM32H562AGI6, STM32H562AII6, STM32H562IGK6, STM32H562IGT6, STM32H562IIK6, STM32H562IIT6, STM32H562RGT6, STM32H562RGV6, STM32H562RIT6, STM32H562RIV6, STM32H562VGT6, STM32H562VIT6, STM32H562ZGT6, STM32H562ZIT6, STM32H563AGI6, STM32H563AII3Q, STM32H563AII6, STM32H563IGK6, STM32H563IGT6, STM32H563IIK3Q, STM32H563IIK6, STM32H563IIT3Q, STM32H563IIT6, STM32H563MIY3QTR, STM32H563RGT6, STM32H563RGV6, STM32H563RIT6, STM32H563RIV6, STM32H563VGT6, STM32H563VIT3Q, STM32H563VIT6, STM32H563ZGT6, STM32H563ZIT3Q, STM32H563ZIT6, STM32H573AII3Q, STM32H573AII6, STM32H573I-DK, STM32H573IIK3Q, STM32H573IIK6, STM32H573IIT3Q, STM32H573IIT6, STM32H573MIY3QTR, STM32H573RIT6, STM32H573RIV6, STM32H573VIT3Q, STM32H573VIT6, STM32H573ZIT3Q, STM32H573ZIT6, STM32L4R5QGI6STR, STM32MP131AAE3, STM32MP131AAF3, STM32MP131AAG3, STM32MP131CAE3, STM32MP131CAF3, STM32MP131CAG3, STM32MP131DAE7, STM32MP131DAF7, STM32MP131DAG7, STM32MP131FAE7, STM32MP131FAF7, STM32MP131FAG7, STM32MP133AAE3, STM32MP133AAF3, STM32MP133AAG3, STM32MP133CAE3, STM32MP133CAF3, STM32MP133CAG3, STM32MP133DAE7, STM32MP133DAF7, STM32MP133DAG7, STM32MP133FAE7, STM32MP133FAF7, STM32MP133FAG7, STM32MP135AAE3, STM32MP135AAF3, STM32MP135AAG3, STM32MP135CAE3, STM32MP135CAF3, STM32MP135CAG3, STM32MP135DAE7, STM32MP135DAF7, STM32MP135DAG7, STM32MP135F-DK, STM32MP135FAE7, STM32MP135FAF7, STM32MP135FAF7T, STM32MP135FAF7U, STM32MP135FAG7, STM32U535CBT6, STM32U535CBT6Q, STM32U535CBU6, STM32U535CBU6Q, STM32U535CCT6, STM32U535CCT6Q, STM32U535CCU6, STM32U535CCU6Q, STM32U535CET6, STM32U535CET6Q, STM32U535CEU6, STM32U535CEU6Q, STM32U535JEY6QTR, STM32U535NCY6QTR, STM32U535NEY6QTR, STM32U535RBI6, STM32U535RBI6Q, STM32U535RBT6, STM32U535RBT6Q, STM32U535RCI6, STM32U535RCI6Q, STM32U535RCT6, STM32U535RCT6Q, STM32U535REI6, STM32U535REI6Q, STM32U535RET6, STM32U535RET6Q, STM32U535VCI6, STM32U535VCI6Q, STM32U535VCT6, STM32U535VCT6Q, STM32U535VEI6, STM32U535VEI6Q, STM32U535VET6, STM32U535VET6Q, STM32U545CET6, STM32U545CET6Q, STM32U545CEU6, STM32U545CEU6Q, STM32U545JEY6QTR, STM32U545NEY6QTR, STM32U545REI6, STM32U545REI6Q, STM32U545RET6, STM32U545RET6Q, STM32U545VEI6, STM32U545VEI6Q, STM32U545VET6, STM32U545VET6Q, STM32U595AIH6, STM32U595AIH6Q, STM32U595AJH6, STM32U595AJH6Q, STM32U595QII6, STM32U595QII6Q, STM32U595QJI6, STM32U595QJI6Q, STM32U595RIT6, STM32U595RIT6Q, STM32U595RJT6, STM32U595RJT6Q, STM32U595VIT6, STM32U595VIT6Q, STM32U595VJT6, STM32U595VJT6Q, STM32U595ZIT6, STM32U595ZIT6Q, STM32U595ZIY6QTR, STM32U595ZJT6, STM32U595ZJT6Q, STM32U595ZJY6QTR, STM32U599BJY6QTR, STM32U599NIH6Q, STM32U599NJH6Q, STM32U599VIT6Q, STM32U599VJT6, STM32U599VJT6Q, STM32U599ZIT6Q, STM32U599ZIY6QTR, STM32U599ZJT6Q, STM32U599ZJY6QTR, STM32U5A5AJH6, STM32U5A5AJH6Q, STM32U5A5QJI6, STM32U5A5QJI6Q, STM32U5A5RJT6, STM32U5A5RJT6Q, STM32U5A5VJT6, STM32U5A5VJT6Q, STM32U5A5ZJT6, STM32U5A5ZJT6Q, STM32U5A5ZJY6QTR, STM32U5A9BJY6QTR, STM32U5A9J-DK, STM32U5A9NJH6Q, STM32U5A9VJT6Q, STM32U5A9ZJT6Q, STM32U5A9ZJY6QTR, STM32U5F7VIT6, STM32U5F7VIT6Q, STM32U5F7VJT6, STM32U5F7VJT6Q, STM32U5F9BJY6QTR, STM32U5F9NJH6Q, STM32U5F9VIT6Q, STM32U5F9VJT6Q, STM32U5F9ZIJ6QTR, STM32U5F9ZIT6Q, STM32U5F9ZJJ6QTR, STM32U5F9ZJT6Q, STM32U5G7VJT6, STM32U5G7VJT6Q, STM32U5G9BJY6QTR, STM32U5G9J-DK1, STM32U5G9J-DK2, STM32U5G9NJH6Q, STM32U5G9VJT6Q, STM32U5G9ZJJ6QTR, STM32U5G9ZJT6Q, STM32WB1MMCH6, STM32WBA52CEU6, STM32WBA52CEU6T, STM32WBA52CGU6, STM32WBA52CGU6T, STM32WBA52KEU6, STM32WBA52KEU6T, STM32WBA52KGU6, STM32WBA52KGU6T, STM32WL5MOCH6, STM32WL5MOCH6TR]
2026-08-06 02:07:51,828 [INFO] BoardInfo:880 - No configuration file found for board B-WBA5M-WPAN
2026-08-06 02:07:51,828 [INFO] DbBoards:157 - Board is not supported: B-WBA5M-WPAN
2026-08-06 02:07:51,831 [INFO] BoardInfo:880 - No configuration file found for board NUCLEO-C051C8
2026-08-06 02:07:51,831 [INFO] DbBoards:157 - Board is not supported: NUCLEO-C051C8
2026-08-06 02:07:51,831 [INFO] BoardInfo:880 - No configuration file found for board NUCLEO-C071RB
2026-08-06 02:07:51,831 [INFO] DbBoards:157 - Board is not supported: NUCLEO-C071RB
2026-08-06 02:07:51,832 [INFO] BoardInfo:880 - No configuration file found for board NUCLEO-C092RC
2026-08-06 02:07:51,832 [INFO] DbBoards:157 - Board is not supported: NUCLEO-C092RC
2026-08-06 02:07:51,860 [INFO] BoardInfo:880 - No configuration file found for board NUCLEO-H533RE
2026-08-06 02:07:51,860 [INFO] DbBoards:157 - Board is not supported: NUCLEO-H533RE
2026-08-06 02:07:51,861 [INFO] BoardInfo:880 - No configuration file found for board NUCLEO-H5E5ZJ
2026-08-06 02:07:51,861 [INFO] DbBoards:157 - Board is not supported: NUCLEO-H5E5ZJ
2026-08-06 02:07:51,867 [INFO] BoardInfo:880 - No configuration file found for board NUCLEO-H7S3L8
2026-08-06 02:07:51,867 [INFO] DbBoards:157 - Board is not supported: NUCLEO-H7S3L8
2026-08-06 02:07:51,912 [INFO] BoardInfo:880 - No configuration file found for board NUCLEO-N657X0-Q
2026-08-06 02:07:51,912 [INFO] DbBoards:157 - Board is not supported: NUCLEO-N657X0-Q
2026-08-06 02:07:51,913 [INFO] BoardInfo:880 - No configuration file found for board NUCLEO-U031R8
2026-08-06 02:07:51,913 [INFO] DbBoards:157 - Board is not supported: NUCLEO-U031R8
2026-08-06 02:07:51,914 [INFO] BoardInfo:880 - No configuration file found for board NUCLEO-U083RC
2026-08-06 02:07:51,914 [INFO] DbBoards:157 - Board is not supported: NUCLEO-U083RC
2026-08-06 02:07:51,915 [INFO] BoardInfo:880 - No configuration file found for board NUCLEO-U385RG-Q
2026-08-06 02:07:51,915 [INFO] DbBoards:157 - Board is not supported: NUCLEO-U385RG-Q
2026-08-06 02:07:51,916 [INFO] BoardInfo:880 - No configuration file found for board NUCLEO-U3C5ZI-Q
2026-08-06 02:07:51,916 [INFO] DbBoards:157 - Board is not supported: NUCLEO-U3C5ZI-Q
2026-08-06 02:07:51,919 [INFO] BoardInfo:880 - No configuration file found for board NUCLEO-WB05KZ
2026-08-06 02:07:51,919 [INFO] DbBoards:157 - Board is not supported: NUCLEO-WB05KZ
2026-08-06 02:07:51,920 [INFO] BoardInfo:880 - No configuration file found for board NUCLEO-WB07CC
2026-08-06 02:07:51,920 [INFO] DbBoards:157 - Board is not supported: NUCLEO-WB07CC
2026-08-06 02:07:51,920 [INFO] BoardInfo:880 - No configuration file found for board NUCLEO-WB09KE
2026-08-06 02:07:51,920 [INFO] DbBoards:157 - Board is not supported: NUCLEO-WB09KE
2026-08-06 02:07:51,923 [INFO] BoardInfo:880 - No configuration file found for board NUCLEO-WBA25CE1
2026-08-06 02:07:51,923 [INFO] DbBoards:157 - Board is not supported: NUCLEO-WBA25CE1
2026-08-06 02:07:51,924 [INFO] BoardInfo:880 - No configuration file found for board NUCLEO-WBA55CG
2026-08-06 02:07:51,925 [INFO] DbBoards:157 - Board is not supported: NUCLEO-WBA55CG
2026-08-06 02:07:51,925 [INFO] BoardInfo:880 - No configuration file found for board NUCLEO-WBA65RI
2026-08-06 02:07:51,925 [INFO] DbBoards:157 - Board is not supported: NUCLEO-WBA65RI
2026-08-06 02:07:51,926 [INFO] BoardInfo:880 - No configuration file found for board NUCLEO-WL33CC1
2026-08-06 02:07:51,926 [INFO] DbBoards:157 - Board is not supported: NUCLEO-WL33CC1
2026-08-06 02:07:51,927 [INFO] BoardInfo:880 - No configuration file found for board NUCLEO-WL33CC2
2026-08-06 02:07:51,927 [INFO] DbBoards:157 - Board is not supported: NUCLEO-WL33CC2
2026-08-06 02:07:51,928 [INFO] BoardInfo:880 - No configuration file found for board NUCLEO-WL3RKB1
2026-08-06 02:07:51,928 [INFO] DbBoards:157 - Board is not supported: NUCLEO-WL3RKB1
2026-08-06 02:07:51,928 [INFO] BoardInfo:880 - No configuration file found for board NUCLEO-WL3RKB2
2026-08-06 02:07:51,929 [INFO] DbBoards:157 - Board is not supported: NUCLEO-WL3RKB2
2026-08-06 02:07:51,933 [INFO] BoardInfo:880 - No configuration file found for board P-NUCLEO-WB55
2026-08-06 02:07:51,933 [INFO] DbBoards:157 - Kit is not supported: P-NUCLEO-WB55
2026-08-06 02:07:51,936 [INFO] BoardInfo:880 - No configuration file found for board STEVAL-BFA001V1B
2026-08-06 02:07:51,936 [INFO] DbBoards:157 - Kit is not supported: STEVAL-BFA001V1B
2026-08-06 02:07:51,937 [INFO] BoardInfo:880 - No configuration file found for board STEVAL-BFA001V2B
2026-08-06 02:07:51,937 [INFO] DbBoards:157 - Kit is not supported: STEVAL-BFA001V2B
2026-08-06 02:07:51,939 [INFO] BoardInfo:880 - No configuration file found for board STEVAL-MKBOXPRO
2026-08-06 02:07:51,939 [INFO] DbBoards:157 - Board is not supported: STEVAL-MKBOXPRO
2026-08-06 02:07:51,985 [INFO] BoardInfo:880 - No configuration file found for board STM32H5F5J-DK
2026-08-06 02:07:51,985 [INFO] DbBoards:157 - Board is not supported: STM32H5F5J-DK
2026-08-06 02:07:52,001 [INFO] BoardInfo:880 - No configuration file found for board STM32H7S78-DK
2026-08-06 02:07:52,001 [INFO] DbBoards:157 - Board is not supported: STM32H7S78-DK
2026-08-06 02:07:52,017 [INFO] BoardInfo:880 - No configuration file found for board STM32MP215F-DK
2026-08-06 02:07:52,017 [INFO] DbBoards:157 - Board is not supported: STM32MP215F-DK
2026-08-06 02:07:52,018 [INFO] BoardInfo:880 - No configuration file found for board STM32MP257F-DK
2026-08-06 02:07:52,018 [INFO] DbBoards:157 - Board is not supported: STM32MP257F-DK
2026-08-06 02:07:52,018 [INFO] BoardInfo:880 - No configuration file found for board STM32MP257F-EV1
2026-08-06 02:07:52,018 [INFO] DbBoards:157 - Board is not supported: STM32MP257F-EV1
2026-08-06 02:07:52,019 [INFO] BoardInfo:880 - No configuration file found for board STM32N6570-DK
2026-08-06 02:07:52,019 [INFO] DbBoards:157 - Board is not supported: STM32N6570-DK
2026-08-06 02:07:52,020 [INFO] BoardInfo:880 - No configuration file found for board STM32U083C-DK
2026-08-06 02:07:52,020 [INFO] DbBoards:157 - Board is not supported: STM32U083C-DK
2026-08-06 02:07:52,025 [INFO] BoardInfo:880 - No configuration file found for board STM32WBA55G-DK1
2026-08-06 02:07:52,025 [INFO] DbBoards:157 - Board is not supported: STM32WBA55G-DK1
2026-08-06 02:07:52,026 [INFO] BoardInfo:880 - No configuration file found for board STM32WBA65I-DK1
2026-08-06 02:07:52,026 [INFO] DbBoards:157 - Board is not supported: STM32WBA65I-DK1
2026-08-06 02:07:52,026 [INFO] DbBoards:161 - Found 218 boards, 183 are supported
2026-08-06 02:07:52,028 [INFO] ApiDb:423 - Load user favorites file C:\Users\Admin/.stm32cubeide/favorites.boards.txt: 0 item(s)
2026-08-06 02:07:52,028 [INFO] ApiDb:427 - User favorites Boards=[]
2026-08-06 02:07:52,029 [INFO] DbBoards:190 - Set 0 / 0 favorites Boards
2026-08-06 02:07:52,037 [ERROR] TargetSelectorAdapter:267 - Unable to refresh data
2026-08-06 02:07:52,069 [INFO] McuFinderGlobals:76 - Set McuFinderConnectedMode to true
2026-08-06 02:07:52,069 [INFO] MultiScanPanel:200 - Auto-refresh data requested => check proxy status ongoing
2026-08-06 02:07:52,069 [INFO] FinderPluginLoader:95 - Searching for filters in installed packs
2026-08-06 02:07:53,113 [INFO] LoadUrlFilesThread:185 - End of LoadServerUrlFiles without Thread
2026-08-06 02:07:53,122 [INFO] DetailPanel:341 - Set advertising image to C:/Users/Admin/STM32Cube/Repository/\en.stm32h5cubemxbanner.png
2026-08-06 02:08:11,099 [INFO] MainUpdater:2868 - connection check result : 10
2026-08-06 02:08:11,099 [INFO] MainUpdater:2868 - connection check result : 10
2026-08-06 02:08:11,145 [INFO] MicroXplorer:468 - Change Database Path : 
2026-08-06 02:08:11,145 [INFO] MicroXplorer:498 - Change Database Version : DB.6.0.91
2026-08-06 02:08:11,160 [WARN] ThirdParty:871 - waiting for thirdparty lock release [close project]
2026-08-06 02:08:11,160 [INFO] ThirdParty:873 - entering critical section [close project]
2026-08-06 02:08:11,160 [INFO] ThirdParty:883 - exiting critical section [close project]
2026-08-06 02:08:11,161 [INFO] PinOutPanel:1499 - setPackage(No Configuration,No Configuration)
2026-08-06 02:08:11,165 [WARN] IpParametersView:151 - Warning: This peripheral hasn't parameters
2026-08-06 02:08:11,168 [WARN] MainPanel:272 - <html><b><center>Warning: This peripheral has no parameters to be configured<br></b></html>
2026-08-06 02:08:11,170 [INFO] UtilMem:75 - Begin LoadConfig() Used Memory: 975515912 Bytes (1073741824)
2026-08-06 02:08:11,170 [INFO] MicroXplorer:468 - Change Database Path : 
2026-08-06 02:08:11,170 [INFO] MicroXplorer:498 - Change Database Version : DB.6.0.91
2026-08-06 02:08:11,170 [INFO] OpenFileManager:308 - Change cursor
2026-08-06 02:08:11,177 [INFO] RulesReader:64 - Compatibility file has been processed (293 Rules)
2026-08-06 02:08:11,178 [INFO] Mcu:1946 - Initializing MCU STM32F405RGTx STM32F405RGTx STM32F405RGT6
2026-08-06 02:08:11,906 [INFO] Context:659 - Trying to add GPIOservice into a context  which must be forbidden
2026-08-06 02:08:12,064 [INFO] ImportTextPane:194 - (OptionalMessage_ERROR) Unable to find key (Mcu.ThirdPartyNb) in loaded IOC file
2026-08-06 02:08:12,064 [INFO] ImportTextPane:194 - (OptionalMessage_ERROR) Unable to find key (Mcu.PinsNb) in loaded IOC file
2026-08-06 02:08:12,064 [INFO] ImportTextPane:194 - (OptionalMessage_ERROR) Unable to find key (Mcu.IPNb) in loaded IOC file
2026-08-06 02:08:12,086 [INFO] RtosManager:555 - Registered RTOS mode: class=CMSIS, group=RTOS, mode=CMSIS_V1, owner=FREERTOS
2026-08-06 02:08:12,086 [INFO] RtosManager:555 - Registered RTOS mode: class=CMSIS, group=RTOS2, mode=CMSIS_V2, owner=FREERTOS
2026-08-06 02:08:12,086 [INFO] RtosManager:555 - Registered RTOS mode: class=RTOS, group=Core, mode=CMSIS_V1, owner=FREERTOS
2026-08-06 02:08:12,086 [INFO] RtosManager:555 - Registered RTOS mode: class=RTOS, group=Core, mode=CMSIS_V2, owner=FREERTOS
2026-08-06 02:08:12,086 [WARN] ModelIntegratedComponent:184 - Missing modes for component STMicroelectronics:FreeRTOS:0.0.1:STMicroelectronics:RTOS:FreeRTOS:Core:::10.2.0:
2026-08-06 02:08:12,132 [WARN] ModelIntegratedComponent:63 - No mode defined for component null
2026-08-06 02:08:12,132 [WARN] ModelIntegratedComponent:63 - No mode defined for component null
2026-08-06 02:08:12,132 [WARN] ModelIntegratedComponent:63 - No mode defined for component null
2026-08-06 02:08:12,132 [WARN] ModelIntegratedComponent:63 - No mode defined for component null
2026-08-06 02:08:12,132 [WARN] ModelIntegratedComponent:63 - No mode defined for component null
2026-08-06 02:08:12,132 [WARN] ModelIntegratedComponent:63 - No mode defined for component null
2026-08-06 02:08:12,132 [WARN] ModelIntegratedComponent:63 - No mode defined for component null
2026-08-06 02:08:12,132 [WARN] ModelIntegratedComponent:63 - No mode defined for component null
2026-08-06 02:08:12,132 [WARN] ModelIntegratedComponent:63 - No mode defined for component null
2026-08-06 02:08:12,132 [WARN] ModelIntegratedComponent:63 - No mode defined for component null
2026-08-06 02:08:12,132 [WARN] ModelIntegratedComponent:63 - No mode defined for component null
2026-08-06 02:08:12,132 [WARN] ModelIntegratedComponent:63 - No mode defined for component null
2026-08-06 02:08:12,132 [WARN] ModelIntegratedComponent:63 - No mode defined for component null
2026-08-06 02:08:12,132 [WARN] ModelIntegratedComponent:63 - No mode defined for component null
2026-08-06 02:08:12,132 [WARN] ModelIntegratedComponent:63 - No mode defined for component null
2026-08-06 02:08:12,132 [WARN] ModelIntegratedComponent:63 - No mode defined for component null
2026-08-06 02:08:12,132 [WARN] ModelIntegratedComponent:63 - No mode defined for component null
2026-08-06 02:08:12,132 [WARN] ModelIntegratedComponent:63 - No mode defined for component null
2026-08-06 02:08:12,132 [WARN] ModelIntegratedComponent:63 - No mode defined for component null
2026-08-06 02:08:12,132 [WARN] ModelIntegratedComponent:63 - No mode defined for component null
2026-08-06 02:08:12,132 [WARN] ModelIntegratedComponent:63 - No mode defined for component null
2026-08-06 02:08:12,132 [WARN] ModelIntegratedComponent:63 - No mode defined for component null
2026-08-06 02:08:12,132 [WARN] ModelIntegratedComponent:63 - No mode defined for component null
2026-08-06 02:08:12,132 [WARN] ModelIntegratedComponent:63 - No mode defined for component null
2026-08-06 02:08:12,132 [WARN] ModelIntegratedComponent:63 - No mode defined for component null
2026-08-06 02:08:12,132 [WARN] ModelIntegratedComponent:63 - No mode defined for component null
2026-08-06 02:08:12,132 [WARN] ModelIntegratedComponent:63 - No mode defined for component null
2026-08-06 02:08:12,133 [WARN] ModelIntegratedComponent:63 - No mode defined for component null
2026-08-06 02:08:12,133 [WARN] ModelIntegratedComponent:63 - No mode defined for component null
2026-08-06 02:08:12,133 [WARN] ModelIntegratedComponent:63 - No mode defined for component null
2026-08-06 02:08:12,133 [WARN] ModelIntegratedComponent:63 - No mode defined for component null
2026-08-06 02:08:12,133 [WARN] ModelIntegratedComponent:63 - No mode defined for component null
2026-08-06 02:08:12,133 [WARN] ModelIntegratedComponent:63 - No mode defined for component null
2026-08-06 02:08:12,183 [INFO] ThirdPartyModel:298 - Start build external matchings
2026-08-06 02:08:12,399 [INFO] ThirdPartyModel:316 - End build external matchings
2026-08-06 02:08:12,599 [INFO] UtilMem:75 - End LoadConfig() Used Memory: 846965944 Bytes (1073741824)
2026-08-06 02:08:12,615 [WARN] ThirdParty:833 - waiting for thirdparty lock release [change project]
2026-08-06 02:08:12,615 [INFO] ThirdParty:835 - entering critical section [change project]
2026-08-06 02:08:12,615 [INFO] ThirdParty:1030 - CMSIS Pack Vendor :STMicroelectronics USBPD 4.1
2026-08-06 02:08:12,615 [INFO] ThirdParty:1030 - CMSIS Pack Vendor :STMicroelectronics USB_HOST 2.0.0
2026-08-06 02:08:12,615 [INFO] ThirdParty:1030 - CMSIS Pack Vendor :STMicroelectronics FP-ATR-ASTRA1 2.0.3
2026-08-06 02:08:12,615 [INFO] ThirdParty:1030 - CMSIS Pack Vendor :STMicroelectronics X-CUBE-AZRTOS-F4 1.1.0
2026-08-06 02:08:12,615 [INFO] ThirdParty:1030 - CMSIS Pack Vendor :STMicroelectronics LIBJPEG 8.0.0
2026-08-06 02:08:12,615 [INFO] ThirdParty:1030 - CMSIS Pack Vendor :STMicroelectronics FP-ATR-ASTRA1 2.0.2
2026-08-06 02:08:12,615 [INFO] ThirdParty:1030 - CMSIS Pack Vendor :STMicroelectronics X-CUBE-SMBUS 2.1.0
2026-08-06 02:08:12,615 [INFO] ThirdParty:1030 - CMSIS Pack Vendor :wolfSSL I-CUBE-wolfMQTT 1.19.2
2026-08-06 02:08:12,615 [INFO] ThirdParty:1030 - CMSIS Pack Vendor :STMicroelectronics USB_DEVICE 3.0.0
2026-08-06 02:08:12,615 [INFO] ThirdParty:1030 - CMSIS Pack Vendor :STMicroelectronics X-CUBE-AZRTOS-F7 1.1.0
2026-08-06 02:08:12,615 [INFO] ThirdParty:1030 - CMSIS Pack Vendor :STMicroelectronics USB_DEVICE 2.0.0
2026-08-06 02:08:12,615 [INFO] ThirdParty:1030 - CMSIS Pack Vendor :STMicroelectronics X-CUBE-ALGOBUILD 1.5.0
2026-08-06 02:08:12,615 [INFO] ThirdParty:1030 - CMSIS Pack Vendor :STMicroelectronics FreeRTOS 0.0.1
2026-08-06 02:08:12,615 [INFO] ThirdParty:1030 - CMSIS Pack Vendor :STMicroelectronics X-CUBE-AZRTOS-H7RS 1.3.0
2026-08-06 02:08:12,615 [INFO] ThirdParty:1030 - CMSIS Pack Vendor :STMicroelectronics X-CUBE-AZRTOS-G0 1.1.0
2026-08-06 02:08:12,615 [INFO] ThirdParty:1030 - CMSIS Pack Vendor :STMicroelectronics X-CUBE-NFC4 3.0.0
2026-08-06 02:08:12,615 [INFO] ThirdParty:1030 - CMSIS Pack Vendor :STMicroelectronics X-CUBE-SUBG2 5.0.0
2026-08-06 02:08:12,615 [INFO] ThirdParty:1030 - CMSIS Pack Vendor :STMicroelectronics STM32_WPAN 1.0.0
2026-08-06 02:08:12,615 [INFO] ThirdParty:1030 - CMSIS Pack Vendor :STMicroelectronics lwIP 2.0.3
2026-08-06 02:08:12,615 [INFO] ThirdParty:1030 - CMSIS Pack Vendor :STMicroelectronics X-CUBE-MEMS1 13.0.0
2026-08-06 02:08:12,615 [INFO] ThirdParty:1030 - CMSIS Pack Vendor :STMicroelectronics USB_HOST 1.0.0
2026-08-06 02:08:12,615 [INFO] ThirdParty:1030 - CMSIS Pack Vendor :STMicroelectronics X-CUBE-AZRTOS-G4 2.0.0
2026-08-06 02:08:12,616 [INFO] ThirdParty:1030 - CMSIS Pack Vendor :STMicroelectronics PDM2PCM 3.1.0
2026-08-06 02:08:12,616 [INFO] ThirdParty:1030 - CMSIS Pack Vendor :STMicroelectronics PDM2PCM 3.3.0
2026-08-06 02:08:12,616 [INFO] ThirdParty:1030 - CMSIS Pack Vendor :wolfSSL I-CUBE-wolfTPM 3.8.0
2026-08-06 02:08:12,616 [INFO] ThirdParty:1030 - CMSIS Pack Vendor :STMicroelectronics X-CUBE-DISPLAY 3.0.0
2026-08-06 02:08:12,616 [INFO] ThirdParty:1030 - CMSIS Pack Vendor :wolfSSL I-CUBE-wolfSSH 1.4.20
2026-08-06 02:08:12,616 [INFO] ThirdParty:1030 - CMSIS Pack Vendor :wolfSSL I-CUBE-wolfSSL 5.9.1
2026-08-06 02:08:12,616 [INFO] ThirdParty:1030 - CMSIS Pack Vendor :STMicroelectronics FP-ATR-SIGFOX1 3.2.0
2026-08-06 02:08:12,616 [INFO] ThirdParty:1030 - CMSIS Pack Vendor :STMicroelectronics HAL Drivers 0.0.0
2026-08-06 02:08:12,616 [INFO] ThirdParty:1030 - CMSIS Pack Vendor :STMicroelectronics MBEDTLS 2.16.2
2026-08-06 02:08:12,616 [INFO] ThirdParty:1030 - CMSIS Pack Vendor :emotas I-CUBE-CANOPEN 1.3.0
2026-08-06 02:08:12,616 [INFO] ThirdParty:1030 - CMSIS Pack Vendor :STMicroelectronics MBEDTLS 2.14.1
2026-08-06 02:08:12,616 [INFO] ThirdParty:1030 - CMSIS Pack Vendor :ITTIA_DB I-CUBE-ITTIADB 8.9.0
2026-08-06 02:08:12,616 [INFO] ThirdParty:1030 - CMSIS Pack Vendor :STMicroelectronics X-CUBE-TOUCHGFX 4.26.1
2026-08-06 02:08:12,616 [INFO] ThirdParty:1030 - CMSIS Pack Vendor :STMicroelectronics X-CUBE-AI 10.2.1
2026-08-06 02:08:12,616 [INFO] ThirdParty:1030 - CMSIS Pack Vendor :STMicroelectronics ThreadX 1.0.0
2026-08-06 02:08:12,616 [INFO] ThirdParty:1030 - CMSIS Pack Vendor :STMicroelectronics X-CUBE-MEMS1 12.1.0
2026-08-06 02:08:12,616 [INFO] ThirdParty:1030 - CMSIS Pack Vendor :STMicroelectronics X-CUBE-AZRTOS-WL 2.0.0
2026-08-06 02:08:12,616 [INFO] ThirdParty:1030 - CMSIS Pack Vendor :SEGGER I-CUBE-embOS 1.3.1
2026-08-06 02:08:12,616 [INFO] ThirdParty:1030 - CMSIS Pack Vendor :STMicroelectronics X-CUBE-ALGOBUILD 1.4.0
2026-08-06 02:08:12,616 [INFO] ThirdParty:1030 - CMSIS Pack Vendor :STMicroelectronics USB_DEVICE 1.0.0
2026-08-06 02:08:12,616 [INFO] ThirdParty:1030 - CMSIS Pack Vendor :STMicroelectronics X-CUBE-AZRTOS-H7RS 1.2.0
2026-08-06 02:08:12,616 [INFO] ThirdParty:1030 - CMSIS Pack Vendor :STMicroelectronics X-CUBE-AZRTOS-L4 2.0.0
2026-08-06 02:08:12,616 [INFO] ThirdParty:1030 - CMSIS Pack Vendor :STMicroelectronics ThreadX 0.0.2
2026-08-06 02:08:12,616 [INFO] ThirdParty:1030 - CMSIS Pack Vendor :STMicroelectronics lwIP 2.1.2
2026-08-06 02:08:12,616 [INFO] ThirdParty:1030 - CMSIS Pack Vendor :STMicroelectronics X-CUBE-SFXS2LP1 4.0.0
2026-08-06 02:08:12,616 [INFO] ThirdParty:1030 - CMSIS Pack Vendor :STMicroelectronics X-CUBE-BLE2 3.3.0
2026-08-06 02:08:12,616 [INFO] ThirdParty:1030 - CMSIS Pack Vendor :STMicroelectronics X-CUBE-NFC13 1.0.0
2026-08-06 02:08:12,616 [INFO] ThirdParty:1030 - CMSIS Pack Vendor :STMicroelectronics PDM2PCM 3.2.0
2026-08-06 02:08:12,616 [INFO] ThirdParty:841 - exiting critical section [change project]
2026-08-06 02:08:12,716 [INFO] PinOutPanel:1499 - setPackage(No Configuration,No Configuration)
2026-08-06 02:08:12,716 [INFO] PinOutPanel:1499 - setPackage(STM32F405RGTx,LQFP64)
2026-08-06 02:08:12,861 [INFO] UtilMem:75 - Before build in PCC Used Memory: 880619504 Bytes (1073741824)
2026-08-06 02:08:12,975 [INFO] UtilMem:75 - After build in PCC Used Memory: 924659696 Bytes (1073741824)
2026-08-06 02:08:12,988 [INFO] IPUIPlugin:80 - create IPUIPlugin
2026-08-06 02:08:12,988 [INFO] IPUIPlugin:80 - create IPUIPlugin
2026-08-06 02:08:12,988 [INFO] IPUIPlugin:80 - create IPUIPlugin
2026-08-06 02:08:12,988 [INFO] IPUIPlugin:80 - create IPUIPlugin
2026-08-06 02:08:12,988 [INFO] IPUIPlugin:80 - create IPUIPlugin
2026-08-06 02:08:12,988 [INFO] IPUIPlugin:80 - create IPUIPlugin
2026-08-06 02:08:12,988 [INFO] IPUIPlugin:80 - create IPUIPlugin
2026-08-06 02:08:12,988 [INFO] IPUIPlugin:80 - create IPUIPlugin
2026-08-06 02:08:12,989 [INFO] IPUIPlugin:80 - create IPUIPlugin
2026-08-06 02:08:12,989 [INFO] IPUIPlugin:80 - create IPUIPlugin
2026-08-06 02:08:12,989 [INFO] IPUIPlugin:80 - create IPUIPlugin
2026-08-06 02:08:12,989 [INFO] IPUIPlugin:80 - create IPUIPlugin
2026-08-06 02:08:12,989 [INFO] IPUIPlugin:80 - create IPUIPlugin
2026-08-06 02:08:12,989 [INFO] IPUIPlugin:80 - create IPUIPlugin
2026-08-06 02:08:12,989 [INFO] IPUIPlugin:80 - create IPUIPlugin
2026-08-06 02:08:12,989 [INFO] IPUIPlugin:80 - create IPUIPlugin
2026-08-06 02:08:12,989 [INFO] IPUIPlugin:80 - create IPUIPlugin
2026-08-06 02:08:12,989 [INFO] IPUIPlugin:80 - create IPUIPlugin
2026-08-06 02:08:12,989 [INFO] IPUIPlugin:80 - create IPUIPlugin
2026-08-06 02:08:12,989 [INFO] IPUIPlugin:80 - create IPUIPlugin
2026-08-06 02:08:12,989 [INFO] IPUIPlugin:80 - create IPUIPlugin
2026-08-06 02:08:12,990 [INFO] IPUIPlugin:80 - create IPUIPlugin
2026-08-06 02:08:12,990 [INFO] IPUIPlugin:80 - create IPUIPlugin
2026-08-06 02:08:12,990 [INFO] IPUIPlugin:80 - create IPUIPlugin
2026-08-06 02:08:12,990 [INFO] IPUIPlugin:80 - create IPUIPlugin
2026-08-06 02:08:12,990 [INFO] IPUIPlugin:80 - create IPUIPlugin
2026-08-06 02:08:12,990 [INFO] IPUIPlugin:80 - create IPUIPlugin
2026-08-06 02:08:12,990 [INFO] IPUIPlugin:80 - create IPUIPlugin
2026-08-06 02:08:12,990 [INFO] IPUIPlugin:80 - create IPUIPlugin
2026-08-06 02:08:12,990 [INFO] IPUIPlugin:80 - create IPUIPlugin
2026-08-06 02:08:12,991 [INFO] IPUIPlugin:80 - create IPUIPlugin
2026-08-06 02:08:12,991 [INFO] IPUIPlugin:80 - create IPUIPlugin
2026-08-06 02:08:12,991 [INFO] IPUIPlugin:80 - create IPUIPlugin
2026-08-06 02:08:12,991 [INFO] IPUIPlugin:80 - create IPUIPlugin
2026-08-06 02:08:12,991 [INFO] IPUIPlugin:80 - create IPUIPlugin
2026-08-06 02:08:12,991 [INFO] IPUIPlugin:80 - create IPUIPlugin
2026-08-06 02:08:12,991 [INFO] IPUIPlugin:80 - create IPUIPlugin
2026-08-06 02:08:12,991 [INFO] IPUIPlugin:80 - create IPUIPlugin
2026-08-06 02:08:12,991 [INFO] IPUIPlugin:80 - create IPUIPlugin
2026-08-06 02:08:12,992 [INFO] IPUIPlugin:80 - create IPUIPlugin
2026-08-06 02:08:12,992 [INFO] IPUIPlugin:80 - create IPUIPlugin
2026-08-06 02:08:12,992 [INFO] IPUIPlugin:80 - create IPUIPlugin
2026-08-06 02:08:12,992 [INFO] IPUIPlugin:80 - create IPUIPlugin
2026-08-06 02:08:12,992 [INFO] IPUIPlugin:80 - create IPUIPlugin
2026-08-06 02:08:12,993 [INFO] IPUIPlugin:80 - create IPUIPlugin
2026-08-06 02:08:12,993 [INFO] IPUIPlugin:80 - create IPUIPlugin
2026-08-06 02:08:12,993 [INFO] IPUIPlugin:80 - create IPUIPlugin
2026-08-06 02:08:12,993 [INFO] IPUIPlugin:80 - create IPUIPlugin
2026-08-06 02:08:12,993 [INFO] IPUIPlugin:80 - create IPUIPlugin
2026-08-06 02:08:12,993 [INFO] IPUIPlugin:80 - create IPUIPlugin
2026-08-06 02:08:12,994 [INFO] IPUIPlugin:80 - create IPUIPlugin
2026-08-06 02:08:12,994 [INFO] IPUIPlugin:80 - create IPUIPlugin
2026-08-06 02:08:12,994 [INFO] IPUIPlugin:80 - create IPUIPlugin
2026-08-06 02:08:12,994 [INFO] IPUIPlugin:80 - create IPUIPlugin
2026-08-06 02:08:12,996 [INFO] ApiDbMcu:507 - Load IP Config File for PDM2PCM
2026-08-06 02:08:13,010 [INFO] CADModel:165 - CPN selected for project levelSTM32F405RGT6
2026-08-06 02:08:13,010 [INFO] CADModel:114 - Register for checkConnection events
2026-08-06 02:08:13,058 [INFO] OpenFileManager:328 - Restore cursor
2026-08-06 02:08:13,310 [INFO] UtilMem:75 - End SaveConfig() Used Memory: 901690472 Bytes (1073741824)
2026-08-06 02:08:13,348 [INFO] UtilMem:75 - End SaveConfig() Used Memory: 924630104 Bytes (1073741824)
2026-08-06 02:08:13,478 [INFO] BlockDiagram:2759 - set Specific Code input for plugin: RCC
2026-08-06 02:08:13,478 [INFO] BlockDiagram:2759 - set Specific Code input for plugin: NVIC
2026-08-06 02:08:13,479 [INFO] CodeGenerator:799 - code generatio: config db path: C:\ST\STM32CubeIDE_1.13.1\STM32CubeIDE\plugins\com.st.stm32cube.common.mx_6.9.1.202307191849\\db\
2026-08-06 02:08:13,577 [INFO] CodeEngine:255 - oldGeneratedFile, C:\Users\Admin\Documents\GitHub\Drone-RTOS\Source\010Final\MXTmpFiles\license.tmp_save
2026-08-06 02:08:13,639 [INFO] CodeEngine:279 - Generated code: C:\Users\Admin\Documents\GitHub\Drone-RTOS\Source\010Final\MXTmpFiles\license.tmp
2026-08-06 02:08:13,646 [INFO] CodeEngine:255 - oldGeneratedFile, C:\Users\Admin\Documents\GitHub\Drone-RTOS\Source\010Final\Core\Src\stm32f4xx_it.c_save
2026-08-06 02:08:13,764 [INFO] CodeEngine:279 - Generated code: C:\Users\Admin\Documents\GitHub\Drone-RTOS\Source\010Final\Core\Src\stm32f4xx_it.c
2026-08-06 02:08:13,767 [INFO] CodeEngine:255 - oldGeneratedFile, C:\Users\Admin\Documents\GitHub\Drone-RTOS\Source\010Final\Core\Inc\stm32f4xx_it.h_save
2026-08-06 02:08:13,827 [INFO] CodeEngine:279 - Generated code: C:\Users\Admin\Documents\GitHub\Drone-RTOS\Source\010Final\Core\Inc\stm32f4xx_it.h
2026-08-06 02:08:13,845 [INFO] CodeEngine:255 - oldGeneratedFile, C:\Users\Admin\Documents\GitHub\Drone-RTOS\Source\010Final\Core\Src\stm32f4xx_hal_msp.c_save
2026-08-06 02:08:13,914 [INFO] CodeEngine:279 - Generated code: C:\Users\Admin\Documents\GitHub\Drone-RTOS\Source\010Final\Core\Src\stm32f4xx_hal_msp.c
2026-08-06 02:08:13,917 [INFO] CodeEngine:255 - oldGeneratedFile, C:\Users\Admin\Documents\GitHub\Drone-RTOS\Source\010Final\MXTmpFiles\system.tmp_save
2026-08-06 02:08:13,965 [INFO] CodeEngine:279 - Generated code: C:\Users\Admin\Documents\GitHub\Drone-RTOS\Source\010Final\MXTmpFiles\system.tmp
2026-08-06 02:08:13,970 [INFO] CodeEngine:311 - oldGeneratedFile, C:\Users\Admin\Documents\GitHub\Drone-RTOS\Source\010Final\Core\Inc\stm32f4xx_hal_conf.h_save
2026-08-06 02:08:14,032 [INFO] CodeEngine:335 - Generated code: C:\Users\Admin\Documents\GitHub\Drone-RTOS\Source\010Final\Core\Inc\stm32f4xx_hal_conf.h
2026-08-06 02:08:14,046 [INFO] CodeEngine:255 - oldGeneratedFile, C:\Users\Admin\Documents\GitHub\Drone-RTOS\Source\010Final\Core\Inc\main.h_save
2026-08-06 02:08:14,099 [INFO] CodeEngine:279 - Generated code: C:\Users\Admin\Documents\GitHub\Drone-RTOS\Source\010Final\Core\Inc\main.h
2026-08-06 02:08:14,102 [INFO] CodeEngine:255 - oldGeneratedFile, C:\Users\Admin\Documents\GitHub\Drone-RTOS\Source\010Final\Core\Src\main.c_save
2026-08-06 02:08:14,163 [INFO] CodeEngine:279 - Generated code: C:\Users\Admin\Documents\GitHub\Drone-RTOS\Source\010Final\Core\Src\main.c
2026-08-06 02:08:14,507 [INFO] ProjectBuilder:3064 - Time for Copy HAL[1] : 75mS.
2026-08-06 02:08:14,510 [INFO] ProjectBuilder:4404 - Project Generator version: 4.1.0
2026-08-06 02:08:14,702 [INFO] ConfigFileManager:1457 - The Die is : DIE413
2026-08-06 02:08:14,716 [INFO] ApiDbMcu:507 - Load IP Config File for FATFS
2026-08-06 02:08:14,719 [INFO] ApiDbMcu:507 - Load IP Config File for FREERTOS
2026-08-06 02:08:14,720 [INFO] ApiDbMcu:507 - Load IP Config File for LIBJPEG
2026-08-06 02:08:14,723 [INFO] ApiDbMcu:507 - Load IP Config File for MBEDTLS
2026-08-06 02:08:14,726 [INFO] ApiDbMcu:507 - Load IP Config File for USB_DEVICE
2026-08-06 02:08:14,728 [INFO] ApiDbMcu:507 - Load IP Config File for USB_HOST
2026-08-06 02:08:16,423 [INFO] ProjectBuilder:4626 - Time for Generating toolchain IDE Files: 1913mS.
2026-08-06 02:08:16,424 [INFO] ProjectBuilder:2935 - Time for Copy CMSIS : 1mS.
2026-08-06 02:08:16,426 [INFO] ProjectBuilder:2935 - Time for Copy CMSIS : 1mS.
2026-08-06 02:08:16,995 [INFO] McuFinderGlobals:76 - Set McuFinderConnectedMode to true
2026-08-06 02:08:16,997 [INFO] ApiDb:448 - Save user favorites file C:\Users\Admin/.stm32cubeide/favorites.mcus.txt: 4 item(s)
2026-08-06 02:08:16,997 [INFO] ApiDb:452 - User favorites MCUs=[STM32F103C8T6, STM32F405RGT6, STM32F411CEU6, STM32H523CET6]
2026-08-06 02:08:29,270 [INFO] Gpio:273 - dependency for GPIO []
2026-08-06 02:08:30,727 [INFO] Gpio:273 - dependency for GPIO []
2026-08-06 02:14:06,011 [INFO] NvicIntPanel:101 - NVIC parent = com.st.microxplorer.plugins.ip.nvic.MultiNvicIntPanel[,0,0,0x0,invalid,layout=javax.swing.BoxLayout,alignmentX=0.0,alignmentY=0.0,border=,flags=9,maximumSize=,minimumSize=,preferredSize=]
