2026-08-11 09:03:06,837 [INFO] Activator:176 - 


2026-08-11 09:03:06,845 [INFO] Activator:177 - !SESSION log4j initialized
2026-08-11 09:03:14,852 [INFO] LogOutputStream:77 - [STDOUT_REDIRECT] 
2026-08-11 09:03:17,093 [INFO] ApplicationProperties:184 - Using Application install path: C:\ST\STM32CubeIDE_1.13.1\STM32CubeIDE\plugins\com.st.stm32cube.common.mx_6.9.1.202307191849
2026-08-11 09:03:17,116 [INFO] DbMcusXml:78 - Set database path to: C:\ST\STM32CubeIDE_1.13.1\STM32CubeIDE\plugins\com.st.stm32cube.common.mx_6.9.1.202307191849\\db\/mcu/
2026-08-11 09:03:17,117 [INFO] ApiDb:274 - Set plugin database path to: C:\ST\STM32CubeIDE_1.13.1\STM32CubeIDE\plugins\com.st.stm32cube.common.mx_6.9.1.202307191849\\db\/plugins/boardmanager/
2026-08-11 09:03:17,156 [WARN] ApiDb:259 - Overriding images path with different value:  => C:\ST\STM32CubeIDE_1.13.1\STM32CubeIDE\plugins\com.st.stm32cube.common.mx_6.9.1.202307191849\\db\/plugins/mcufinder/images/
2026-08-11 09:03:17,168 [INFO] ApiDb:250 - Set database path to: C:\Users\Admin\.stmcufinder\plugins\mcufinder//mcu/
2026-08-11 09:03:17,169 [INFO] DbMcusAds:125 - Set database path to: C:\Users\Admin\.stmcufinder\plugins\mcufinder//mcu/
2026-08-11 09:03:17,172 [INFO] CrossReferenceDbSqlite:203 - Set database path to: C:\Users\Admin\.stmcufinder\plugins\mcufinder//mcu/cs/
2026-08-11 09:03:17,346 [INFO] RulesReader:64 - Compatibility file has been processed (293 Rules)
2026-08-11 09:03:17,497 [INFO] DbMcusXml:78 - Set database path to: C:\ST\STM32CubeIDE_1.13.1\STM32CubeIDE\plugins\com.st.stm32cube.common.mx_6.9.1.202307191849\\db\/mcu/
2026-08-11 09:03:17,497 [INFO] ApiDb:274 - Set plugin database path to: C:\ST\STM32CubeIDE_1.13.1\STM32CubeIDE\plugins\com.st.stm32cube.common.mx_6.9.1.202307191849\\db\/plugins/boardmanager/
2026-08-11 09:03:17,498 [INFO] ApiDb:261 - Set plugin images path to: C:\ST\STM32CubeIDE_1.13.1\STM32CubeIDE\plugins\com.st.stm32cube.common.mx_6.9.1.202307191849\\db\/plugins/mcufinder/images/
2026-08-11 09:03:17,498 [WARN] DbFile:41 - Overriding database path with different value: C:\Users\Admin\.stmcufinder\plugins\mcufinder/ => C:\Users\Admin\.stmcufinder\plugins\mcufinder
2026-08-11 09:03:17,498 [INFO] ApiDb:250 - Set database path to: C:\Users\Admin\.stmcufinder\plugins\mcufinder//mcu/
2026-08-11 09:03:17,499 [WARN] DbFile:41 - Overriding database path with different value: C:\Users\Admin\.stmcufinder\plugins\mcufinder/ => C:\Users\Admin\.stmcufinder\plugins\mcufinder
2026-08-11 09:03:17,499 [INFO] DbMcusAds:125 - Set database path to: C:\Users\Admin\.stmcufinder\plugins\mcufinder//mcu/
2026-08-11 09:03:17,499 [WARN] DbFile:41 - Overriding database path with different value: C:\Users\Admin\.stmcufinder\plugins\mcufinder/ => C:\Users\Admin\.stmcufinder\plugins\mcufinder
2026-08-11 09:03:17,499 [WARN] DbFile:41 - Overriding database path with different value: C:\Users\Admin\.stmcufinder\plugins\mcufinder/ => C:\Users\Admin\.stmcufinder\plugins\mcufinder
2026-08-11 09:03:17,499 [INFO] CrossReferenceDbSqlite:203 - Set database path to: C:\Users\Admin\.stmcufinder\plugins\mcufinder//mcu/cs/
2026-08-11 09:03:17,604 [INFO] MainPanel:262 - HeapMemory: 268435456
2026-08-11 09:03:17,706 [INFO] DbMcusXml:78 - Set database path to: C:\ST\STM32CubeIDE_1.13.1\STM32CubeIDE\plugins\com.st.stm32cube.common.mx_6.9.1.202307191849\\db\/mcu/
2026-08-11 09:03:17,706 [INFO] ApiDb:274 - Set plugin database path to: C:\ST\STM32CubeIDE_1.13.1\STM32CubeIDE\plugins\com.st.stm32cube.common.mx_6.9.1.202307191849\\db\/plugins/boardmanager/
2026-08-11 09:03:17,706 [INFO] ApiDb:261 - Set plugin images path to: C:\ST\STM32CubeIDE_1.13.1\STM32CubeIDE\plugins\com.st.stm32cube.common.mx_6.9.1.202307191849\\db\/plugins/mcufinder/images/
2026-08-11 09:03:17,706 [WARN] DbFile:41 - Overriding database path with different value: C:\Users\Admin\.stmcufinder\plugins\mcufinder/ => C:\Users\Admin\.stmcufinder\plugins\mcufinder
2026-08-11 09:03:17,707 [INFO] ApiDb:250 - Set database path to: C:\Users\Admin\.stmcufinder\plugins\mcufinder//mcu/
2026-08-11 09:03:17,707 [WARN] DbFile:41 - Overriding database path with different value: C:\Users\Admin\.stmcufinder\plugins\mcufinder/ => C:\Users\Admin\.stmcufinder\plugins\mcufinder
2026-08-11 09:03:17,707 [INFO] DbMcusAds:125 - Set database path to: C:\Users\Admin\.stmcufinder\plugins\mcufinder//mcu/
2026-08-11 09:03:17,707 [WARN] DbFile:41 - Overriding database path with different value: C:\Users\Admin\.stmcufinder\plugins\mcufinder/ => C:\Users\Admin\.stmcufinder\plugins\mcufinder
2026-08-11 09:03:17,707 [WARN] DbFile:41 - Overriding database path with different value: C:\Users\Admin\.stmcufinder\plugins\mcufinder/ => C:\Users\Admin\.stmcufinder\plugins\mcufinder
2026-08-11 09:03:17,707 [INFO] CrossReferenceDbSqlite:203 - Set database path to: C:\Users\Admin\.stmcufinder\plugins\mcufinder//mcu/cs/
2026-08-11 09:03:17,770 [INFO] ApplicationProperties:184 - Using Application install path: C:\ST\STM32CubeIDE_1.13.1\STM32CubeIDE\plugins\com.st.stm32cube.common.mx_6.9.1.202307191849
2026-08-11 09:03:17,772 [INFO] PluginManage:196 - Search for loadable plugins [exclusion list=, ]
2026-08-11 09:03:17,774 [INFO] PluginManage:310 - Check plugin analytics
2026-08-11 09:03:18,006 [INFO] AnalyticsPlugin:253 - Accepted Software Licenses: STM32CubeMX.6.18.0
2026-08-11 09:03:18,006 [INFO] AnalyticsPlugin:255 - Accepted CMSIS Pack Licenses: 
2026-08-11 09:03:18,007 [INFO] AnalyticsPlugin:257 - Accepted Firmware Licenses: FW.F4.1.27.0,FW.F4.1.28.0,FW.F4.1.28.3
2026-08-11 09:03:18,012 [INFO] PluginManage:359 - Loaded plugin analytics (category:tool,tabindex:-1)
2026-08-11 09:03:18,013 [INFO] PluginManage:310 - Check plugin cadmodel
2026-08-11 09:03:18,020 [INFO] CADModel:105 - Init CAD model plugin
2026-08-11 09:03:18,020 [INFO] PluginManage:359 - Loaded plugin cadmodel (category:power,tabindex:5)
2026-08-11 09:03:18,020 [INFO] PluginManage:310 - Check plugin clock
2026-08-11 09:03:18,032 [INFO] PluginManage:359 - Loaded plugin clock (category:base,tabindex:2)
2026-08-11 09:03:18,032 [INFO] PluginManage:310 - Check plugin ddr
2026-08-11 09:03:18,035 [INFO] PluginManage:359 - Loaded plugin ddr (category:tool,tabindex:6)
2026-08-11 09:03:18,035 [INFO] PluginManage:310 - Check plugin filemanager
2026-08-11 09:03:18,208 [INFO] PluginManage:359 - Loaded plugin filemanager (category:base,tabindex:10)
2026-08-11 09:03:18,209 [INFO] PluginManage:310 - Check plugin ipmanager
2026-08-11 09:03:18,218 [INFO] PluginManage:359 - Loaded plugin ipmanager (category:base,tabindex:5)
2026-08-11 09:03:18,218 [INFO] PluginManage:310 - Check plugin lpbam
2026-08-11 09:03:18,229 [INFO] PluginManage:359 - Loaded plugin lpbam (category:base,tabindex:0)
2026-08-11 09:03:18,229 [INFO] PluginManage:310 - Check plugin memorymap
2026-08-11 09:03:18,245 [INFO] PluginManage:359 - Loaded plugin memorymap (category:base,tabindex:4)
2026-08-11 09:03:18,245 [INFO] PluginManage:310 - Check plugin pinoutandconfiguration
2026-08-11 09:03:18,254 [INFO] PluginManage:359 - Loaded plugin pinoutandconfiguration (category:base,tabindex:1)
2026-08-11 09:03:18,254 [INFO] PluginManage:310 - Check plugin pinoutconfig
2026-08-11 09:03:18,384 [WARN] SupportedApi:132 - Cannot load RTOS API schema: s4s-elt-must-match.1: The content of 'definitions' must match (annotation?, (simpleType | complexType)?, (unique | key | keyref)*)). A problem was found starting at: attribute.
2026-08-11 09:03:18,574 [INFO] PluginManage:359 - Loaded plugin pinoutconfig (category:base,tabindex:0)
2026-08-11 09:03:18,574 [INFO] PluginManage:310 - Check plugin power
2026-08-11 09:03:18,585 [INFO] PluginManage:359 - Loaded plugin power (category:power,tabindex:4)
2026-08-11 09:03:18,586 [INFO] PluginManage:310 - Check plugin projectmanager
2026-08-11 09:03:18,607 [INFO] PluginManage:359 - Loaded plugin projectmanager (category:projectmanager,tabindex:3)
2026-08-11 09:03:18,608 [INFO] PluginManage:310 - Check plugin thirdparty
2026-08-11 09:03:18,817 [INFO] PluginManage:359 - Loaded plugin thirdparty (category:base,tabindex:-1)
2026-08-11 09:03:18,817 [WARN] IntegrityCheckThread:84 - waiting for thirdparty lock release [integrity check]
2026-08-11 09:03:18,817 [INFO] PluginManage:310 - Check plugin tools
2026-08-11 09:03:18,817 [INFO] IntegrityCheckThread:86 - entering critical section [integrity check]
2026-08-11 09:03:18,818 [INFO] ThirdPartyUpdaterWithRetryManager:70 - Updater plugin not ready yet. [1/15]
2026-08-11 09:03:18,822 [INFO] PluginManage:359 - Loaded plugin tools (category:base,tabindex:7)
2026-08-11 09:03:18,822 [INFO] PluginManage:310 - Check plugin tutovideos
2026-08-11 09:03:19,094 [INFO] PluginManage:359 - Loaded plugin tutovideos (category:base,tabindex:-1)
2026-08-11 09:03:19,094 [INFO] PluginManage:310 - Check plugin updater
2026-08-11 09:03:19,108 [INFO] PluginManage:359 - Loaded plugin updater (category:base,tabindex:12)
2026-08-11 09:03:19,109 [INFO] PluginManage:310 - Check plugin userauth
2026-08-11 09:03:19,115 [INFO] UserAuth:113 - Init User Auth plugin
2026-08-11 09:03:19,116 [INFO] PluginManage:359 - Loaded plugin userauth (category:base,tabindex:14)
2026-08-11 09:03:19,116 [INFO] PluginManage:283 - PluginManage : Loaded plugins [17]
2026-08-11 09:03:19,410 [INFO] PinOutPanel:1499 - setPackage(No Configuration,No Configuration)
2026-08-11 09:03:19,560 [INFO] CADModel:165 - CPN selected for project level
2026-08-11 09:03:19,560 [INFO] CADModel:114 - Register for checkConnection events
2026-08-11 09:03:19,582 [INFO] IPUIPlugin:80 - create IPUIPlugin
2026-08-11 09:03:19,583 [INFO] PluginManager:220 - loadIPPluginJar : add adc
2026-08-11 09:03:19,586 [INFO] IPUIPlugin:80 - create IPUIPlugin
2026-08-11 09:03:19,586 [INFO] PluginManager:220 - loadIPPluginJar : add aes
2026-08-11 09:03:19,590 [INFO] IPUIPlugin:80 - create IPUIPlugin
2026-08-11 09:03:19,590 [INFO] PluginManager:220 - loadIPPluginJar : add can
2026-08-11 09:03:19,592 [INFO] IPUIPlugin:80 - create IPUIPlugin
2026-08-11 09:03:19,592 [INFO] PluginManager:220 - loadIPPluginJar : add comp
2026-08-11 09:03:19,595 [INFO] IPUIPlugin:80 - create IPUIPlugin
2026-08-11 09:03:19,595 [INFO] PluginManager:220 - loadIPPluginJar : add cryp
2026-08-11 09:03:19,599 [INFO] IPUIPlugin:80 - create IPUIPlugin
2026-08-11 09:03:19,599 [INFO] PluginManager:220 - loadIPPluginJar : add dfsdm
2026-08-11 09:03:19,607 [INFO] IPUIPlugin:80 - create IPUIPlugin
2026-08-11 09:03:19,608 [INFO] PluginManager:220 - loadIPPluginJar : add dma
2026-08-11 09:03:19,611 [INFO] IPUIPlugin:80 - create IPUIPlugin
2026-08-11 09:03:19,611 [INFO] PluginManager:220 - loadIPPluginJar : add dma3
2026-08-11 09:03:19,613 [INFO] IPUIPlugin:80 - create IPUIPlugin
2026-08-11 09:03:19,613 [INFO] PluginManager:220 - loadIPPluginJar : add fatfs
2026-08-11 09:03:19,619 [INFO] IPUIPlugin:80 - create IPUIPlugin
2026-08-11 09:03:19,619 [INFO] PluginManager:220 - loadIPPluginJar : add fmc
2026-08-11 09:03:19,626 [INFO] IPUIPlugin:80 - create IPUIPlugin
2026-08-11 09:03:19,626 [INFO] PluginManager:220 - loadIPPluginJar : add freertos
2026-08-11 09:03:19,628 [INFO] IPUIPlugin:80 - create IPUIPlugin
2026-08-11 09:03:19,628 [INFO] PluginManager:220 - loadIPPluginJar : add genericplugin
2026-08-11 09:03:19,632 [INFO] IPUIPlugin:80 - create IPUIPlugin
2026-08-11 09:03:19,633 [INFO] PluginManager:220 - loadIPPluginJar : add gfxmmu
2026-08-11 09:03:19,638 [INFO] IPUIPlugin:80 - create IPUIPlugin
2026-08-11 09:03:19,639 [INFO] PluginManager:220 - loadIPPluginJar : add gic
2026-08-11 09:03:19,644 [INFO] IPUIPlugin:80 - create IPUIPlugin
2026-08-11 09:03:19,644 [INFO] PluginManager:220 - loadIPPluginJar : add gpio
2026-08-11 09:03:19,647 [INFO] IPUIPlugin:80 - create IPUIPlugin
2026-08-11 09:03:19,648 [INFO] PluginManager:220 - loadIPPluginJar : add gtzc
2026-08-11 09:03:19,650 [INFO] IPUIPlugin:80 - create IPUIPlugin
2026-08-11 09:03:19,650 [INFO] PluginManager:220 - loadIPPluginJar : add hash
2026-08-11 09:03:19,653 [INFO] IPUIPlugin:80 - create IPUIPlugin
2026-08-11 09:03:19,653 [INFO] PluginManager:220 - loadIPPluginJar : add i2c
2026-08-11 09:03:19,656 [INFO] IPUIPlugin:80 - create IPUIPlugin
2026-08-11 09:03:19,656 [INFO] PluginManager:220 - loadIPPluginJar : add i2s
2026-08-11 09:03:19,659 [INFO] IPUIPlugin:80 - create IPUIPlugin
2026-08-11 09:03:19,660 [INFO] PluginManager:220 - loadIPPluginJar : add i3c
2026-08-11 09:03:19,664 [INFO] IPUIPlugin:80 - create IPUIPlugin
2026-08-11 09:03:19,664 [INFO] PluginManager:220 - loadIPPluginJar : add ipddr
2026-08-11 09:03:19,673 [INFO] IPUIPlugin:80 - create IPUIPlugin
2026-08-11 09:03:19,673 [INFO] PluginManager:220 - loadIPPluginJar : add linkedlist
2026-08-11 09:03:19,676 [INFO] IPUIPlugin:80 - create IPUIPlugin
2026-08-11 09:03:19,676 [INFO] PluginManager:220 - loadIPPluginJar : add lorawan
2026-08-11 09:03:19,678 [INFO] IPUIPlugin:80 - create IPUIPlugin
2026-08-11 09:03:19,679 [INFO] PluginManager:220 - loadIPPluginJar : add ltdc
2026-08-11 09:03:19,685 [INFO] IPUIPlugin:80 - create IPUIPlugin
2026-08-11 09:03:19,686 [INFO] PluginManager:220 - loadIPPluginJar : add mdma
2026-08-11 09:03:19,690 [INFO] IPUIPlugin:80 - create IPUIPlugin
2026-08-11 09:03:19,691 [INFO] PluginManager:220 - loadIPPluginJar : add nvic
2026-08-11 09:03:19,694 [INFO] IPUIPlugin:80 - create IPUIPlugin
2026-08-11 09:03:19,694 [INFO] PluginManager:220 - loadIPPluginJar : add opamp
2026-08-11 09:03:19,698 [INFO] IPUIPlugin:80 - create IPUIPlugin
2026-08-11 09:03:19,698 [INFO] PluginManager:220 - loadIPPluginJar : add openamp
2026-08-11 09:03:19,702 [INFO] IPUIPlugin:80 - create IPUIPlugin
2026-08-11 09:03:19,702 [INFO] PluginManager:220 - loadIPPluginJar : add pdm2pcm
2026-08-11 09:03:19,709 [INFO] IPUIPlugin:80 - create IPUIPlugin
2026-08-11 09:03:19,713 [INFO] PluginManager:220 - loadIPPluginJar : add plateformsettings
2026-08-11 09:03:19,716 [INFO] IPUIPlugin:80 - create IPUIPlugin
2026-08-11 09:03:19,716 [INFO] PluginManager:220 - loadIPPluginJar : add quadspi
2026-08-11 09:03:19,720 [INFO] IPUIPlugin:80 - create IPUIPlugin
2026-08-11 09:03:19,720 [INFO] PluginManager:220 - loadIPPluginJar : add resmgrutility
2026-08-11 09:03:19,723 [INFO] IPUIPlugin:80 - create IPUIPlugin
2026-08-11 09:03:19,723 [INFO] PluginManager:220 - loadIPPluginJar : add sai
2026-08-11 09:03:19,726 [INFO] IPUIPlugin:80 - create IPUIPlugin
2026-08-11 09:03:19,727 [INFO] PluginManager:220 - loadIPPluginJar : add spi
2026-08-11 09:03:19,733 [INFO] IPUIPlugin:80 - create IPUIPlugin
2026-08-11 09:03:19,733 [INFO] PluginManager:220 - loadIPPluginJar : add stm32_wpan
2026-08-11 09:03:19,734 [INFO] IPUIPlugin:80 - create IPUIPlugin
2026-08-11 09:03:19,734 [INFO] PluginManager:220 - loadIPPluginJar : add tim
2026-08-11 09:03:19,739 [INFO] IPUIPlugin:80 - create IPUIPlugin
2026-08-11 09:03:19,739 [INFO] PluginManager:220 - loadIPPluginJar : add touchsensing
2026-08-11 09:03:19,742 [INFO] IPUIPlugin:80 - create IPUIPlugin
2026-08-11 09:03:19,742 [INFO] PluginManager:220 - loadIPPluginJar : add tracer_emb
2026-08-11 09:03:19,745 [INFO] IPUIPlugin:80 - create IPUIPlugin
2026-08-11 09:03:19,745 [INFO] PluginManager:220 - loadIPPluginJar : add ts
2026-08-11 09:03:19,747 [INFO] IPUIPlugin:80 - create IPUIPlugin
2026-08-11 09:03:19,747 [INFO] PluginManager:220 - loadIPPluginJar : add tsc
2026-08-11 09:03:19,749 [INFO] IPUIPlugin:80 - create IPUIPlugin
2026-08-11 09:03:19,749 [INFO] PluginManager:220 - loadIPPluginJar : add ucpd
2026-08-11 09:03:19,753 [INFO] IPUIPlugin:80 - create IPUIPlugin
2026-08-11 09:03:19,753 [INFO] PluginManager:220 - loadIPPluginJar : add usart
2026-08-11 09:03:19,757 [INFO] IPUIPlugin:80 - create IPUIPlugin
2026-08-11 09:03:19,757 [INFO] PluginManager:220 - loadIPPluginJar : add usbx
2026-08-11 09:03:19,912 [INFO] CADModel:165 - CPN selected for project level
2026-08-11 09:03:19,913 [INFO] CADModel:114 - Register for checkConnection events
2026-08-11 09:03:19,913 [FATAL] Updater:308 - Updater called before beeing initialized
2026-08-11 09:03:19,913 [ERROR] CADModel:125 - Updater not yet initialized, retry later 
2026-08-11 09:03:20,122 [INFO] CADModel:165 - CPN selected for project level
2026-08-11 09:03:20,123 [INFO] CADModel:114 - Register for checkConnection events
2026-08-11 09:03:20,123 [FATAL] Updater:308 - Updater called before beeing initialized
2026-08-11 09:03:20,123 [ERROR] CADModel:125 - Updater not yet initialized, retry later 
2026-08-11 09:03:20,127 [FATAL] Updater:308 - Updater called before beeing initialized
2026-08-11 09:03:20,282 [FATAL] Updater:308 - Updater called before beeing initialized
2026-08-11 09:03:20,290 [INFO] DbMcusAds:53 - JSON generation date=Wed Jul 15 16:44:54 GMT+07:00 2026 (1784108694001)
2026-08-11 09:03:20,291 [FATAL] Updater:308 - Updater called before beeing initialized
2026-08-11 09:03:20,345 [WARN] DetailPanel:346 - Failed to get advertising image, set to default
2026-08-11 09:03:20,522 [FATAL] Updater:308 - Updater called before beeing initialized
2026-08-11 09:03:20,524 [FATAL] Updater:308 - Updater called before beeing initialized
2026-08-11 09:03:20,524 [FATAL] Updater:308 - Updater called before beeing initialized
2026-08-11 09:03:20,524 [WARN] DetailPanel:346 - Failed to get advertising image, set to default
2026-08-11 09:03:20,526 [FATAL] Updater:308 - Updater called before beeing initialized
2026-08-11 09:03:20,674 [ERROR] Updater:1120 - MainUpdater not yet initialized. External WinMGr cannot be set.
2026-08-11 09:03:20,677 [INFO] Updater:1056 - Updater Version found : 6.9.1
2026-08-11 09:03:20,714 [INFO] ApplicationProperties:184 - Using Application install path: C:\ST\STM32CubeIDE_1.13.1\STM32CubeIDE\plugins\com.st.stm32cube.common.mx_6.9.1.202307191849
2026-08-11 09:03:21,012 [INFO] MainUpdater:2868 - connection check result : 10
2026-08-11 09:03:21,014 [INFO] MainUpdater:285 - Updater Check For Update Now.
2026-08-11 09:03:21,014 [INFO] MicroXplorer:498 - Change Database Version : DB.6.0.91
2026-08-11 09:03:21,025 [INFO] McuFinderGlobals:63 - Set McuFinder mode to 2 (CubeIDE integrated)
2026-08-11 09:03:21,280 [INFO] CheckServerUpdateThread:120 - End of CheckServer Thread
2026-08-11 09:03:22,179 [WARN] PackLoader:240 - Cannot read IP mode file for STMicroelectronics.FP-ATR-ASTRA1.2.0.3
2026-08-11 09:03:22,186 [WARN] PackLoader:240 - Cannot read IP mode file for STMicroelectronics.FP-ATR-ASTRA1.2.0.2
2026-08-11 09:03:22,194 [ERROR] Engine:466 - C:\Users\Admin\.stm32cubemx\thirdparties\pdsc\STMicroelectronics.X-CUBE-SMBUS.2.1.1.pdsc: PDSC version is not supported
2026-08-11 09:03:22,202 [WARN] PackLoader:240 - Cannot read IP mode file for STMicroelectronics.X-CUBE-SMBUS.2.1.0
2026-08-11 09:03:22,260 [WARN] PackLoader:240 - Cannot read IP mode file for STMicroelectronics.X-CUBE-AZRTOS-F7.1.1.0
2026-08-11 09:03:22,275 [ERROR] Engine:466 - C:\Users\Admin\.stm32cubemx\thirdparties\pdsc\STMicroelectronics.X-CUBE-FREERTOS.1.6.0.pdsc: PDSC version is not supported
2026-08-11 09:03:22,333 [WARN] PackLoader:240 - Cannot read IP mode file for STMicroelectronics.X-CUBE-AZRTOS-H7RS.1.3.0
2026-08-11 09:03:22,347 [ERROR] Engine:466 - C:\Users\Admin\.stm32cubemx\thirdparties\pdsc\WES.I-CUBE-Cesium.1.4.0.pdsc: PDSC version is not supported
2026-08-11 09:03:22,361 [WARN] PackLoader:240 - Cannot read IP mode file for STMicroelectronics.X-CUBE-DISPLAY.3.0.0
2026-08-11 09:03:22,380 [WARN] PackLoader:240 - Cannot read IP mode file for wolfSSL.I-CUBE-wolfSSL.5.9.1
2026-08-11 09:03:22,389 [WARN] PackLoader:240 - Cannot read IP mode file for emotas.I-CUBE-CANOPEN.1.3.0
2026-08-11 09:03:22,393 [ERROR] Engine:466 - C:\Users\Admin\.stm32cubemx\thirdparties\pdsc\STMicroelectronics.X-CUBE-WBA.1.1.0.pdsc: PDSC version is not supported
2026-08-11 09:03:22,407 [INFO] LogOutputStream:77 - [STDOUT_REDIRECT] 1 : Invalid condition id : UX_CORESTACK_Condition cause : null
2026-08-11 09:03:22,408 [INFO] LogOutputStream:77 - [STDOUT_REDIRECT] 1 : Invalid condition id : UX_CORESTACK_Condition cause : null
2026-08-11 09:03:22,410 [INFO] LogOutputStream:77 - [STDOUT_REDIRECT] 1 : Invalid condition id : UX_CORESTACK_Condition cause : null
2026-08-11 09:03:22,413 [INFO] LogOutputStream:77 - [STDOUT_REDIRECT] 1 : Invalid condition id : UX_CORESTACK_Condition cause : null
2026-08-11 09:03:22,415 [INFO] LogOutputStream:77 - [STDOUT_REDIRECT] 1 : Invalid condition id : UX_CORESTACK_Condition cause : null
2026-08-11 09:03:22,420 [WARN] PackLoader:240 - Cannot read IP mode file for STMicroelectronics.X-CUBE-AZRTOS-WL.2.0.0
2026-08-11 09:03:22,455 [WARN] PackLoader:240 - Cannot read IP mode file for STMicroelectronics.X-CUBE-AZRTOS-H7RS.1.2.0
2026-08-11 09:03:22,475 [WARN] PackLoader:240 - Cannot read IP mode file for STMicroelectronics.X-CUBE-BLE2.3.3.0
2026-08-11 09:03:22,478 [ERROR] Engine:466 - C:\Users\Admin\.stm32cubemx\thirdparties\pdsc\Avnet-IOTCONNECT.X-CUBE-iotc-st67-sdk.1.0.0.pdsc: PDSC version is not supported
2026-08-11 09:03:22,486 [ERROR] Engine:466 - C:\Users\Admin\.stm32cubemx\thirdparties\pdsc\Infineon.AIROC-Wi-Fi-Bluetooth-STM32.1.8.0.pdsc: PDSC version is not supported
2026-08-11 09:03:22,490 [WARN] PackLoader:240 - Cannot read IP mode file for wolfSSL.I-CUBE-wolfMQTT.1.19.2
2026-08-11 09:03:22,527 [WARN] PackLoader:240 - Cannot read IP mode file for STMicroelectronics.X-CUBE-AZRTOS-G0.1.1.0
2026-08-11 09:03:22,540 [WARN] PackLoader:240 - Cannot read IP mode file for STMicroelectronics.X-CUBE-NFC4.3.0.0
2026-08-11 09:03:22,546 [ERROR] Engine:466 - C:\Users\Admin\.stm32cubemx\thirdparties\pdsc\EmbeddedOffice.I-CUBE-FS-RTOS.1.0.1.pdsc: PDSC version is not supported
2026-08-11 09:03:22,551 [WARN] PackLoader:240 - Cannot read IP mode file for wolfSSL.I-CUBE-wolfTPM.3.8.0
2026-08-11 09:03:22,555 [ERROR] Engine:466 - C:\Users\Admin\.stm32cubemx\thirdparties\pdsc\RealThread.X-CUBE-RT-Thread_Nano.4.1.1.pdsc: PDSC version is not supported
2026-08-11 09:03:22,561 [WARN] PackLoader:240 - Cannot read IP mode file for STMicroelectronics.FP-ATR-SIGFOX1.3.2.0
2026-08-11 09:03:22,565 [ERROR] Engine:466 - C:\Users\Admin\.stm32cubemx\thirdparties\pdsc\STMicroelectronics.X-CUBE-FREERTOS.1.5.0.pdsc: PDSC version is not supported
2026-08-11 09:03:22,575 [WARN] PackLoader:240 - Cannot read IP mode file for ITTIA_DB.I-CUBE-ITTIADB.8.9.0
2026-08-11 09:03:22,578 [ERROR] Engine:466 - C:\Users\Admin\.stm32cubemx\thirdparties\pdsc\Cesanta.I-CUBE-Mongoose.7.21.7.pdsc: PDSC version is not supported
2026-08-11 09:03:22,583 [WARN] PackLoader:240 - Cannot read IP mode file for STMicroelectronics.X-CUBE-AI.10.2.1
2026-08-11 09:03:22,702 [WARN] PackLoader:240 - Cannot read IP mode file for STMicroelectronics.X-CUBE-MEMS1.12.1.0
2026-08-11 09:03:22,959 [WARN] PackLoader:240 - Cannot read IP mode file for SEGGER.I-CUBE-embOS.1.3.1
2026-08-11 09:03:23,027 [WARN] PackLoader:240 - Cannot read IP mode file for STMicroelectronics.X-CUBE-ALGOBUILD.1.4.0
2026-08-11 09:03:23,038 [WARN] PackLoader:240 - Cannot read IP mode file for STMicroelectronics.X-CUBE-NFC13.1.0.0
2026-08-11 09:03:23,067 [WARN] PackLoader:240 - Cannot read IP mode file for STMicroelectronics.X-CUBE-AZRTOS-F4.1.1.0
2026-08-11 09:03:23,075 [ERROR] Engine:466 - C:\Users\Admin\.stm32cubemx\thirdparties\pdsc\STMicroelectronics.eDS-WB_DPC_TT-BIDIR.2.1.1.pdsc: PDSC version is not supported
2026-08-11 09:03:23,083 [WARN] PackLoader:240 - Cannot read IP mode file for STMicroelectronics.X-CUBE-ALGOBUILD.1.5.0
2026-08-11 09:03:23,150 [WARN] PackLoader:240 - Cannot read IP mode file for STMicroelectronics.X-CUBE-MEMS1.13.0.0
2026-08-11 09:03:23,297 [ERROR] Engine:466 - C:\Users\Admin\.stm32cubemx\thirdparties\pdsc\STMicroelectronics.eDS-WB_DPC_3PH2L-BIDIR.1.1.1.pdsc: PDSC version is not supported
2026-08-11 09:03:23,303 [WARN] PackLoader:240 - Cannot read IP mode file for STMicroelectronics.X-CUBE-TOUCHGFX.4.26.1
2026-08-11 09:03:23,321 [WARN] ConditionMgr:438 - getConditionDescription Invalid condition id : LAN8742 Phy interface Condition cause : null
2026-08-11 09:03:23,322 [WARN] PackLoader:240 - Cannot read IP mode file for STMicroelectronics.X-CUBE-AZRTOS-L4.2.0.0
2026-08-11 09:03:23,324 [WARN] ConditionMgr:1039 - genDependencies : Invalid condition id : LAN8742 Phy interface Condition cause : null
2026-08-11 09:03:23,325 [WARN] ConditionMgr:1039 - genDependencies : Invalid condition id : LAN8742 Phy interface Condition cause : null
2026-08-11 09:03:23,325 [WARN] ConditionMgr:1039 - genDependencies : Invalid condition id : LAN8742 Phy interface Condition cause : null
2026-08-11 09:03:23,336 [WARN] PackLoader:240 - Cannot read IP mode file for STMicroelectronics.X-CUBE-SFXS2LP1.4.0.0
2026-08-11 09:03:23,341 [ERROR] Engine:466 - C:\Users\Admin\.stm32cubemx\thirdparties\pdsc\quantropi.X-CUBE-qispace-sdk-base.2.1.0.pdsc: PDSC version is not supported
2026-08-11 09:03:23,355 [WARN] PackLoader:240 - Cannot read IP mode file for STMicroelectronics.X-CUBE-SUBG2.5.0.0
2026-08-11 09:03:23,377 [WARN] PackLoader:240 - Cannot read IP mode file for STMicroelectronics.X-CUBE-AZRTOS-G4.2.0.0
2026-08-11 09:03:23,385 [WARN] PackLoader:240 - Cannot read IP mode file for wolfSSL.I-CUBE-wolfSSH.1.4.20
2026-08-11 09:03:23,387 [INFO] ThirdParty:978 - Integrity check success = true
2026-08-11 09:03:23,388 [INFO] IntegrityCheckThread:100 - exiting critical section [integrity check]
2026-08-11 09:03:23,388 [INFO] IntegrityCheckThread:103 - End integrity checks thread
2026-08-11 09:03:42,342 [ERROR] LogOutputStream:75 - [STDERR_REDIRECT] SLF4J: Failed to load class "org.slf4j.impl.StaticLoggerBinder".
2026-08-11 09:03:42,343 [ERROR] LogOutputStream:75 - [STDERR_REDIRECT] SLF4J: Defaulting to no-operation (NOP) logger implementation
2026-08-11 09:03:42,346 [ERROR] LogOutputStream:75 - [STDERR_REDIRECT] SLF4J: See http://www.slf4j.org/codes.html#StaticLoggerBinder for further details.
2026-08-11 15:43:05,303 [INFO] McuFinderGlobals:63 - Set McuFinder mode to 2 (CubeIDE integrated)
2026-08-11 15:43:05,337 [INFO] MainUpdater:2868 - connection check result : 10
2026-08-11 15:43:05,338 [INFO] MainUpdater:2868 - connection check result : 10
2026-08-11 15:43:05,368 [INFO] MicroXplorer:468 - Change Database Path : 
2026-08-11 15:43:05,368 [INFO] MicroXplorer:498 - Change Database Version : DB.6.0.91
2026-08-11 15:43:05,371 [WARN] ThirdParty:871 - waiting for thirdparty lock release [close project]
2026-08-11 15:43:05,371 [INFO] ThirdParty:873 - entering critical section [close project]
2026-08-11 15:43:05,372 [INFO] ThirdParty:883 - exiting critical section [close project]
2026-08-11 15:43:05,373 [INFO] PinOutPanel:1499 - setPackage(No Configuration,No Configuration)
2026-08-11 15:43:05,378 [INFO] UtilMem:75 - Begin LoadConfig() Used Memory: 842483392 Bytes (1073741824)
2026-08-11 15:43:05,379 [INFO] MicroXplorer:468 - Change Database Path : 
2026-08-11 15:43:05,379 [INFO] MicroXplorer:498 - Change Database Version : DB.6.0.91
2026-08-11 15:43:05,379 [INFO] OpenFileManager:308 - Change cursor
2026-08-11 15:43:05,400 [INFO] Mcu:1946 - Initializing MCU STM32F405RGTx STM32F405RGTx STM32F405RGT6
2026-08-11 15:43:06,431 [INFO] Context:659 - Trying to add GPIOservice into a context  which must be forbidden
2026-08-11 15:43:06,870 [INFO] RtosManager:555 - Registered RTOS mode: class=CMSIS, group=RTOS, mode=CMSIS_V1, owner=FREERTOS
2026-08-11 15:43:06,870 [INFO] RtosManager:555 - Registered RTOS mode: class=CMSIS, group=RTOS2, mode=CMSIS_V2, owner=FREERTOS
2026-08-11 15:43:06,870 [INFO] RtosManager:555 - Registered RTOS mode: class=RTOS, group=Core, mode=CMSIS_V1, owner=FREERTOS
2026-08-11 15:43:06,870 [INFO] RtosManager:555 - Registered RTOS mode: class=RTOS, group=Core, mode=CMSIS_V2, owner=FREERTOS
2026-08-11 15:43:06,871 [WARN] ModelIntegratedComponent:184 - Missing modes for component STMicroelectronics:FreeRTOS:0.0.1:STMicroelectronics:RTOS:FreeRTOS:Core:::10.2.0:
2026-08-11 15:43:06,975 [WARN] ModelIntegratedComponent:63 - No mode defined for component null
2026-08-11 15:43:06,975 [WARN] ModelIntegratedComponent:63 - No mode defined for component null
2026-08-11 15:43:06,976 [WARN] ModelIntegratedComponent:63 - No mode defined for component null
2026-08-11 15:43:06,976 [WARN] ModelIntegratedComponent:63 - No mode defined for component null
2026-08-11 15:43:06,976 [WARN] ModelIntegratedComponent:63 - No mode defined for component null
2026-08-11 15:43:06,976 [WARN] ModelIntegratedComponent:63 - No mode defined for component null
2026-08-11 15:43:06,976 [WARN] ModelIntegratedComponent:63 - No mode defined for component null
2026-08-11 15:43:06,976 [WARN] ModelIntegratedComponent:63 - No mode defined for component null
2026-08-11 15:43:06,976 [WARN] ModelIntegratedComponent:63 - No mode defined for component null
2026-08-11 15:43:06,976 [WARN] ModelIntegratedComponent:63 - No mode defined for component null
2026-08-11 15:43:06,976 [WARN] ModelIntegratedComponent:63 - No mode defined for component null
2026-08-11 15:43:06,976 [WARN] ModelIntegratedComponent:63 - No mode defined for component null
2026-08-11 15:43:06,976 [WARN] ModelIntegratedComponent:63 - No mode defined for component null
2026-08-11 15:43:06,976 [WARN] ModelIntegratedComponent:63 - No mode defined for component null
2026-08-11 15:43:06,976 [WARN] ModelIntegratedComponent:63 - No mode defined for component null
2026-08-11 15:43:06,976 [WARN] ModelIntegratedComponent:63 - No mode defined for component null
2026-08-11 15:43:06,976 [WARN] ModelIntegratedComponent:63 - No mode defined for component null
2026-08-11 15:43:06,976 [WARN] ModelIntegratedComponent:63 - No mode defined for component null
2026-08-11 15:43:06,976 [WARN] ModelIntegratedComponent:63 - No mode defined for component null
2026-08-11 15:43:06,976 [WARN] ModelIntegratedComponent:63 - No mode defined for component null
2026-08-11 15:43:06,976 [WARN] ModelIntegratedComponent:63 - No mode defined for component null
2026-08-11 15:43:06,976 [WARN] ModelIntegratedComponent:63 - No mode defined for component null
2026-08-11 15:43:06,977 [WARN] ModelIntegratedComponent:63 - No mode defined for component null
2026-08-11 15:43:06,977 [WARN] ModelIntegratedComponent:63 - No mode defined for component null
2026-08-11 15:43:06,977 [WARN] ModelIntegratedComponent:63 - No mode defined for component null
2026-08-11 15:43:06,977 [WARN] ModelIntegratedComponent:63 - No mode defined for component null
2026-08-11 15:43:06,977 [WARN] ModelIntegratedComponent:63 - No mode defined for component null
2026-08-11 15:43:06,977 [WARN] ModelIntegratedComponent:63 - No mode defined for component null
2026-08-11 15:43:06,977 [WARN] ModelIntegratedComponent:63 - No mode defined for component null
2026-08-11 15:43:06,977 [WARN] ModelIntegratedComponent:63 - No mode defined for component null
2026-08-11 15:43:06,977 [WARN] ModelIntegratedComponent:63 - No mode defined for component null
2026-08-11 15:43:06,977 [WARN] ModelIntegratedComponent:63 - No mode defined for component null
2026-08-11 15:43:06,977 [WARN] ModelIntegratedComponent:63 - No mode defined for component null
2026-08-11 15:43:07,033 [INFO] ThirdPartyModel:298 - Start build external matchings
2026-08-11 15:43:07,194 [INFO] ThirdPartyModel:316 - End build external matchings
2026-08-11 15:43:07,206 [INFO] ImportTextPane:194 - (OptionalMessage_ERROR) IP (DMA) : Parameter (Instance) has Id (USART1_RX) currently not set
2026-08-11 15:43:07,206 [INFO] ImportTextPane:194 - (OptionalMessage_ERROR) IP (DMA) : Parameter (Channel) has Id (USART1_RX) currently not set
2026-08-11 15:43:07,206 [INFO] ImportTextPane:194 - (OptionalMessage_ERROR) IP (DMA) : Parameter (Direction) has Id (USART1_RX) currently not set
2026-08-11 15:43:07,207 [INFO] ImportTextPane:194 - (OptionalMessage_ERROR) IP (DMA) : Parameter (PeriphInc) has Id (USART1_RX) currently not set
2026-08-11 15:43:07,207 [INFO] ImportTextPane:194 - (OptionalMessage_ERROR) IP (DMA) : Parameter (MemInc) has Id (USART1_RX) currently not set
2026-08-11 15:43:07,207 [INFO] ImportTextPane:194 - (OptionalMessage_ERROR) IP (DMA) : Parameter (PeriphDataAlignment) has Id (USART1_RX) currently not set
2026-08-11 15:43:07,207 [INFO] ImportTextPane:194 - (OptionalMessage_ERROR) IP (DMA) : Parameter (MemDataAlignment) has Id (USART1_RX) currently not set
2026-08-11 15:43:07,207 [INFO] ImportTextPane:194 - (OptionalMessage_ERROR) IP (DMA) : Parameter (Mode) has Id (USART1_RX) currently not set
2026-08-11 15:43:07,207 [INFO] ImportTextPane:194 - (OptionalMessage_ERROR) IP (DMA) : Parameter (Priority) has Id (USART1_RX) currently not set
2026-08-11 15:43:07,207 [INFO] ImportTextPane:194 - (OptionalMessage_ERROR) IP (DMA) : Parameter (FIFOMode) has Id (USART1_RX) currently not set
2026-08-11 15:43:07,208 [INFO] ImportTextPane:194 - (OptionalMessage_ERROR) IP (RCC) : Parameter (48MHZClocksFreq_Value) has invalid value (84000000)
2026-08-11 15:43:07,209 [INFO] ImportTextPane:194 - (OptionalMessage_ERROR) IP (RCC) : Parameter (RTCHSEDivFreq_Value) has invalid value (4000000)
2026-08-11 15:43:07,424 [INFO] UtilMem:75 - End LoadConfig() Used Memory: 736031328 Bytes (1073741824)
2026-08-11 15:43:07,483 [INFO] ApiDb:581 - Connected to CubeFinder SQLite database (C:\Users\Admin\.stmcufinder\plugins\mcufinder\mcu\cube-finder-db.db)
2026-08-11 15:43:07,565 [INFO] ApiDb:668 - CubeFinder database Data Model version=2.1
2026-08-11 15:43:07,565 [INFO] ApiDb:669 - CubeFinder database Configuration version=3.0.42
2026-08-11 15:43:07,567 [INFO] ApiDb:670 - CubeFinder database generation date=2026-06-23 (1782213372)
2026-08-11 15:43:07,567 [INFO] ApiDb:671 - CubeFinder database FW Pack versions=[FP-ATR-ASTRA1_V2.0.0, FP-SNS-FLIGHT1_V5.1.0, FP-SNS-MOTENV1_V5.1.0, FP-SNS-MOTENVWB1_V1.5.0, FP-SNS-SMARTAG2_V1.2.0, FP-SNS-STBOX1_V2.1.0, STM32Cube_FW_C0_V1.4.0, STM32Cube_FW_F4_V1.28.3, STM32Cube_FW_F7_V1.17.4, STM32Cube_FW_G0_V1.6.3, STM32Cube_FW_G4_V1.6.2, STM32Cube_FW_H5_V1.7.0, STM32Cube_FW_H7RS_V1.3.0, STM32Cube_FW_H7_V1.13.0, STM32Cube_FW_L0_V1.12.2, STM32Cube_FW_L4_V1.18.2, STM32Cube_FW_L5_V1.6.0, STM32Cube_FW_N6_V1.4.0, STM32Cube_FW_U0_V1.3.0, STM32Cube_FW_U3_V1.4.0, STM32Cube_FW_U5_V1.9.0, STM32Cube_FW_WB0_V1.5.0, STM32Cube_FW_WBA_V1.10.0, STM32Cube_FW_WB_V1.24.0, STM32Cube_FW_WL3_V1.5.0, STM32Cube_FW_WL_V1.6.0, X-CUBE-ALGOBUILD_V1.5.0, X-CUBE-ALS_V1.0.2, X-CUBE-AZRTOS-F4_V1.1.0, X-CUBE-AZRTOS-F7_V1.1.0, X-CUBE-AZRTOS-G0_V1.1.0, X-CUBE-AZRTOS-G4_V2.0.0, X-CUBE-AZRTOS-H7RS_V1.1.0, X-CUBE-AZRTOS-H7_V3.5.0, X-CUBE-AZRTOS-L4_V2.0.0, X-CUBE-AZRTOS-L5_V2.0.0, X-CUBE-AZRTOS-WB_V2.0.0, X-CUBE-AZRTOS-WL_V2.0.0, X-CUBE-BLE1_V7.1.0, X-CUBE-BLE2_V3.3.0, X-CUBE-BLEMGR_V4.1.0, X-CUBE-EEPRMA1_V5.2.0, X-CUBE-FREERTOS_V1.5.0, X-CUBE-GNSS1_V7.1.1, X-CUBE-MEMS1_V12.1.0, X-CUBE-NFC4_V3.0.0, X-CUBE-NFC7_V2.0.0, X-CUBE-SFXS2LP1_V4.0.0, X-CUBE-ST67W61_V1.3.0, X-CUBE-SUBG2_V5.0.0, X-CUBE-TOF1_V3.4.3]
2026-08-11 15:43:10,030 [INFO] ApiDb:240 - Found 323 in-development CPN: [B-G473E-ZEST1S, B-WB1M-WPAN1, B-WL5M-SUBG1, NUCLEO-C031C6, NUCLEO-H503RB, NUCLEO-H563ZI, NUCLEO-U545RE-Q, NUCLEO-U5A5ZJ-Q, NUCLEO-WBA52CG, STEVAL-PROTEUS1, STEVAL-SMARTAG2, STEVAL-STWINBX1, STM320518-EVAL, STM32C0116-DK, STM32C011D6Y3TR, STM32C011D6Y6TR, STM32C011F4P3, STM32C011F4P6, STM32C011F4U3, STM32C011F4U6TR, STM32C011F6P3, STM32C011F6P6, STM32C011F6U3, STM32C011F6U6TR, STM32C011J4M3, STM32C011J4M6, STM32C011J6M3, STM32C011J6M6, STM32C0316-DK, STM32C031C4T3, STM32C031C4T6, STM32C031C4U3, STM32C031C4U6, STM32C031C6T3, STM32C031C6T6, STM32C031C6U3, STM32C031C6U6, STM32C031F4P3, STM32C031F4P6, STM32C031F6P3, STM32C031F6P6, STM32C031G4U3, STM32C031G4U6, STM32C031G6U3, STM32C031G6U6, STM32C031K4T3, STM32C031K4T6, STM32C031K4U3, STM32C031K4U6, STM32C031K6T3, STM32C031K6T6, STM32C031K6U3, STM32C031K6U6, STM32G071K8TXN, STM32G071K8UXN, STM32G081GBU6N, STM32G081KBT6N, STM32G081KBUXN, STM32G0B1CCT6N, STM32G0B1KCT6, STM32G0B1NEY6TR, STM32G0B1RCT6N, STM32G0C1CCT6, STM32G0C1CCT6N, STM32G0C1CCU6N, STM32G0C1CET6N, STM32G0C1CEU6N, STM32G0C1KCT6, STM32G0C1NEY6TR, STM32G0C1RCI6N, STM32G0C1RCT6N, STM32G0C1REI6N, STM32G0C1RET6N, STM32G0C1VCI6, STM32G0C1VEI6, STM32G471CCT6, STM32G471CCU6, STM32G471CET3, STM32G471CET6, STM32G471CEU3, STM32G471CEU6, STM32G471MCT6, STM32G471MET3, STM32G471MET6, STM32G471MEY6TR, STM32G471QCT6, STM32G471QET3, STM32G471RCT6, STM32G471RET3, STM32G471RET6, STM32G471VCH6, STM32G471VCI6, STM32G471VCT6, STM32G471VEH3, STM32G471VEH6, STM32G471VEI3, STM32G471VEI6, STM32G471VET3, STM32G471VET6, STM32G474CCT6, STM32H503CBT6, STM32H503CBU6, STM32H503EBY6TR, STM32H503KBU6, STM32H503RBT6, STM32H562AGI6, STM32H562AII6, STM32H562IGK6, STM32H562IGT6, STM32H562IIK6, STM32H562IIT6, STM32H562RGT6, STM32H562RGV6, STM32H562RIT6, STM32H562RIV6, STM32H562VGT6, STM32H562VIT6, STM32H562ZGT6, STM32H562ZIT6, STM32H563AGI6, STM32H563AII3Q, STM32H563AII6, STM32H563IGK6, STM32H563IGT6, STM32H563IIK3Q, STM32H563IIK6, STM32H563IIT3Q, STM32H563IIT6, STM32H563MIY3QTR, STM32H563RGT6, STM32H563RGV6, STM32H563RIT6, STM32H563RIV6, STM32H563VGT6, STM32H563VIT3Q, STM32H563VIT6, STM32H563ZGT6, STM32H563ZIT3Q, STM32H563ZIT6, STM32H573AII3Q, STM32H573AII6, STM32H573I-DK, STM32H573IIK3Q, STM32H573IIK6, STM32H573IIT3Q, STM32H573IIT6, STM32H573MIY3QTR, STM32H573RIT6, STM32H573RIV6, STM32H573VIT3Q, STM32H573VIT6, STM32H573ZIT3Q, STM32H573ZIT6, STM32L4R5QGI6STR, STM32MP131AAE3, STM32MP131AAF3, STM32MP131AAG3, STM32MP131CAE3, STM32MP131CAF3, STM32MP131CAG3, STM32MP131DAE7, STM32MP131DAF7, STM32MP131DAG7, STM32MP131FAE7, STM32MP131FAF7, STM32MP131FAG7, STM32MP133AAE3, STM32MP133AAF3, STM32MP133AAG3, STM32MP133CAE3, STM32MP133CAF3, STM32MP133CAG3, STM32MP133DAE7, STM32MP133DAF7, STM32MP133DAG7, STM32MP133FAE7, STM32MP133FAF7, STM32MP133FAG7, STM32MP135AAE3, STM32MP135AAF3, STM32MP135AAG3, STM32MP135CAE3, STM32MP135CAF3, STM32MP135CAG3, STM32MP135DAE7, STM32MP135DAF7, STM32MP135DAG7, STM32MP135F-DK, STM32MP135FAE7, STM32MP135FAF7, STM32MP135FAF7T, STM32MP135FAF7U, STM32MP135FAG7, STM32U535CBT6, STM32U535CBT6Q, STM32U535CBU6, STM32U535CBU6Q, STM32U535CCT6, STM32U535CCT6Q, STM32U535CCU6, STM32U535CCU6Q, STM32U535CET6, STM32U535CET6Q, STM32U535CEU6, STM32U535CEU6Q, STM32U535JEY6QTR, STM32U535NCY6QTR, STM32U535NEY6QTR, STM32U535RBI6, STM32U535RBI6Q, STM32U535RBT6, STM32U535RBT6Q, STM32U535RCI6, STM32U535RCI6Q, STM32U535RCT6, STM32U535RCT6Q, STM32U535REI6, STM32U535REI6Q, STM32U535RET6, STM32U535RET6Q, STM32U535VCI6, STM32U535VCI6Q, STM32U535VCT6, STM32U535VCT6Q, STM32U535VEI6, STM32U535VEI6Q, STM32U535VET6, STM32U535VET6Q, STM32U545CET6, STM32U545CET6Q, STM32U545CEU6, STM32U545CEU6Q, STM32U545JEY6QTR, STM32U545NEY6QTR, STM32U545REI6, STM32U545REI6Q, STM32U545RET6, STM32U545RET6Q, STM32U545VEI6, STM32U545VEI6Q, STM32U545VET6, STM32U545VET6Q, STM32U595AIH6, STM32U595AIH6Q, STM32U595AJH6, STM32U595AJH6Q, STM32U595QII6, STM32U595QII6Q, STM32U595QJI6, STM32U595QJI6Q, STM32U595RIT6, STM32U595RIT6Q, STM32U595RJT6, STM32U595RJT6Q, STM32U595VIT6, STM32U595VIT6Q, STM32U595VJT6, STM32U595VJT6Q, STM32U595ZIT6, STM32U595ZIT6Q, STM32U595ZIY6QTR, STM32U595ZJT6, STM32U595ZJT6Q, STM32U595ZJY6QTR, STM32U599BJY6QTR, STM32U599NIH6Q, STM32U599NJH6Q, STM32U599VIT6Q, STM32U599VJT6, STM32U599VJT6Q, STM32U599ZIT6Q, STM32U599ZIY6QTR, STM32U599ZJT6Q, STM32U599ZJY6QTR, STM32U5A5AJH6, STM32U5A5AJH6Q, STM32U5A5QJI6, STM32U5A5QJI6Q, STM32U5A5RJT6, STM32U5A5RJT6Q, STM32U5A5VJT6, STM32U5A5VJT6Q, STM32U5A5ZJT6, STM32U5A5ZJT6Q, STM32U5A5ZJY6QTR, STM32U5A9BJY6QTR, STM32U5A9J-DK, STM32U5A9NJH6Q, STM32U5A9VJT6Q, STM32U5A9ZJT6Q, STM32U5A9ZJY6QTR, STM32U5F7VIT6, STM32U5F7VIT6Q, STM32U5F7VJT6, STM32U5F7VJT6Q, STM32U5F9BJY6QTR, STM32U5F9NJH6Q, STM32U5F9VIT6Q, STM32U5F9VJT6Q, STM32U5F9ZIJ6QTR, STM32U5F9ZIT6Q, STM32U5F9ZJJ6QTR, STM32U5F9ZJT6Q, STM32U5G7VJT6, STM32U5G7VJT6Q, STM32U5G9BJY6QTR, STM32U5G9J-DK1, STM32U5G9J-DK2, STM32U5G9NJH6Q, STM32U5G9VJT6Q, STM32U5G9ZJJ6QTR, STM32U5G9ZJT6Q, STM32WB1MMCH6, STM32WBA52CEU6, STM32WBA52CEU6T, STM32WBA52CGU6, STM32WBA52CGU6T, STM32WBA52KEU6, STM32WBA52KEU6T, STM32WBA52KGU6, STM32WBA52KGU6T, STM32WL5MOCH6, STM32WL5MOCH6TR]
2026-08-11 15:43:10,035 [INFO] DbMcus:217 - Found 5228 MCUs, 5075 are supported
2026-08-11 15:43:10,035 [INFO] ApiDb:423 - Load user favorites file C:\Users\Admin/.stm32cubeide/favorites.mcus.txt: 4 item(s)
2026-08-11 15:43:10,035 [INFO] ApiDb:427 - User favorites MCUs=[STM32F103C8T6, STM32F405RGT6, STM32F411CEU6, STM32H523CET6]
2026-08-11 15:43:10,036 [INFO] DbMcus:223 - Set 4 / 4 favorites MCUs
2026-08-11 15:43:10,447 [WARN] ThirdParty:833 - waiting for thirdparty lock release [change project]
2026-08-11 15:43:10,447 [INFO] ThirdParty:835 - entering critical section [change project]
2026-08-11 15:43:10,448 [INFO] ThirdParty:1030 - CMSIS Pack Vendor :STMicroelectronics USBPD 4.1
2026-08-11 15:43:10,448 [INFO] ThirdParty:1030 - CMSIS Pack Vendor :STMicroelectronics USB_HOST 2.0.0
2026-08-11 15:43:10,448 [INFO] ThirdParty:1030 - CMSIS Pack Vendor :STMicroelectronics FP-ATR-ASTRA1 2.0.3
2026-08-11 15:43:10,448 [INFO] ThirdParty:1030 - CMSIS Pack Vendor :STMicroelectronics X-CUBE-AZRTOS-F4 1.1.0
2026-08-11 15:43:10,448 [INFO] ThirdParty:1030 - CMSIS Pack Vendor :STMicroelectronics LIBJPEG 8.0.0
2026-08-11 15:43:10,448 [INFO] ThirdParty:1030 - CMSIS Pack Vendor :STMicroelectronics FP-ATR-ASTRA1 2.0.2
2026-08-11 15:43:10,448 [INFO] ThirdParty:1030 - CMSIS Pack Vendor :STMicroelectronics X-CUBE-SMBUS 2.1.0
2026-08-11 15:43:10,448 [INFO] ThirdParty:1030 - CMSIS Pack Vendor :wolfSSL I-CUBE-wolfMQTT 1.19.2
2026-08-11 15:43:10,448 [INFO] ThirdParty:1030 - CMSIS Pack Vendor :STMicroelectronics USB_DEVICE 3.0.0
2026-08-11 15:43:10,448 [INFO] ThirdParty:1030 - CMSIS Pack Vendor :STMicroelectronics X-CUBE-AZRTOS-F7 1.1.0
2026-08-11 15:43:10,448 [INFO] ThirdParty:1030 - CMSIS Pack Vendor :STMicroelectronics USB_DEVICE 2.0.0
2026-08-11 15:43:10,448 [INFO] ThirdParty:1030 - CMSIS Pack Vendor :STMicroelectronics X-CUBE-ALGOBUILD 1.5.0
2026-08-11 15:43:10,448 [INFO] ThirdParty:1030 - CMSIS Pack Vendor :STMicroelectronics FreeRTOS 0.0.1
2026-08-11 15:43:10,448 [INFO] ThirdParty:1030 - CMSIS Pack Vendor :STMicroelectronics X-CUBE-AZRTOS-H7RS 1.3.0
2026-08-11 15:43:10,448 [INFO] ThirdParty:1030 - CMSIS Pack Vendor :STMicroelectronics X-CUBE-AZRTOS-G0 1.1.0
2026-08-11 15:43:10,448 [INFO] ThirdParty:1030 - CMSIS Pack Vendor :STMicroelectronics X-CUBE-NFC4 3.0.0
2026-08-11 15:43:10,448 [INFO] ThirdParty:1030 - CMSIS Pack Vendor :STMicroelectronics X-CUBE-SUBG2 5.0.0
2026-08-11 15:43:10,448 [INFO] ThirdParty:1030 - CMSIS Pack Vendor :STMicroelectronics STM32_WPAN 1.0.0
2026-08-11 15:43:10,448 [INFO] ThirdParty:1030 - CMSIS Pack Vendor :STMicroelectronics lwIP 2.0.3
2026-08-11 15:43:10,448 [INFO] ThirdParty:1030 - CMSIS Pack Vendor :STMicroelectronics X-CUBE-MEMS1 13.0.0
2026-08-11 15:43:10,448 [INFO] ThirdParty:1030 - CMSIS Pack Vendor :STMicroelectronics USB_HOST 1.0.0
2026-08-11 15:43:10,448 [INFO] ThirdParty:1030 - CMSIS Pack Vendor :STMicroelectronics X-CUBE-AZRTOS-G4 2.0.0
2026-08-11 15:43:10,448 [INFO] ThirdParty:1030 - CMSIS Pack Vendor :STMicroelectronics PDM2PCM 3.1.0
2026-08-11 15:43:10,448 [INFO] ThirdParty:1030 - CMSIS Pack Vendor :STMicroelectronics PDM2PCM 3.3.0
2026-08-11 15:43:10,448 [INFO] ThirdParty:1030 - CMSIS Pack Vendor :wolfSSL I-CUBE-wolfTPM 3.8.0
2026-08-11 15:43:10,448 [INFO] ThirdParty:1030 - CMSIS Pack Vendor :STMicroelectronics X-CUBE-DISPLAY 3.0.0
2026-08-11 15:43:10,448 [INFO] ThirdParty:1030 - CMSIS Pack Vendor :wolfSSL I-CUBE-wolfSSH 1.4.20
2026-08-11 15:43:10,448 [INFO] ThirdParty:1030 - CMSIS Pack Vendor :wolfSSL I-CUBE-wolfSSL 5.9.1
2026-08-11 15:43:10,448 [INFO] ThirdParty:1030 - CMSIS Pack Vendor :STMicroelectronics FP-ATR-SIGFOX1 3.2.0
2026-08-11 15:43:10,448 [INFO] ThirdParty:1030 - CMSIS Pack Vendor :STMicroelectronics HAL Drivers 0.0.0
2026-08-11 15:43:10,448 [INFO] ThirdParty:1030 - CMSIS Pack Vendor :STMicroelectronics MBEDTLS 2.16.2
2026-08-11 15:43:10,448 [INFO] ThirdParty:1030 - CMSIS Pack Vendor :emotas I-CUBE-CANOPEN 1.3.0
2026-08-11 15:43:10,448 [INFO] ThirdParty:1030 - CMSIS Pack Vendor :STMicroelectronics MBEDTLS 2.14.1
2026-08-11 15:43:10,448 [INFO] ThirdParty:1030 - CMSIS Pack Vendor :ITTIA_DB I-CUBE-ITTIADB 8.9.0
2026-08-11 15:43:10,448 [INFO] ThirdParty:1030 - CMSIS Pack Vendor :STMicroelectronics X-CUBE-TOUCHGFX 4.26.1
2026-08-11 15:43:10,448 [INFO] ThirdParty:1030 - CMSIS Pack Vendor :STMicroelectronics X-CUBE-AI 10.2.1
2026-08-11 15:43:10,448 [INFO] ThirdParty:1030 - CMSIS Pack Vendor :STMicroelectronics ThreadX 1.0.0
2026-08-11 15:43:10,449 [INFO] ThirdParty:1030 - CMSIS Pack Vendor :STMicroelectronics X-CUBE-MEMS1 12.1.0
2026-08-11 15:43:10,449 [INFO] ThirdParty:1030 - CMSIS Pack Vendor :STMicroelectronics X-CUBE-AZRTOS-WL 2.0.0
2026-08-11 15:43:10,449 [INFO] ThirdParty:1030 - CMSIS Pack Vendor :SEGGER I-CUBE-embOS 1.3.1
2026-08-11 15:43:10,449 [INFO] ThirdParty:1030 - CMSIS Pack Vendor :STMicroelectronics X-CUBE-ALGOBUILD 1.4.0
2026-08-11 15:43:10,449 [INFO] ThirdParty:1030 - CMSIS Pack Vendor :STMicroelectronics USB_DEVICE 1.0.0
2026-08-11 15:43:10,449 [INFO] ThirdParty:1030 - CMSIS Pack Vendor :STMicroelectronics X-CUBE-AZRTOS-H7RS 1.2.0
2026-08-11 15:43:10,449 [INFO] ThirdParty:1030 - CMSIS Pack Vendor :STMicroelectronics X-CUBE-AZRTOS-L4 2.0.0
2026-08-11 15:43:10,449 [INFO] ThirdParty:1030 - CMSIS Pack Vendor :STMicroelectronics ThreadX 0.0.2
2026-08-11 15:43:10,449 [INFO] ThirdParty:1030 - CMSIS Pack Vendor :STMicroelectronics lwIP 2.1.2
2026-08-11 15:43:10,449 [INFO] ThirdParty:1030 - CMSIS Pack Vendor :STMicroelectronics X-CUBE-SFXS2LP1 4.0.0
2026-08-11 15:43:10,449 [INFO] ThirdParty:1030 - CMSIS Pack Vendor :STMicroelectronics X-CUBE-BLE2 3.3.0
2026-08-11 15:43:10,449 [INFO] ThirdParty:1030 - CMSIS Pack Vendor :STMicroelectronics X-CUBE-NFC13 1.0.0
2026-08-11 15:43:10,449 [INFO] ThirdParty:1030 - CMSIS Pack Vendor :STMicroelectronics PDM2PCM 3.2.0
2026-08-11 15:43:10,449 [INFO] ThirdParty:841 - exiting critical section [change project]
2026-08-11 15:43:10,745 [INFO] PinOutPanel:1499 - setPackage(No Configuration,No Configuration)
2026-08-11 15:43:10,746 [INFO] PinOutPanel:1499 - setPackage(STM32F405RGTx,LQFP64)
2026-08-11 15:43:11,121 [INFO] UtilMem:75 - Before build in PCC Used Memory: 770245320 Bytes (1073741824)
2026-08-11 15:43:11,928 [INFO] UtilMem:75 - After build in PCC Used Memory: 845887648 Bytes (1073741824)
2026-08-11 15:43:11,957 [INFO] IPUIPlugin:80 - create IPUIPlugin
2026-08-11 15:43:11,957 [INFO] IPUIPlugin:80 - create IPUIPlugin
2026-08-11 15:43:11,957 [INFO] IPUIPlugin:80 - create IPUIPlugin
2026-08-11 15:43:11,957 [INFO] IPUIPlugin:80 - create IPUIPlugin
2026-08-11 15:43:11,957 [INFO] IPUIPlugin:80 - create IPUIPlugin
2026-08-11 15:43:11,958 [INFO] IPUIPlugin:80 - create IPUIPlugin
2026-08-11 15:43:11,958 [INFO] IPUIPlugin:80 - create IPUIPlugin
2026-08-11 15:43:11,958 [INFO] IPUIPlugin:80 - create IPUIPlugin
2026-08-11 15:43:11,958 [INFO] IPUIPlugin:80 - create IPUIPlugin
2026-08-11 15:43:11,958 [INFO] IPUIPlugin:80 - create IPUIPlugin
2026-08-11 15:43:11,958 [INFO] IPUIPlugin:80 - create IPUIPlugin
2026-08-11 15:43:11,959 [INFO] IPUIPlugin:80 - create IPUIPlugin
2026-08-11 15:43:11,959 [INFO] IPUIPlugin:80 - create IPUIPlugin
2026-08-11 15:43:11,959 [INFO] IPUIPlugin:80 - create IPUIPlugin
2026-08-11 15:43:11,959 [INFO] IPUIPlugin:80 - create IPUIPlugin
2026-08-11 15:43:11,959 [INFO] IPUIPlugin:80 - create IPUIPlugin
2026-08-11 15:43:11,959 [INFO] IPUIPlugin:80 - create IPUIPlugin
2026-08-11 15:43:11,959 [INFO] IPUIPlugin:80 - create IPUIPlugin
2026-08-11 15:43:11,960 [INFO] IPUIPlugin:80 - create IPUIPlugin
2026-08-11 15:43:11,960 [INFO] IPUIPlugin:80 - create IPUIPlugin
2026-08-11 15:43:11,960 [INFO] IPUIPlugin:80 - create IPUIPlugin
2026-08-11 15:43:11,960 [INFO] IPUIPlugin:80 - create IPUIPlugin
2026-08-11 15:43:11,961 [INFO] IPUIPlugin:80 - create IPUIPlugin
2026-08-11 15:43:11,961 [INFO] IPUIPlugin:80 - create IPUIPlugin
2026-08-11 15:43:11,961 [INFO] IPUIPlugin:80 - create IPUIPlugin
2026-08-11 15:43:11,961 [INFO] IPUIPlugin:80 - create IPUIPlugin
2026-08-11 15:43:11,961 [INFO] IPUIPlugin:80 - create IPUIPlugin
2026-08-11 15:43:11,962 [INFO] IPUIPlugin:80 - create IPUIPlugin
2026-08-11 15:43:11,962 [INFO] IPUIPlugin:80 - create IPUIPlugin
2026-08-11 15:43:11,962 [INFO] IPUIPlugin:80 - create IPUIPlugin
2026-08-11 15:43:11,962 [INFO] IPUIPlugin:80 - create IPUIPlugin
2026-08-11 15:43:11,962 [INFO] IPUIPlugin:80 - create IPUIPlugin
2026-08-11 15:43:11,962 [INFO] IPUIPlugin:80 - create IPUIPlugin
2026-08-11 15:43:11,963 [INFO] IPUIPlugin:80 - create IPUIPlugin
2026-08-11 15:43:11,963 [INFO] IPUIPlugin:80 - create IPUIPlugin
2026-08-11 15:43:11,963 [INFO] IPUIPlugin:80 - create IPUIPlugin
2026-08-11 15:43:11,963 [INFO] IPUIPlugin:80 - create IPUIPlugin
2026-08-11 15:43:11,963 [INFO] IPUIPlugin:80 - create IPUIPlugin
2026-08-11 15:43:11,963 [INFO] IPUIPlugin:80 - create IPUIPlugin
2026-08-11 15:43:11,963 [INFO] IPUIPlugin:80 - create IPUIPlugin
2026-08-11 15:43:11,964 [INFO] IPUIPlugin:80 - create IPUIPlugin
2026-08-11 15:43:11,964 [INFO] IPUIPlugin:80 - create IPUIPlugin
2026-08-11 15:43:11,964 [INFO] IPUIPlugin:80 - create IPUIPlugin
2026-08-11 15:43:11,964 [INFO] IPUIPlugin:80 - create IPUIPlugin
2026-08-11 15:43:11,964 [INFO] IPUIPlugin:80 - create IPUIPlugin
2026-08-11 15:43:11,965 [INFO] IPUIPlugin:80 - create IPUIPlugin
2026-08-11 15:43:11,965 [INFO] IPUIPlugin:80 - create IPUIPlugin
2026-08-11 15:43:11,965 [INFO] IPUIPlugin:80 - create IPUIPlugin
2026-08-11 15:43:11,965 [INFO] IPUIPlugin:80 - create IPUIPlugin
2026-08-11 15:43:11,966 [INFO] IPUIPlugin:80 - create IPUIPlugin
2026-08-11 15:43:11,966 [INFO] IPUIPlugin:80 - create IPUIPlugin
2026-08-11 15:43:11,966 [INFO] IPUIPlugin:80 - create IPUIPlugin
2026-08-11 15:43:11,966 [INFO] IPUIPlugin:80 - create IPUIPlugin
2026-08-11 15:43:11,967 [INFO] IPUIPlugin:80 - create IPUIPlugin
2026-08-11 15:43:12,034 [INFO] ApiDbMcu:507 - Load IP Config File for PDM2PCM
2026-08-11 15:43:12,044 [WARN] IP:2114 - I2C_Coeff_DF not found: check if there is a RefParameter without a condition.
2026-08-11 15:43:12,044 [WARN] IP:2114 - Analog_Filter not found: check if there is a RefParameter without a condition.
2026-08-11 15:43:12,269 [INFO] CADModel:165 - CPN selected for project levelSTM32F405RGT6
2026-08-11 15:43:12,269 [INFO] CADModel:114 - Register for checkConnection events
2026-08-11 15:43:12,319 [INFO] OpenFileManager:328 - Restore cursor
2026-08-11 15:43:12,460 [WARN] IP:2114 - I2C_Coeff_DF not found: check if there is a RefParameter without a condition.
2026-08-11 15:43:12,460 [WARN] IP:2114 - Analog_Filter not found: check if there is a RefParameter without a condition.
2026-08-11 15:43:12,460 [WARN] IP:2114 - I2C_Coeff_DF not found: check if there is a RefParameter without a condition.
2026-08-11 15:43:12,460 [WARN] IP:2114 - Analog_Filter not found: check if there is a RefParameter without a condition.
2026-08-11 15:44:52,870 [WARN] IP:2114 - I2C_Coeff_DF not found: check if there is a RefParameter without a condition.
2026-08-11 15:44:52,871 [WARN] IP:2114 - Analog_Filter not found: check if there is a RefParameter without a condition.
2026-08-11 15:44:52,871 [WARN] IP:2114 - I2C_Coeff_DF not found: check if there is a RefParameter without a condition.
2026-08-11 15:44:52,871 [WARN] IP:2114 - Analog_Filter not found: check if there is a RefParameter without a condition.
2026-08-11 15:44:52,922 [WARN] IP:2114 - I2C_Coeff_DF not found: check if there is a RefParameter without a condition.
2026-08-11 15:44:52,922 [WARN] IP:2114 - Analog_Filter not found: check if there is a RefParameter without a condition.
2026-08-11 15:44:52,962 [WARN] IP:2114 - I2C_Coeff_DF not found: check if there is a RefParameter without a condition.
2026-08-11 15:44:52,962 [WARN] IP:2114 - Analog_Filter not found: check if there is a RefParameter without a condition.
2026-08-11 15:45:02,749 [WARN] IP:2114 - I2C_Coeff_DF not found: check if there is a RefParameter without a condition.
2026-08-11 15:45:02,749 [WARN] IP:2114 - Analog_Filter not found: check if there is a RefParameter without a condition.
2026-08-11 15:45:02,749 [WARN] IP:2114 - I2C_Coeff_DF not found: check if there is a RefParameter without a condition.
2026-08-11 15:45:02,749 [WARN] IP:2114 - Analog_Filter not found: check if there is a RefParameter without a condition.
2026-08-11 15:45:02,780 [WARN] IP:2114 - I2C_Coeff_DF not found: check if there is a RefParameter without a condition.
2026-08-11 15:45:02,780 [WARN] IP:2114 - Analog_Filter not found: check if there is a RefParameter without a condition.
2026-08-11 15:45:02,809 [WARN] IP:2114 - I2C_Coeff_DF not found: check if there is a RefParameter without a condition.
2026-08-11 15:45:02,809 [WARN] IP:2114 - Analog_Filter not found: check if there is a RefParameter without a condition.
2026-08-11 15:45:31,947 [INFO] Gpio:273 - dependency for GPIO [I2C2, RCC, SYS, TIM1, USART1, USART2, USART3]
2026-08-11 15:46:10,501 [INFO] Gpio:273 - dependency for GPIO [I2C2, RCC, SYS, TIM1, USART1, USART2, USART3]
2026-08-11 15:46:10,531 [INFO] NvicIntPanel:101 - NVIC parent = com.st.microxplorer.plugins.ip.nvic.MultiNvicIntPanel[,0,0,0x0,invalid,layout=javax.swing.BoxLayout,alignmentX=0.0,alignmentY=0.0,border=,flags=9,maximumSize=,minimumSize=,preferredSize=]
2026-08-11 15:46:13,259 [INFO] Gpio:273 - dependency for GPIO [I2C2, RCC, SYS, TIM1, USART1, USART2, USART3]
2026-08-11 15:46:13,288 [INFO] NvicIntPanel:101 - NVIC parent = com.st.microxplorer.plugins.ip.nvic.MultiNvicIntPanel[,0,0,0x0,invalid,layout=javax.swing.BoxLayout,alignmentX=0.0,alignmentY=0.0,border=,flags=9,maximumSize=,minimumSize=,preferredSize=]
2026-08-11 15:46:46,576 [INFO] UtilMem:75 - End SaveConfig() Used Memory: 868906456 Bytes (1073741824)
2026-08-11 15:46:54,697 [INFO] UtilMem:75 - End SaveConfig() Used Memory: 768048192 Bytes (1073741824)
2026-08-11 15:46:55,127 [INFO] BlockDiagram:2759 - set Specific Code input for plugin: TIM1_8
2026-08-11 15:46:55,127 [INFO] BlockDiagram:2759 - set Specific Code input for plugin: TIM1_8
2026-08-11 15:46:55,127 [INFO] BlockDiagram:2759 - set Specific Code input for plugin: SYS
2026-08-11 15:46:55,127 [INFO] BlockDiagram:2759 - set Specific Code input for plugin: RCC
2026-08-11 15:46:55,127 [INFO] BlockDiagram:2759 - set Specific Code input for plugin: I2C
2026-08-11 15:46:55,127 [INFO] BlockDiagram:2759 - set Specific Code input for plugin: NVIC
2026-08-11 15:46:55,127 [INFO] BlockDiagram:2759 - set Specific Code input for plugin: USART
2026-08-11 15:46:55,127 [INFO] BlockDiagram:2759 - set Specific Code input for plugin: USART
2026-08-11 15:46:55,127 [INFO] BlockDiagram:2759 - set Specific Code input for plugin: USART
2026-08-11 15:46:55,127 [INFO] BlockDiagram:2759 - set Specific Code input for plugin: DMA
2026-08-11 15:46:55,127 [INFO] BlockDiagram:2759 - set Specific Code input for plugin: GPIO
2026-08-11 15:46:55,128 [INFO] CodeGenerator:799 - code generatio: config db path: C:\ST\STM32CubeIDE_1.13.1\STM32CubeIDE\plugins\com.st.stm32cube.common.mx_6.9.1.202307191849\\db\
2026-08-11 15:46:55,134 [WARN] IP:2114 - I2C_Coeff_DF not found: check if there is a RefParameter without a condition.
2026-08-11 15:46:55,134 [WARN] IP:2114 - Analog_Filter not found: check if there is a RefParameter without a condition.
2026-08-11 15:46:55,290 [INFO] CodeEngine:255 - oldGeneratedFile, C:\Users\Admin\Documents\GitHub\Drone-RTOS\Source\010Final\MXTmpFiles\license.tmp_save
2026-08-11 15:46:55,604 [INFO] CodeEngine:279 - Generated code: C:\Users\Admin\Documents\GitHub\Drone-RTOS\Source\010Final\MXTmpFiles\license.tmp
2026-08-11 15:46:55,646 [INFO] CodeEngine:255 - oldGeneratedFile, C:\Users\Admin\Documents\GitHub\Drone-RTOS\Source\010Final\MXTmpFiles\gpio.tmp_save
2026-08-11 15:46:55,766 [INFO] CodeEngine:279 - Generated code: C:\Users\Admin\Documents\GitHub\Drone-RTOS\Source\010Final\MXTmpFiles\gpio.tmp
2026-08-11 15:46:56,066 [INFO] CodeEngine:255 - oldGeneratedFile, C:\Users\Admin\Documents\GitHub\Drone-RTOS\Source\010Final\MXTmpFiles\dma.tmp_save
2026-08-11 15:46:56,138 [INFO] CodeEngine:279 - Generated code: C:\Users\Admin\Documents\GitHub\Drone-RTOS\Source\010Final\MXTmpFiles\dma.tmp
2026-08-11 15:46:56,142 [INFO] CodeEngine:255 - oldGeneratedFile, C:\Users\Admin\Documents\GitHub\Drone-RTOS\Source\010Final\MXTmpFiles\dma_GV.tmp_save
2026-08-11 15:46:56,201 [INFO] CodeEngine:279 - Generated code: C:\Users\Admin\Documents\GitHub\Drone-RTOS\Source\010Final\MXTmpFiles\dma_GV.tmp
2026-08-11 15:46:56,217 [INFO] CodeEngine:255 - oldGeneratedFile, C:\Users\Admin\Documents\GitHub\Drone-RTOS\Source\010Final\Core\Src\stm32f4xx_it.c_save
2026-08-11 15:46:56,365 [INFO] CodeEngine:279 - Generated code: C:\Users\Admin\Documents\GitHub\Drone-RTOS\Source\010Final\Core\Src\stm32f4xx_it.c
2026-08-11 15:46:56,372 [INFO] CodeEngine:255 - oldGeneratedFile, C:\Users\Admin\Documents\GitHub\Drone-RTOS\Source\010Final\Core\Inc\stm32f4xx_it.h_save
2026-08-11 15:46:56,434 [INFO] CodeEngine:279 - Generated code: C:\Users\Admin\Documents\GitHub\Drone-RTOS\Source\010Final\Core\Inc\stm32f4xx_it.h
2026-08-11 15:46:56,446 [INFO] CodeEngine:255 - oldGeneratedFile, C:\Users\Admin\Documents\GitHub\Drone-RTOS\Source\010Final\Core\Src\stm32f4xx_hal_msp.c_save
2026-08-11 15:46:56,559 [INFO] CodeEngine:279 - Generated code: C:\Users\Admin\Documents\GitHub\Drone-RTOS\Source\010Final\Core\Src\stm32f4xx_hal_msp.c
2026-08-11 15:46:56,563 [INFO] CodeEngine:255 - oldGeneratedFile, C:\Users\Admin\Documents\GitHub\Drone-RTOS\Source\010Final\MXTmpFiles\system.tmp_save
2026-08-11 15:46:56,615 [INFO] CodeEngine:279 - Generated code: C:\Users\Admin\Documents\GitHub\Drone-RTOS\Source\010Final\MXTmpFiles\system.tmp
2026-08-11 15:46:56,623 [INFO] CodeEngine:311 - oldGeneratedFile, C:\Users\Admin\Documents\GitHub\Drone-RTOS\Source\010Final\Core\Inc\stm32f4xx_hal_conf.h_save
2026-08-11 15:46:56,684 [INFO] CodeEngine:335 - Generated code: C:\Users\Admin\Documents\GitHub\Drone-RTOS\Source\010Final\Core\Inc\stm32f4xx_hal_conf.h
2026-08-11 15:46:56,707 [WARN] IPConfigManager:3431 - IP not found : TIM
2026-08-11 15:46:56,708 [WARN] CodeGenerator:3760 - IP not found : null
2026-08-11 15:46:56,727 [INFO] CodeEngine:255 - oldGeneratedFile, C:\Users\Admin\Documents\GitHub\Drone-RTOS\Source\010Final\Core\Inc\main.h_save
2026-08-11 15:46:56,797 [INFO] CodeEngine:279 - Generated code: C:\Users\Admin\Documents\GitHub\Drone-RTOS\Source\010Final\Core\Inc\main.h
2026-08-11 15:46:56,803 [INFO] CodeEngine:255 - oldGeneratedFile, C:\Users\Admin\Documents\GitHub\Drone-RTOS\Source\010Final\Core\Src\main.c_save
2026-08-11 15:46:56,957 [INFO] CodeEngine:279 - Generated code: C:\Users\Admin\Documents\GitHub\Drone-RTOS\Source\010Final\Core\Src\main.c
2026-08-11 15:46:57,415 [INFO] ProjectBuilder:3064 - Time for Copy HAL[1] : 165mS.
2026-08-11 15:46:57,420 [INFO] ProjectBuilder:4404 - Project Generator version: 4.1.0
2026-08-11 15:46:57,594 [INFO] ConfigFileManager:1457 - The Die is : DIE413
2026-08-11 15:46:57,600 [INFO] ApiDbMcu:507 - Load IP Config File for FATFS
2026-08-11 15:46:57,604 [INFO] ApiDbMcu:507 - Load IP Config File for FREERTOS
2026-08-11 15:46:57,605 [INFO] ApiDbMcu:507 - Load IP Config File for LIBJPEG
2026-08-11 15:46:57,610 [INFO] ApiDbMcu:507 - Load IP Config File for MBEDTLS
2026-08-11 15:46:57,616 [INFO] ApiDbMcu:507 - Load IP Config File for USB_DEVICE
2026-08-11 15:46:57,618 [INFO] ApiDbMcu:507 - Load IP Config File for USB_HOST
2026-08-11 15:46:58,394 [INFO] LogOutputStream:77 - [STDOUT_REDIRECT] 
2026-08-11 15:46:59,068 [INFO] ProjectBuilder:4626 - Time for Generating toolchain IDE Files: 1647mS.
2026-08-11 15:46:59,069 [INFO] ProjectBuilder:2935 - Time for Copy CMSIS : 1mS.
2026-08-11 15:46:59,074 [INFO] ProjectBuilder:2935 - Time for Copy CMSIS : 1mS.
2026-08-11 19:49:11,878 [INFO] Activator:176 - 


2026-08-11 19:49:11,882 [INFO] Activator:177 - !SESSION log4j initialized
2026-08-11 19:49:19,884 [INFO] LogOutputStream:77 - [STDOUT_REDIRECT] 
2026-08-11 19:49:22,202 [INFO] ApplicationProperties:184 - Using Application install path: C:\ST\STM32CubeIDE_1.13.1\STM32CubeIDE\plugins\com.st.stm32cube.common.mx_6.9.1.202307191849
2026-08-11 19:49:22,235 [INFO] DbMcusXml:78 - Set database path to: C:\ST\STM32CubeIDE_1.13.1\STM32CubeIDE\plugins\com.st.stm32cube.common.mx_6.9.1.202307191849\\db\/mcu/
2026-08-11 19:49:22,236 [INFO] ApiDb:274 - Set plugin database path to: C:\ST\STM32CubeIDE_1.13.1\STM32CubeIDE\plugins\com.st.stm32cube.common.mx_6.9.1.202307191849\\db\/plugins/boardmanager/
2026-08-11 19:49:22,236 [WARN] ApiDb:259 - Overriding images path with different value:  => C:\ST\STM32CubeIDE_1.13.1\STM32CubeIDE\plugins\com.st.stm32cube.common.mx_6.9.1.202307191849\\db\/plugins/mcufinder/images/
2026-08-11 19:49:22,257 [INFO] ApiDb:250 - Set database path to: C:\Users\Admin\.stmcufinder\plugins\mcufinder//mcu/
2026-08-11 19:49:22,259 [INFO] DbMcusAds:125 - Set database path to: C:\Users\Admin\.stmcufinder\plugins\mcufinder//mcu/
2026-08-11 19:49:22,262 [INFO] CrossReferenceDbSqlite:203 - Set database path to: C:\Users\Admin\.stmcufinder\plugins\mcufinder//mcu/cs/
2026-08-11 19:49:22,426 [INFO] RulesReader:64 - Compatibility file has been processed (293 Rules)
2026-08-11 19:49:22,555 [INFO] DbMcusXml:78 - Set database path to: C:\ST\STM32CubeIDE_1.13.1\STM32CubeIDE\plugins\com.st.stm32cube.common.mx_6.9.1.202307191849\\db\/mcu/
2026-08-11 19:49:22,555 [INFO] ApiDb:274 - Set plugin database path to: C:\ST\STM32CubeIDE_1.13.1\STM32CubeIDE\plugins\com.st.stm32cube.common.mx_6.9.1.202307191849\\db\/plugins/boardmanager/
2026-08-11 19:49:22,556 [INFO] ApiDb:261 - Set plugin images path to: C:\ST\STM32CubeIDE_1.13.1\STM32CubeIDE\plugins\com.st.stm32cube.common.mx_6.9.1.202307191849\\db\/plugins/mcufinder/images/
2026-08-11 19:49:22,556 [WARN] DbFile:41 - Overriding database path with different value: C:\Users\Admin\.stmcufinder\plugins\mcufinder/ => C:\Users\Admin\.stmcufinder\plugins\mcufinder
2026-08-11 19:49:22,556 [INFO] ApiDb:250 - Set database path to: C:\Users\Admin\.stmcufinder\plugins\mcufinder//mcu/
2026-08-11 19:49:22,556 [WARN] DbFile:41 - Overriding database path with different value: C:\Users\Admin\.stmcufinder\plugins\mcufinder/ => C:\Users\Admin\.stmcufinder\plugins\mcufinder
2026-08-11 19:49:22,557 [INFO] DbMcusAds:125 - Set database path to: C:\Users\Admin\.stmcufinder\plugins\mcufinder//mcu/
2026-08-11 19:49:22,557 [WARN] DbFile:41 - Overriding database path with different value: C:\Users\Admin\.stmcufinder\plugins\mcufinder/ => C:\Users\Admin\.stmcufinder\plugins\mcufinder
2026-08-11 19:49:22,557 [WARN] DbFile:41 - Overriding database path with different value: C:\Users\Admin\.stmcufinder\plugins\mcufinder/ => C:\Users\Admin\.stmcufinder\plugins\mcufinder
2026-08-11 19:49:22,557 [INFO] CrossReferenceDbSqlite:203 - Set database path to: C:\Users\Admin\.stmcufinder\plugins\mcufinder//mcu/cs/
2026-08-11 19:49:22,676 [INFO] MainPanel:262 - HeapMemory: 268435456
2026-08-11 19:49:22,815 [INFO] DbMcusXml:78 - Set database path to: C:\ST\STM32CubeIDE_1.13.1\STM32CubeIDE\plugins\com.st.stm32cube.common.mx_6.9.1.202307191849\\db\/mcu/
2026-08-11 19:49:22,815 [INFO] ApiDb:274 - Set plugin database path to: C:\ST\STM32CubeIDE_1.13.1\STM32CubeIDE\plugins\com.st.stm32cube.common.mx_6.9.1.202307191849\\db\/plugins/boardmanager/
2026-08-11 19:49:22,815 [INFO] ApiDb:261 - Set plugin images path to: C:\ST\STM32CubeIDE_1.13.1\STM32CubeIDE\plugins\com.st.stm32cube.common.mx_6.9.1.202307191849\\db\/plugins/mcufinder/images/
2026-08-11 19:49:22,816 [WARN] DbFile:41 - Overriding database path with different value: C:\Users\Admin\.stmcufinder\plugins\mcufinder/ => C:\Users\Admin\.stmcufinder\plugins\mcufinder
2026-08-11 19:49:22,816 [INFO] ApiDb:250 - Set database path to: C:\Users\Admin\.stmcufinder\plugins\mcufinder//mcu/
2026-08-11 19:49:22,816 [WARN] DbFile:41 - Overriding database path with different value: C:\Users\Admin\.stmcufinder\plugins\mcufinder/ => C:\Users\Admin\.stmcufinder\plugins\mcufinder
2026-08-11 19:49:22,816 [INFO] DbMcusAds:125 - Set database path to: C:\Users\Admin\.stmcufinder\plugins\mcufinder//mcu/
2026-08-11 19:49:22,816 [WARN] DbFile:41 - Overriding database path with different value: C:\Users\Admin\.stmcufinder\plugins\mcufinder/ => C:\Users\Admin\.stmcufinder\plugins\mcufinder
2026-08-11 19:49:22,817 [WARN] DbFile:41 - Overriding database path with different value: C:\Users\Admin\.stmcufinder\plugins\mcufinder/ => C:\Users\Admin\.stmcufinder\plugins\mcufinder
2026-08-11 19:49:22,817 [INFO] CrossReferenceDbSqlite:203 - Set database path to: C:\Users\Admin\.stmcufinder\plugins\mcufinder//mcu/cs/
2026-08-11 19:49:22,847 [INFO] ApplicationProperties:184 - Using Application install path: C:\ST\STM32CubeIDE_1.13.1\STM32CubeIDE\plugins\com.st.stm32cube.common.mx_6.9.1.202307191849
2026-08-11 19:49:22,849 [INFO] PluginManage:196 - Search for loadable plugins [exclusion list=, ]
2026-08-11 19:49:22,851 [INFO] PluginManage:310 - Check plugin analytics
2026-08-11 19:49:23,112 [INFO] AnalyticsPlugin:253 - Accepted Software Licenses: STM32CubeMX.6.18.0
2026-08-11 19:49:23,113 [INFO] AnalyticsPlugin:255 - Accepted CMSIS Pack Licenses: 
2026-08-11 19:49:23,113 [INFO] AnalyticsPlugin:257 - Accepted Firmware Licenses: FW.F4.1.27.0,FW.F4.1.28.0,FW.F4.1.28.3
2026-08-11 19:49:23,120 [INFO] PluginManage:359 - Loaded plugin analytics (category:tool,tabindex:-1)
2026-08-11 19:49:23,122 [INFO] PluginManage:310 - Check plugin cadmodel
2026-08-11 19:49:23,131 [INFO] CADModel:105 - Init CAD model plugin
2026-08-11 19:49:23,131 [INFO] PluginManage:359 - Loaded plugin cadmodel (category:power,tabindex:5)
2026-08-11 19:49:23,132 [INFO] PluginManage:310 - Check plugin clock
2026-08-11 19:49:23,148 [INFO] PluginManage:359 - Loaded plugin clock (category:base,tabindex:2)
2026-08-11 19:49:23,149 [INFO] PluginManage:310 - Check plugin ddr
2026-08-11 19:49:23,152 [INFO] PluginManage:359 - Loaded plugin ddr (category:tool,tabindex:6)
2026-08-11 19:49:23,153 [INFO] PluginManage:310 - Check plugin filemanager
2026-08-11 19:49:23,347 [INFO] PluginManage:359 - Loaded plugin filemanager (category:base,tabindex:10)
2026-08-11 19:49:23,348 [INFO] PluginManage:310 - Check plugin ipmanager
2026-08-11 19:49:23,359 [INFO] PluginManage:359 - Loaded plugin ipmanager (category:base,tabindex:5)
2026-08-11 19:49:23,360 [INFO] PluginManage:310 - Check plugin lpbam
2026-08-11 19:49:23,372 [INFO] PluginManage:359 - Loaded plugin lpbam (category:base,tabindex:0)
2026-08-11 19:49:23,372 [INFO] PluginManage:310 - Check plugin memorymap
2026-08-11 19:49:23,392 [INFO] PluginManage:359 - Loaded plugin memorymap (category:base,tabindex:4)
2026-08-11 19:49:23,392 [INFO] PluginManage:310 - Check plugin pinoutandconfiguration
2026-08-11 19:49:23,405 [INFO] PluginManage:359 - Loaded plugin pinoutandconfiguration (category:base,tabindex:1)
2026-08-11 19:49:23,405 [INFO] PluginManage:310 - Check plugin pinoutconfig
2026-08-11 19:49:23,538 [WARN] SupportedApi:132 - Cannot load RTOS API schema: s4s-elt-must-match.1: The content of 'definitions' must match (annotation?, (simpleType | complexType)?, (unique | key | keyref)*)). A problem was found starting at: attribute.
2026-08-11 19:49:23,748 [INFO] PluginManage:359 - Loaded plugin pinoutconfig (category:base,tabindex:0)
2026-08-11 19:49:23,749 [INFO] PluginManage:310 - Check plugin power
2026-08-11 19:49:23,766 [INFO] PluginManage:359 - Loaded plugin power (category:power,tabindex:4)
2026-08-11 19:49:23,766 [INFO] PluginManage:310 - Check plugin projectmanager
2026-08-11 19:49:23,788 [INFO] PluginManage:359 - Loaded plugin projectmanager (category:projectmanager,tabindex:3)
2026-08-11 19:49:23,788 [INFO] PluginManage:310 - Check plugin thirdparty
2026-08-11 19:49:24,002 [INFO] PluginManage:359 - Loaded plugin thirdparty (category:base,tabindex:-1)
2026-08-11 19:49:24,002 [WARN] IntegrityCheckThread:84 - waiting for thirdparty lock release [integrity check]
2026-08-11 19:49:24,003 [INFO] PluginManage:310 - Check plugin tools
2026-08-11 19:49:24,003 [INFO] IntegrityCheckThread:86 - entering critical section [integrity check]
2026-08-11 19:49:24,004 [INFO] ThirdPartyUpdaterWithRetryManager:70 - Updater plugin not ready yet. [1/15]
2026-08-11 19:49:24,008 [INFO] PluginManage:359 - Loaded plugin tools (category:base,tabindex:7)
2026-08-11 19:49:24,008 [INFO] PluginManage:310 - Check plugin tutovideos
2026-08-11 19:49:24,302 [INFO] PluginManage:359 - Loaded plugin tutovideos (category:base,tabindex:-1)
2026-08-11 19:49:24,303 [INFO] PluginManage:310 - Check plugin updater
2026-08-11 19:49:24,320 [INFO] PluginManage:359 - Loaded plugin updater (category:base,tabindex:12)
2026-08-11 19:49:24,320 [INFO] PluginManage:310 - Check plugin userauth
2026-08-11 19:49:24,329 [INFO] UserAuth:113 - Init User Auth plugin
2026-08-11 19:49:24,329 [INFO] PluginManage:359 - Loaded plugin userauth (category:base,tabindex:14)
2026-08-11 19:49:24,329 [INFO] PluginManage:283 - PluginManage : Loaded plugins [17]
2026-08-11 19:49:24,666 [INFO] PinOutPanel:1499 - setPackage(No Configuration,No Configuration)
2026-08-11 19:49:24,825 [INFO] CADModel:165 - CPN selected for project level
2026-08-11 19:49:24,826 [INFO] CADModel:114 - Register for checkConnection events
2026-08-11 19:49:24,851 [INFO] IPUIPlugin:80 - create IPUIPlugin
2026-08-11 19:49:24,851 [INFO] PluginManager:220 - loadIPPluginJar : add adc
2026-08-11 19:49:24,855 [INFO] IPUIPlugin:80 - create IPUIPlugin
2026-08-11 19:49:24,856 [INFO] PluginManager:220 - loadIPPluginJar : add aes
2026-08-11 19:49:24,859 [INFO] IPUIPlugin:80 - create IPUIPlugin
2026-08-11 19:49:24,859 [INFO] PluginManager:220 - loadIPPluginJar : add can
2026-08-11 19:49:24,861 [INFO] IPUIPlugin:80 - create IPUIPlugin
2026-08-11 19:49:24,861 [INFO] PluginManager:220 - loadIPPluginJar : add comp
2026-08-11 19:49:24,865 [INFO] IPUIPlugin:80 - create IPUIPlugin
2026-08-11 19:49:24,865 [INFO] PluginManager:220 - loadIPPluginJar : add cryp
2026-08-11 19:49:24,868 [INFO] IPUIPlugin:80 - create IPUIPlugin
2026-08-11 19:49:24,868 [INFO] PluginManager:220 - loadIPPluginJar : add dfsdm
2026-08-11 19:49:24,876 [INFO] IPUIPlugin:80 - create IPUIPlugin
2026-08-11 19:49:24,877 [INFO] PluginManager:220 - loadIPPluginJar : add dma
2026-08-11 19:49:24,880 [INFO] IPUIPlugin:80 - create IPUIPlugin
2026-08-11 19:49:24,880 [INFO] PluginManager:220 - loadIPPluginJar : add dma3
2026-08-11 19:49:24,882 [INFO] IPUIPlugin:80 - create IPUIPlugin
2026-08-11 19:49:24,882 [INFO] PluginManager:220 - loadIPPluginJar : add fatfs
2026-08-11 19:49:24,887 [INFO] IPUIPlugin:80 - create IPUIPlugin
2026-08-11 19:49:24,888 [INFO] PluginManager:220 - loadIPPluginJar : add fmc
2026-08-11 19:49:24,896 [INFO] IPUIPlugin:80 - create IPUIPlugin
2026-08-11 19:49:24,896 [INFO] PluginManager:220 - loadIPPluginJar : add freertos
2026-08-11 19:49:24,898 [INFO] IPUIPlugin:80 - create IPUIPlugin
2026-08-11 19:49:24,899 [INFO] PluginManager:220 - loadIPPluginJar : add genericplugin
2026-08-11 19:49:24,902 [INFO] IPUIPlugin:80 - create IPUIPlugin
2026-08-11 19:49:24,902 [INFO] PluginManager:220 - loadIPPluginJar : add gfxmmu
2026-08-11 19:49:24,908 [INFO] IPUIPlugin:80 - create IPUIPlugin
2026-08-11 19:49:24,908 [INFO] PluginManager:220 - loadIPPluginJar : add gic
2026-08-11 19:49:24,913 [INFO] IPUIPlugin:80 - create IPUIPlugin
2026-08-11 19:49:24,913 [INFO] PluginManager:220 - loadIPPluginJar : add gpio
2026-08-11 19:49:24,917 [INFO] IPUIPlugin:80 - create IPUIPlugin
2026-08-11 19:49:24,918 [INFO] PluginManager:220 - loadIPPluginJar : add gtzc
2026-08-11 19:49:24,921 [INFO] IPUIPlugin:80 - create IPUIPlugin
2026-08-11 19:49:24,921 [INFO] PluginManager:220 - loadIPPluginJar : add hash
2026-08-11 19:49:24,925 [INFO] IPUIPlugin:80 - create IPUIPlugin
2026-08-11 19:49:24,925 [INFO] PluginManager:220 - loadIPPluginJar : add i2c
2026-08-11 19:49:24,929 [INFO] IPUIPlugin:80 - create IPUIPlugin
2026-08-11 19:49:24,929 [INFO] PluginManager:220 - loadIPPluginJar : add i2s
2026-08-11 19:49:24,933 [INFO] IPUIPlugin:80 - create IPUIPlugin
2026-08-11 19:49:24,933 [INFO] PluginManager:220 - loadIPPluginJar : add i3c
2026-08-11 19:49:24,937 [INFO] IPUIPlugin:80 - create IPUIPlugin
2026-08-11 19:49:24,937 [INFO] PluginManager:220 - loadIPPluginJar : add ipddr
2026-08-11 19:49:24,947 [INFO] IPUIPlugin:80 - create IPUIPlugin
2026-08-11 19:49:24,948 [INFO] PluginManager:220 - loadIPPluginJar : add linkedlist
2026-08-11 19:49:24,951 [INFO] IPUIPlugin:80 - create IPUIPlugin
2026-08-11 19:49:24,952 [INFO] PluginManager:220 - loadIPPluginJar : add lorawan
2026-08-11 19:49:24,954 [INFO] IPUIPlugin:80 - create IPUIPlugin
2026-08-11 19:49:24,954 [INFO] PluginManager:220 - loadIPPluginJar : add ltdc
2026-08-11 19:49:24,963 [INFO] IPUIPlugin:80 - create IPUIPlugin
2026-08-11 19:49:24,963 [INFO] PluginManager:220 - loadIPPluginJar : add mdma
2026-08-11 19:49:24,969 [INFO] IPUIPlugin:80 - create IPUIPlugin
2026-08-11 19:49:24,970 [INFO] PluginManager:220 - loadIPPluginJar : add nvic
2026-08-11 19:49:24,973 [INFO] IPUIPlugin:80 - create IPUIPlugin
2026-08-11 19:49:24,973 [INFO] PluginManager:220 - loadIPPluginJar : add opamp
2026-08-11 19:49:24,977 [INFO] IPUIPlugin:80 - create IPUIPlugin
2026-08-11 19:49:24,978 [INFO] PluginManager:220 - loadIPPluginJar : add openamp
2026-08-11 19:49:24,982 [INFO] IPUIPlugin:80 - create IPUIPlugin
2026-08-11 19:49:24,982 [INFO] PluginManager:220 - loadIPPluginJar : add pdm2pcm
2026-08-11 19:49:24,990 [INFO] IPUIPlugin:80 - create IPUIPlugin
2026-08-11 19:49:24,994 [INFO] PluginManager:220 - loadIPPluginJar : add plateformsettings
2026-08-11 19:49:24,996 [INFO] IPUIPlugin:80 - create IPUIPlugin
2026-08-11 19:49:24,997 [INFO] PluginManager:220 - loadIPPluginJar : add quadspi
2026-08-11 19:49:25,003 [INFO] IPUIPlugin:80 - create IPUIPlugin
2026-08-11 19:49:25,003 [INFO] PluginManager:220 - loadIPPluginJar : add resmgrutility
2026-08-11 19:49:25,007 [INFO] IPUIPlugin:80 - create IPUIPlugin
2026-08-11 19:49:25,007 [INFO] PluginManager:220 - loadIPPluginJar : add sai
2026-08-11 19:49:25,010 [INFO] IPUIPlugin:80 - create IPUIPlugin
2026-08-11 19:49:25,010 [INFO] PluginManager:220 - loadIPPluginJar : add spi
2026-08-11 19:49:25,016 [INFO] IPUIPlugin:80 - create IPUIPlugin
2026-08-11 19:49:25,016 [INFO] PluginManager:220 - loadIPPluginJar : add stm32_wpan
2026-08-11 19:49:25,020 [INFO] IPUIPlugin:80 - create IPUIPlugin
2026-08-11 19:49:25,020 [INFO] PluginManager:220 - loadIPPluginJar : add tim
2026-08-11 19:49:25,024 [INFO] IPUIPlugin:80 - create IPUIPlugin
2026-08-11 19:49:25,024 [INFO] PluginManager:220 - loadIPPluginJar : add touchsensing
2026-08-11 19:49:25,026 [INFO] IPUIPlugin:80 - create IPUIPlugin
2026-08-11 19:49:25,027 [INFO] PluginManager:220 - loadIPPluginJar : add tracer_emb
2026-08-11 19:49:25,029 [INFO] IPUIPlugin:80 - create IPUIPlugin
2026-08-11 19:49:25,030 [INFO] PluginManager:220 - loadIPPluginJar : add ts
2026-08-11 19:49:25,031 [INFO] IPUIPlugin:80 - create IPUIPlugin
2026-08-11 19:49:25,031 [INFO] PluginManager:220 - loadIPPluginJar : add tsc
2026-08-11 19:49:25,035 [INFO] IPUIPlugin:80 - create IPUIPlugin
2026-08-11 19:49:25,035 [INFO] PluginManager:220 - loadIPPluginJar : add ucpd
2026-08-11 19:49:25,038 [INFO] IPUIPlugin:80 - create IPUIPlugin
2026-08-11 19:49:25,039 [INFO] PluginManager:220 - loadIPPluginJar : add usart
2026-08-11 19:49:25,042 [INFO] IPUIPlugin:80 - create IPUIPlugin
2026-08-11 19:49:25,042 [INFO] PluginManager:220 - loadIPPluginJar : add usbx
2026-08-11 19:49:25,199 [INFO] CADModel:165 - CPN selected for project level
2026-08-11 19:49:25,199 [INFO] CADModel:114 - Register for checkConnection events
2026-08-11 19:49:25,199 [FATAL] Updater:308 - Updater called before beeing initialized
2026-08-11 19:49:25,200 [ERROR] CADModel:125 - Updater not yet initialized, retry later 
2026-08-11 19:49:25,490 [INFO] CADModel:165 - CPN selected for project level
2026-08-11 19:49:25,490 [INFO] CADModel:114 - Register for checkConnection events
2026-08-11 19:49:25,490 [FATAL] Updater:308 - Updater called before beeing initialized
2026-08-11 19:49:25,491 [ERROR] CADModel:125 - Updater not yet initialized, retry later 
2026-08-11 19:49:25,496 [FATAL] Updater:308 - Updater called before beeing initialized
2026-08-11 19:49:25,658 [FATAL] Updater:308 - Updater called before beeing initialized
2026-08-11 19:49:25,667 [INFO] DbMcusAds:53 - JSON generation date=Wed Jul 15 16:44:54 GMT+07:00 2026 (1784108694001)
2026-08-11 19:49:25,668 [FATAL] Updater:308 - Updater called before beeing initialized
2026-08-11 19:49:25,732 [WARN] DetailPanel:346 - Failed to get advertising image, set to default
2026-08-11 19:49:25,901 [FATAL] Updater:308 - Updater called before beeing initialized
2026-08-11 19:49:25,904 [FATAL] Updater:308 - Updater called before beeing initialized
2026-08-11 19:49:25,904 [FATAL] Updater:308 - Updater called before beeing initialized
2026-08-11 19:49:25,904 [WARN] DetailPanel:346 - Failed to get advertising image, set to default
2026-08-11 19:49:25,906 [FATAL] Updater:308 - Updater called before beeing initialized
2026-08-11 19:49:25,983 [ERROR] Updater:1120 - MainUpdater not yet initialized. External WinMGr cannot be set.
2026-08-11 19:49:25,986 [INFO] Updater:1056 - Updater Version found : 6.9.1
2026-08-11 19:49:26,012 [INFO] ApplicationProperties:184 - Using Application install path: C:\ST\STM32CubeIDE_1.13.1\STM32CubeIDE\plugins\com.st.stm32cube.common.mx_6.9.1.202307191849
2026-08-11 19:49:26,320 [INFO] MainUpdater:2868 - connection check result : 10
2026-08-11 19:49:26,322 [INFO] MainUpdater:285 - Updater Check For Update Now.
2026-08-11 19:49:26,323 [INFO] MicroXplorer:498 - Change Database Version : DB.6.0.91
2026-08-11 19:49:26,341 [INFO] McuFinderGlobals:63 - Set McuFinder mode to 2 (CubeIDE integrated)
2026-08-11 19:49:26,614 [INFO] CheckServerUpdateThread:120 - End of CheckServer Thread
2026-08-11 19:49:27,375 [WARN] PackLoader:240 - Cannot read IP mode file for STMicroelectronics.FP-ATR-ASTRA1.2.0.3
2026-08-11 19:49:27,383 [WARN] PackLoader:240 - Cannot read IP mode file for STMicroelectronics.FP-ATR-ASTRA1.2.0.2
2026-08-11 19:49:27,394 [ERROR] Engine:466 - C:\Users\Admin\.stm32cubemx\thirdparties\pdsc\STMicroelectronics.X-CUBE-SMBUS.2.1.1.pdsc: PDSC version is not supported
2026-08-11 19:49:27,403 [WARN] PackLoader:240 - Cannot read IP mode file for STMicroelectronics.X-CUBE-SMBUS.2.1.0
2026-08-11 19:49:27,462 [WARN] PackLoader:240 - Cannot read IP mode file for STMicroelectronics.X-CUBE-AZRTOS-F7.1.1.0
2026-08-11 19:49:27,482 [ERROR] Engine:466 - C:\Users\Admin\.stm32cubemx\thirdparties\pdsc\STMicroelectronics.X-CUBE-FREERTOS.1.6.0.pdsc: PDSC version is not supported
2026-08-11 19:49:27,551 [WARN] PackLoader:240 - Cannot read IP mode file for STMicroelectronics.X-CUBE-AZRTOS-H7RS.1.3.0
2026-08-11 19:49:27,572 [ERROR] Engine:466 - C:\Users\Admin\.stm32cubemx\thirdparties\pdsc\WES.I-CUBE-Cesium.1.4.0.pdsc: PDSC version is not supported
2026-08-11 19:49:27,594 [WARN] PackLoader:240 - Cannot read IP mode file for STMicroelectronics.X-CUBE-DISPLAY.3.0.0
2026-08-11 19:49:27,616 [WARN] PackLoader:240 - Cannot read IP mode file for wolfSSL.I-CUBE-wolfSSL.5.9.1
2026-08-11 19:49:27,631 [WARN] PackLoader:240 - Cannot read IP mode file for emotas.I-CUBE-CANOPEN.1.3.0
2026-08-11 19:49:27,637 [ERROR] Engine:466 - C:\Users\Admin\.stm32cubemx\thirdparties\pdsc\STMicroelectronics.X-CUBE-WBA.1.1.0.pdsc: PDSC version is not supported
2026-08-11 19:49:27,654 [INFO] LogOutputStream:77 - [STDOUT_REDIRECT] 1 : Invalid condition id : UX_CORESTACK_Condition cause : null
2026-08-11 19:49:27,655 [INFO] LogOutputStream:77 - [STDOUT_REDIRECT] 1 : Invalid condition id : UX_CORESTACK_Condition cause : null
2026-08-11 19:49:27,657 [INFO] LogOutputStream:77 - [STDOUT_REDIRECT] 1 : Invalid condition id : UX_CORESTACK_Condition cause : null
2026-08-11 19:49:27,659 [INFO] LogOutputStream:77 - [STDOUT_REDIRECT] 1 : Invalid condition id : UX_CORESTACK_Condition cause : null
2026-08-11 19:49:27,660 [INFO] LogOutputStream:77 - [STDOUT_REDIRECT] 1 : Invalid condition id : UX_CORESTACK_Condition cause : null
2026-08-11 19:49:27,666 [WARN] PackLoader:240 - Cannot read IP mode file for STMicroelectronics.X-CUBE-AZRTOS-WL.2.0.0
2026-08-11 19:49:27,699 [WARN] PackLoader:240 - Cannot read IP mode file for STMicroelectronics.X-CUBE-AZRTOS-H7RS.1.2.0
2026-08-11 19:49:27,720 [WARN] PackLoader:240 - Cannot read IP mode file for STMicroelectronics.X-CUBE-BLE2.3.3.0
2026-08-11 19:49:27,724 [ERROR] Engine:466 - C:\Users\Admin\.stm32cubemx\thirdparties\pdsc\Avnet-IOTCONNECT.X-CUBE-iotc-st67-sdk.1.0.0.pdsc: PDSC version is not supported
2026-08-11 19:49:27,731 [ERROR] Engine:466 - C:\Users\Admin\.stm32cubemx\thirdparties\pdsc\Infineon.AIROC-Wi-Fi-Bluetooth-STM32.1.8.0.pdsc: PDSC version is not supported
2026-08-11 19:49:27,736 [WARN] PackLoader:240 - Cannot read IP mode file for wolfSSL.I-CUBE-wolfMQTT.1.19.2
2026-08-11 19:49:27,753 [WARN] PackLoader:240 - Cannot read IP mode file for STMicroelectronics.X-CUBE-AZRTOS-G0.1.1.0
2026-08-11 19:49:27,763 [WARN] PackLoader:240 - Cannot read IP mode file for STMicroelectronics.X-CUBE-NFC4.3.0.0
2026-08-11 19:49:27,768 [ERROR] Engine:466 - C:\Users\Admin\.stm32cubemx\thirdparties\pdsc\EmbeddedOffice.I-CUBE-FS-RTOS.1.0.1.pdsc: PDSC version is not supported
2026-08-11 19:49:27,775 [WARN] PackLoader:240 - Cannot read IP mode file for wolfSSL.I-CUBE-wolfTPM.3.8.0
2026-08-11 19:49:27,779 [ERROR] Engine:466 - C:\Users\Admin\.stm32cubemx\thirdparties\pdsc\RealThread.X-CUBE-RT-Thread_Nano.4.1.1.pdsc: PDSC version is not supported
2026-08-11 19:49:27,783 [WARN] PackLoader:240 - Cannot read IP mode file for STMicroelectronics.FP-ATR-SIGFOX1.3.2.0
2026-08-11 19:49:27,787 [ERROR] Engine:466 - C:\Users\Admin\.stm32cubemx\thirdparties\pdsc\STMicroelectronics.X-CUBE-FREERTOS.1.5.0.pdsc: PDSC version is not supported
2026-08-11 19:49:27,795 [WARN] PackLoader:240 - Cannot read IP mode file for ITTIA_DB.I-CUBE-ITTIADB.8.9.0
2026-08-11 19:49:27,798 [ERROR] Engine:466 - C:\Users\Admin\.stm32cubemx\thirdparties\pdsc\Cesanta.I-CUBE-Mongoose.7.21.7.pdsc: PDSC version is not supported
2026-08-11 19:49:27,804 [WARN] PackLoader:240 - Cannot read IP mode file for STMicroelectronics.X-CUBE-AI.10.2.1
2026-08-11 19:49:27,872 [WARN] PackLoader:240 - Cannot read IP mode file for STMicroelectronics.X-CUBE-MEMS1.12.1.0
2026-08-11 19:49:28,154 [WARN] PackLoader:240 - Cannot read IP mode file for SEGGER.I-CUBE-embOS.1.3.1
2026-08-11 19:49:28,209 [WARN] PackLoader:240 - Cannot read IP mode file for STMicroelectronics.X-CUBE-ALGOBUILD.1.4.0
2026-08-11 19:49:28,218 [WARN] PackLoader:240 - Cannot read IP mode file for STMicroelectronics.X-CUBE-NFC13.1.0.0
2026-08-11 19:49:28,239 [WARN] PackLoader:240 - Cannot read IP mode file for STMicroelectronics.X-CUBE-AZRTOS-F4.1.1.0
2026-08-11 19:49:28,245 [ERROR] Engine:466 - C:\Users\Admin\.stm32cubemx\thirdparties\pdsc\STMicroelectronics.eDS-WB_DPC_TT-BIDIR.2.1.1.pdsc: PDSC version is not supported
2026-08-11 19:49:28,258 [WARN] PackLoader:240 - Cannot read IP mode file for STMicroelectronics.X-CUBE-ALGOBUILD.1.5.0
2026-08-11 19:49:28,348 [WARN] PackLoader:240 - Cannot read IP mode file for STMicroelectronics.X-CUBE-MEMS1.13.0.0
2026-08-11 19:49:28,559 [ERROR] Engine:466 - C:\Users\Admin\.stm32cubemx\thirdparties\pdsc\STMicroelectronics.eDS-WB_DPC_3PH2L-BIDIR.1.1.1.pdsc: PDSC version is not supported
2026-08-11 19:49:28,570 [WARN] PackLoader:240 - Cannot read IP mode file for STMicroelectronics.X-CUBE-TOUCHGFX.4.26.1
2026-08-11 19:49:28,591 [WARN] ConditionMgr:438 - getConditionDescription Invalid condition id : LAN8742 Phy interface Condition cause : null
2026-08-11 19:49:28,592 [WARN] PackLoader:240 - Cannot read IP mode file for STMicroelectronics.X-CUBE-AZRTOS-L4.2.0.0
2026-08-11 19:49:28,594 [WARN] ConditionMgr:1039 - genDependencies : Invalid condition id : LAN8742 Phy interface Condition cause : null
2026-08-11 19:49:28,595 [WARN] ConditionMgr:1039 - genDependencies : Invalid condition id : LAN8742 Phy interface Condition cause : null
2026-08-11 19:49:28,595 [WARN] ConditionMgr:1039 - genDependencies : Invalid condition id : LAN8742 Phy interface Condition cause : null
2026-08-11 19:49:28,605 [WARN] PackLoader:240 - Cannot read IP mode file for STMicroelectronics.X-CUBE-SFXS2LP1.4.0.0
2026-08-11 19:49:28,610 [ERROR] Engine:466 - C:\Users\Admin\.stm32cubemx\thirdparties\pdsc\quantropi.X-CUBE-qispace-sdk-base.2.1.0.pdsc: PDSC version is not supported
2026-08-11 19:49:28,621 [WARN] PackLoader:240 - Cannot read IP mode file for STMicroelectronics.X-CUBE-SUBG2.5.0.0
2026-08-11 19:49:28,645 [WARN] PackLoader:240 - Cannot read IP mode file for STMicroelectronics.X-CUBE-AZRTOS-G4.2.0.0
2026-08-11 19:49:28,657 [WARN] PackLoader:240 - Cannot read IP mode file for wolfSSL.I-CUBE-wolfSSH.1.4.20
2026-08-11 19:49:28,659 [INFO] ThirdParty:978 - Integrity check success = true
2026-08-11 19:49:28,659 [INFO] IntegrityCheckThread:100 - exiting critical section [integrity check]
2026-08-11 19:49:28,660 [INFO] IntegrityCheckThread:103 - End integrity checks thread
2026-08-11 19:49:48,203 [ERROR] LogOutputStream:75 - [STDERR_REDIRECT] SLF4J: Failed to load class "org.slf4j.impl.StaticLoggerBinder".
2026-08-11 19:49:48,203 [ERROR] LogOutputStream:75 - [STDERR_REDIRECT] SLF4J: Defaulting to no-operation (NOP) logger implementation
2026-08-11 19:49:48,205 [ERROR] LogOutputStream:75 - [STDERR_REDIRECT] SLF4J: See http://www.slf4j.org/codes.html#StaticLoggerBinder for further details.
