2026-08-14 15:23:07,718 [INFO] Activator:176 - 


2026-08-14 15:23:07,728 [INFO] Activator:177 - !SESSION log4j initialized
2026-08-14 15:23:14,824 [INFO] LogOutputStream:77 - [STDOUT_REDIRECT] 
2026-08-14 15:23:18,919 [INFO] ApplicationProperties:184 - Using Application install path: C:\ST\STM32CubeIDE_1.13.1\STM32CubeIDE\plugins\com.st.stm32cube.common.mx_6.9.1.202307191849
2026-08-14 15:23:18,973 [INFO] DbMcusXml:78 - Set database path to: C:\ST\STM32CubeIDE_1.13.1\STM32CubeIDE\plugins\com.st.stm32cube.common.mx_6.9.1.202307191849\\db\/mcu/
2026-08-14 15:23:18,973 [INFO] ApiDb:274 - Set plugin database path to: C:\ST\STM32CubeIDE_1.13.1\STM32CubeIDE\plugins\com.st.stm32cube.common.mx_6.9.1.202307191849\\db\/plugins/boardmanager/
2026-08-14 15:23:18,975 [WARN] ApiDb:259 - Overriding images path with different value:  => C:\ST\STM32CubeIDE_1.13.1\STM32CubeIDE\plugins\com.st.stm32cube.common.mx_6.9.1.202307191849\\db\/plugins/mcufinder/images/
2026-08-14 15:23:19,009 [INFO] ApiDb:250 - Set database path to: C:\Users\Admin\.stmcufinder\plugins\mcufinder//mcu/
2026-08-14 15:23:19,011 [INFO] DbMcusAds:125 - Set database path to: C:\Users\Admin\.stmcufinder\plugins\mcufinder//mcu/
2026-08-14 15:23:19,016 [INFO] CrossReferenceDbSqlite:203 - Set database path to: C:\Users\Admin\.stmcufinder\plugins\mcufinder//mcu/cs/
2026-08-14 15:23:19,334 [INFO] RulesReader:64 - Compatibility file has been processed (293 Rules)
2026-08-14 15:23:19,515 [INFO] DbMcusXml:78 - Set database path to: C:\ST\STM32CubeIDE_1.13.1\STM32CubeIDE\plugins\com.st.stm32cube.common.mx_6.9.1.202307191849\\db\/mcu/
2026-08-14 15:23:19,516 [INFO] ApiDb:274 - Set plugin database path to: C:\ST\STM32CubeIDE_1.13.1\STM32CubeIDE\plugins\com.st.stm32cube.common.mx_6.9.1.202307191849\\db\/plugins/boardmanager/
2026-08-14 15:23:19,516 [INFO] ApiDb:261 - Set plugin images path to: C:\ST\STM32CubeIDE_1.13.1\STM32CubeIDE\plugins\com.st.stm32cube.common.mx_6.9.1.202307191849\\db\/plugins/mcufinder/images/
2026-08-14 15:23:19,517 [WARN] DbFile:41 - Overriding database path with different value: C:\Users\Admin\.stmcufinder\plugins\mcufinder/ => C:\Users\Admin\.stmcufinder\plugins\mcufinder
2026-08-14 15:23:19,517 [INFO] ApiDb:250 - Set database path to: C:\Users\Admin\.stmcufinder\plugins\mcufinder//mcu/
2026-08-14 15:23:19,518 [WARN] DbFile:41 - Overriding database path with different value: C:\Users\Admin\.stmcufinder\plugins\mcufinder/ => C:\Users\Admin\.stmcufinder\plugins\mcufinder
2026-08-14 15:23:19,518 [INFO] DbMcusAds:125 - Set database path to: C:\Users\Admin\.stmcufinder\plugins\mcufinder//mcu/
2026-08-14 15:23:19,518 [WARN] DbFile:41 - Overriding database path with different value: C:\Users\Admin\.stmcufinder\plugins\mcufinder/ => C:\Users\Admin\.stmcufinder\plugins\mcufinder
2026-08-14 15:23:19,519 [WARN] DbFile:41 - Overriding database path with different value: C:\Users\Admin\.stmcufinder\plugins\mcufinder/ => C:\Users\Admin\.stmcufinder\plugins\mcufinder
2026-08-14 15:23:19,519 [INFO] CrossReferenceDbSqlite:203 - Set database path to: C:\Users\Admin\.stmcufinder\plugins\mcufinder//mcu/cs/
2026-08-14 15:23:19,704 [INFO] MainPanel:262 - HeapMemory: 268435456
2026-08-14 15:23:19,956 [INFO] DbMcusXml:78 - Set database path to: C:\ST\STM32CubeIDE_1.13.1\STM32CubeIDE\plugins\com.st.stm32cube.common.mx_6.9.1.202307191849\\db\/mcu/
2026-08-14 15:23:19,957 [INFO] ApiDb:274 - Set plugin database path to: C:\ST\STM32CubeIDE_1.13.1\STM32CubeIDE\plugins\com.st.stm32cube.common.mx_6.9.1.202307191849\\db\/plugins/boardmanager/
2026-08-14 15:23:19,957 [INFO] ApiDb:261 - Set plugin images path to: C:\ST\STM32CubeIDE_1.13.1\STM32CubeIDE\plugins\com.st.stm32cube.common.mx_6.9.1.202307191849\\db\/plugins/mcufinder/images/
2026-08-14 15:23:19,958 [WARN] DbFile:41 - Overriding database path with different value: C:\Users\Admin\.stmcufinder\plugins\mcufinder/ => C:\Users\Admin\.stmcufinder\plugins\mcufinder
2026-08-14 15:23:19,958 [INFO] ApiDb:250 - Set database path to: C:\Users\Admin\.stmcufinder\plugins\mcufinder//mcu/
2026-08-14 15:23:19,959 [WARN] DbFile:41 - Overriding database path with different value: C:\Users\Admin\.stmcufinder\plugins\mcufinder/ => C:\Users\Admin\.stmcufinder\plugins\mcufinder
2026-08-14 15:23:19,959 [INFO] DbMcusAds:125 - Set database path to: C:\Users\Admin\.stmcufinder\plugins\mcufinder//mcu/
2026-08-14 15:23:19,959 [WARN] DbFile:41 - Overriding database path with different value: C:\Users\Admin\.stmcufinder\plugins\mcufinder/ => C:\Users\Admin\.stmcufinder\plugins\mcufinder
2026-08-14 15:23:19,959 [WARN] DbFile:41 - Overriding database path with different value: C:\Users\Admin\.stmcufinder\plugins\mcufinder/ => C:\Users\Admin\.stmcufinder\plugins\mcufinder
2026-08-14 15:23:19,960 [INFO] CrossReferenceDbSqlite:203 - Set database path to: C:\Users\Admin\.stmcufinder\plugins\mcufinder//mcu/cs/
2026-08-14 15:23:20,012 [INFO] ApplicationProperties:184 - Using Application install path: C:\ST\STM32CubeIDE_1.13.1\STM32CubeIDE\plugins\com.st.stm32cube.common.mx_6.9.1.202307191849
2026-08-14 15:23:20,017 [INFO] PluginManage:196 - Search for loadable plugins [exclusion list=, ]
2026-08-14 15:23:20,022 [INFO] PluginManage:310 - Check plugin analytics
2026-08-14 15:23:20,447 [INFO] AnalyticsPlugin:253 - Accepted Software Licenses: STM32CubeMX.6.18.0
2026-08-14 15:23:20,448 [INFO] AnalyticsPlugin:255 - Accepted CMSIS Pack Licenses: 
2026-08-14 15:23:20,449 [INFO] AnalyticsPlugin:257 - Accepted Firmware Licenses: FW.F4.1.27.0,FW.F4.1.28.0,FW.F4.1.28.3
2026-08-14 15:23:20,459 [INFO] PluginManage:359 - Loaded plugin analytics (category:tool,tabindex:-1)
2026-08-14 15:23:20,461 [INFO] PluginManage:310 - Check plugin cadmodel
2026-08-14 15:23:20,480 [INFO] CADModel:105 - Init CAD model plugin
2026-08-14 15:23:20,481 [INFO] PluginManage:359 - Loaded plugin cadmodel (category:power,tabindex:5)
2026-08-14 15:23:20,481 [INFO] PluginManage:310 - Check plugin clock
2026-08-14 15:23:20,505 [INFO] PluginManage:359 - Loaded plugin clock (category:base,tabindex:2)
2026-08-14 15:23:20,506 [INFO] PluginManage:310 - Check plugin ddr
2026-08-14 15:23:20,513 [INFO] PluginManage:359 - Loaded plugin ddr (category:tool,tabindex:6)
2026-08-14 15:23:20,513 [INFO] PluginManage:310 - Check plugin filemanager
2026-08-14 15:23:20,839 [INFO] PluginManage:359 - Loaded plugin filemanager (category:base,tabindex:10)
2026-08-14 15:23:20,839 [INFO] PluginManage:310 - Check plugin ipmanager
2026-08-14 15:23:20,857 [INFO] PluginManage:359 - Loaded plugin ipmanager (category:base,tabindex:5)
2026-08-14 15:23:20,858 [INFO] PluginManage:310 - Check plugin lpbam
2026-08-14 15:23:20,879 [INFO] PluginManage:359 - Loaded plugin lpbam (category:base,tabindex:0)
2026-08-14 15:23:20,880 [INFO] PluginManage:310 - Check plugin memorymap
2026-08-14 15:23:20,912 [INFO] PluginManage:359 - Loaded plugin memorymap (category:base,tabindex:4)
2026-08-14 15:23:20,913 [INFO] PluginManage:310 - Check plugin pinoutandconfiguration
2026-08-14 15:23:20,932 [INFO] PluginManage:359 - Loaded plugin pinoutandconfiguration (category:base,tabindex:1)
2026-08-14 15:23:20,932 [INFO] PluginManage:310 - Check plugin pinoutconfig
2026-08-14 15:23:21,196 [WARN] SupportedApi:132 - Cannot load RTOS API schema: s4s-elt-must-match.1: The content of 'definitions' must match (annotation?, (simpleType | complexType)?, (unique | key | keyref)*)). A problem was found starting at: attribute.
2026-08-14 15:23:21,594 [INFO] PluginManage:359 - Loaded plugin pinoutconfig (category:base,tabindex:0)
2026-08-14 15:23:21,595 [INFO] PluginManage:310 - Check plugin power
2026-08-14 15:23:21,621 [INFO] PluginManage:359 - Loaded plugin power (category:power,tabindex:4)
2026-08-14 15:23:21,622 [INFO] PluginManage:310 - Check plugin projectmanager
2026-08-14 15:23:21,661 [INFO] PluginManage:359 - Loaded plugin projectmanager (category:projectmanager,tabindex:3)
2026-08-14 15:23:21,662 [INFO] PluginManage:310 - Check plugin thirdparty
2026-08-14 15:23:22,098 [INFO] PluginManage:359 - Loaded plugin thirdparty (category:base,tabindex:-1)
2026-08-14 15:23:22,098 [INFO] PluginManage:310 - Check plugin tools
2026-08-14 15:23:22,098 [WARN] IntegrityCheckThread:84 - waiting for thirdparty lock release [integrity check]
2026-08-14 15:23:22,100 [INFO] IntegrityCheckThread:86 - entering critical section [integrity check]
2026-08-14 15:23:22,103 [INFO] ThirdPartyUpdaterWithRetryManager:70 - Updater plugin not ready yet. [1/15]
2026-08-14 15:23:22,105 [INFO] PluginManage:359 - Loaded plugin tools (category:base,tabindex:7)
2026-08-14 15:23:22,106 [INFO] PluginManage:310 - Check plugin tutovideos
2026-08-14 15:23:22,591 [INFO] PluginManage:359 - Loaded plugin tutovideos (category:base,tabindex:-1)
2026-08-14 15:23:22,592 [INFO] PluginManage:310 - Check plugin updater
2026-08-14 15:23:22,616 [INFO] PluginManage:359 - Loaded plugin updater (category:base,tabindex:12)
2026-08-14 15:23:22,616 [INFO] PluginManage:310 - Check plugin userauth
2026-08-14 15:23:22,645 [INFO] UserAuth:113 - Init User Auth plugin
2026-08-14 15:23:22,645 [INFO] PluginManage:359 - Loaded plugin userauth (category:base,tabindex:14)
2026-08-14 15:23:22,646 [INFO] PluginManage:283 - PluginManage : Loaded plugins [17]
2026-08-14 15:23:23,263 [INFO] PinOutPanel:1499 - setPackage(No Configuration,No Configuration)
2026-08-14 15:23:23,482 [INFO] CADModel:165 - CPN selected for project level
2026-08-14 15:23:23,482 [INFO] CADModel:114 - Register for checkConnection events
2026-08-14 15:23:23,513 [INFO] IPUIPlugin:80 - create IPUIPlugin
2026-08-14 15:23:23,513 [INFO] PluginManager:220 - loadIPPluginJar : add adc
2026-08-14 15:23:23,518 [INFO] IPUIPlugin:80 - create IPUIPlugin
2026-08-14 15:23:23,519 [INFO] PluginManager:220 - loadIPPluginJar : add aes
2026-08-14 15:23:23,526 [INFO] IPUIPlugin:80 - create IPUIPlugin
2026-08-14 15:23:23,527 [INFO] PluginManager:220 - loadIPPluginJar : add can
2026-08-14 15:23:23,530 [INFO] IPUIPlugin:80 - create IPUIPlugin
2026-08-14 15:23:23,531 [INFO] PluginManager:220 - loadIPPluginJar : add comp
2026-08-14 15:23:23,536 [INFO] IPUIPlugin:80 - create IPUIPlugin
2026-08-14 15:23:23,536 [INFO] PluginManager:220 - loadIPPluginJar : add cryp
2026-08-14 15:23:23,541 [INFO] IPUIPlugin:80 - create IPUIPlugin
2026-08-14 15:23:23,542 [INFO] PluginManager:220 - loadIPPluginJar : add dfsdm
2026-08-14 15:23:23,553 [INFO] IPUIPlugin:80 - create IPUIPlugin
2026-08-14 15:23:23,555 [INFO] PluginManager:220 - loadIPPluginJar : add dma
2026-08-14 15:23:23,560 [INFO] IPUIPlugin:80 - create IPUIPlugin
2026-08-14 15:23:23,561 [INFO] PluginManager:220 - loadIPPluginJar : add dma3
2026-08-14 15:23:23,564 [INFO] IPUIPlugin:80 - create IPUIPlugin
2026-08-14 15:23:23,565 [INFO] PluginManager:220 - loadIPPluginJar : add fatfs
2026-08-14 15:23:23,576 [INFO] IPUIPlugin:80 - create IPUIPlugin
2026-08-14 15:23:23,576 [INFO] PluginManager:220 - loadIPPluginJar : add fmc
2026-08-14 15:23:23,588 [INFO] IPUIPlugin:80 - create IPUIPlugin
2026-08-14 15:23:23,589 [INFO] PluginManager:220 - loadIPPluginJar : add freertos
2026-08-14 15:23:23,592 [INFO] IPUIPlugin:80 - create IPUIPlugin
2026-08-14 15:23:23,592 [INFO] PluginManager:220 - loadIPPluginJar : add genericplugin
2026-08-14 15:23:23,597 [INFO] IPUIPlugin:80 - create IPUIPlugin
2026-08-14 15:23:23,597 [INFO] PluginManager:220 - loadIPPluginJar : add gfxmmu
2026-08-14 15:23:23,610 [INFO] IPUIPlugin:80 - create IPUIPlugin
2026-08-14 15:23:23,611 [INFO] PluginManager:220 - loadIPPluginJar : add gic
2026-08-14 15:23:23,621 [INFO] IPUIPlugin:80 - create IPUIPlugin
2026-08-14 15:23:23,621 [INFO] PluginManager:220 - loadIPPluginJar : add gpio
2026-08-14 15:23:23,628 [INFO] IPUIPlugin:80 - create IPUIPlugin
2026-08-14 15:23:23,629 [INFO] PluginManager:220 - loadIPPluginJar : add gtzc
2026-08-14 15:23:23,637 [INFO] IPUIPlugin:80 - create IPUIPlugin
2026-08-14 15:23:23,637 [INFO] PluginManager:220 - loadIPPluginJar : add hash
2026-08-14 15:23:23,649 [INFO] IPUIPlugin:80 - create IPUIPlugin
2026-08-14 15:23:23,650 [INFO] PluginManager:220 - loadIPPluginJar : add i2c
2026-08-14 15:23:23,658 [INFO] IPUIPlugin:80 - create IPUIPlugin
2026-08-14 15:23:23,659 [INFO] PluginManager:220 - loadIPPluginJar : add i2s
2026-08-14 15:23:23,666 [INFO] IPUIPlugin:80 - create IPUIPlugin
2026-08-14 15:23:23,666 [INFO] PluginManager:220 - loadIPPluginJar : add i3c
2026-08-14 15:23:23,674 [INFO] IPUIPlugin:80 - create IPUIPlugin
2026-08-14 15:23:23,674 [INFO] PluginManager:220 - loadIPPluginJar : add ipddr
2026-08-14 15:23:23,694 [INFO] IPUIPlugin:80 - create IPUIPlugin
2026-08-14 15:23:23,694 [INFO] PluginManager:220 - loadIPPluginJar : add linkedlist
2026-08-14 15:23:23,702 [INFO] IPUIPlugin:80 - create IPUIPlugin
2026-08-14 15:23:23,702 [INFO] PluginManager:220 - loadIPPluginJar : add lorawan
2026-08-14 15:23:23,706 [INFO] IPUIPlugin:80 - create IPUIPlugin
2026-08-14 15:23:23,706 [INFO] PluginManager:220 - loadIPPluginJar : add ltdc
2026-08-14 15:23:23,719 [INFO] IPUIPlugin:80 - create IPUIPlugin
2026-08-14 15:23:23,722 [INFO] PluginManager:220 - loadIPPluginJar : add mdma
2026-08-14 15:23:23,733 [INFO] IPUIPlugin:80 - create IPUIPlugin
2026-08-14 15:23:23,734 [INFO] PluginManager:220 - loadIPPluginJar : add nvic
2026-08-14 15:23:23,740 [INFO] IPUIPlugin:80 - create IPUIPlugin
2026-08-14 15:23:23,741 [INFO] PluginManager:220 - loadIPPluginJar : add opamp
2026-08-14 15:23:23,747 [INFO] IPUIPlugin:80 - create IPUIPlugin
2026-08-14 15:23:23,747 [INFO] PluginManager:220 - loadIPPluginJar : add openamp
2026-08-14 15:23:23,755 [INFO] IPUIPlugin:80 - create IPUIPlugin
2026-08-14 15:23:23,756 [INFO] PluginManager:220 - loadIPPluginJar : add pdm2pcm
2026-08-14 15:23:23,770 [INFO] IPUIPlugin:80 - create IPUIPlugin
2026-08-14 15:23:23,775 [INFO] PluginManager:220 - loadIPPluginJar : add plateformsettings
2026-08-14 15:23:23,779 [INFO] IPUIPlugin:80 - create IPUIPlugin
2026-08-14 15:23:23,779 [INFO] PluginManager:220 - loadIPPluginJar : add quadspi
2026-08-14 15:23:23,788 [INFO] IPUIPlugin:80 - create IPUIPlugin
2026-08-14 15:23:23,788 [INFO] PluginManager:220 - loadIPPluginJar : add resmgrutility
2026-08-14 15:23:23,794 [INFO] IPUIPlugin:80 - create IPUIPlugin
2026-08-14 15:23:23,795 [INFO] PluginManager:220 - loadIPPluginJar : add sai
2026-08-14 15:23:23,801 [INFO] IPUIPlugin:80 - create IPUIPlugin
2026-08-14 15:23:23,801 [INFO] PluginManager:220 - loadIPPluginJar : add spi
2026-08-14 15:23:23,810 [INFO] IPUIPlugin:80 - create IPUIPlugin
2026-08-14 15:23:23,810 [INFO] PluginManager:220 - loadIPPluginJar : add stm32_wpan
2026-08-14 15:23:23,815 [INFO] IPUIPlugin:80 - create IPUIPlugin
2026-08-14 15:23:23,815 [INFO] PluginManager:220 - loadIPPluginJar : add tim
2026-08-14 15:23:23,821 [INFO] IPUIPlugin:80 - create IPUIPlugin
2026-08-14 15:23:23,822 [INFO] PluginManager:220 - loadIPPluginJar : add touchsensing
2026-08-14 15:23:23,826 [INFO] IPUIPlugin:80 - create IPUIPlugin
2026-08-14 15:23:23,827 [INFO] PluginManager:220 - loadIPPluginJar : add tracer_emb
2026-08-14 15:23:23,831 [INFO] IPUIPlugin:80 - create IPUIPlugin
2026-08-14 15:23:23,831 [INFO] PluginManager:220 - loadIPPluginJar : add ts
2026-08-14 15:23:23,835 [INFO] IPUIPlugin:80 - create IPUIPlugin
2026-08-14 15:23:23,835 [INFO] PluginManager:220 - loadIPPluginJar : add tsc
2026-08-14 15:23:23,839 [INFO] IPUIPlugin:80 - create IPUIPlugin
2026-08-14 15:23:23,840 [INFO] PluginManager:220 - loadIPPluginJar : add ucpd
2026-08-14 15:23:23,846 [INFO] IPUIPlugin:80 - create IPUIPlugin
2026-08-14 15:23:23,846 [INFO] PluginManager:220 - loadIPPluginJar : add usart
2026-08-14 15:23:23,852 [INFO] IPUIPlugin:80 - create IPUIPlugin
2026-08-14 15:23:23,852 [INFO] PluginManager:220 - loadIPPluginJar : add usbx
2026-08-14 15:23:24,059 [INFO] CADModel:165 - CPN selected for project level
2026-08-14 15:23:24,059 [INFO] CADModel:114 - Register for checkConnection events
2026-08-14 15:23:24,060 [FATAL] Updater:308 - Updater called before beeing initialized
2026-08-14 15:23:24,060 [ERROR] CADModel:125 - Updater not yet initialized, retry later 
2026-08-14 15:23:24,438 [INFO] CADModel:165 - CPN selected for project level
2026-08-14 15:23:24,439 [INFO] CADModel:114 - Register for checkConnection events
2026-08-14 15:23:24,439 [FATAL] Updater:308 - Updater called before beeing initialized
2026-08-14 15:23:24,439 [ERROR] CADModel:125 - Updater not yet initialized, retry later 
2026-08-14 15:23:24,449 [FATAL] Updater:308 - Updater called before beeing initialized
2026-08-14 15:23:24,655 [FATAL] Updater:308 - Updater called before beeing initialized
2026-08-14 15:23:24,665 [INFO] DbMcusAds:53 - JSON generation date=Wed Jul 15 16:44:54 GMT+07:00 2026 (1784108694001)
2026-08-14 15:23:24,665 [FATAL] Updater:308 - Updater called before beeing initialized
2026-08-14 15:23:24,746 [WARN] DetailPanel:346 - Failed to get advertising image, set to default
2026-08-14 15:23:24,989 [FATAL] Updater:308 - Updater called before beeing initialized
2026-08-14 15:23:24,993 [FATAL] Updater:308 - Updater called before beeing initialized
2026-08-14 15:23:24,993 [FATAL] Updater:308 - Updater called before beeing initialized
2026-08-14 15:23:24,993 [WARN] DetailPanel:346 - Failed to get advertising image, set to default
2026-08-14 15:23:24,995 [FATAL] Updater:308 - Updater called before beeing initialized
2026-08-14 15:23:25,084 [ERROR] Updater:1120 - MainUpdater not yet initialized. External WinMGr cannot be set.
2026-08-14 15:23:25,087 [INFO] Updater:1056 - Updater Version found : 6.9.1
2026-08-14 15:23:25,104 [INFO] ThirdPartyUpdaterWithRetryManager:70 - Updater plugin not ready yet. [2/15]
2026-08-14 15:23:25,119 [INFO] ApplicationProperties:184 - Using Application install path: C:\ST\STM32CubeIDE_1.13.1\STM32CubeIDE\plugins\com.st.stm32cube.common.mx_6.9.1.202307191849
2026-08-14 15:23:25,427 [INFO] MainUpdater:2868 - connection check result : 10
2026-08-14 15:23:25,429 [INFO] MainUpdater:285 - Updater Check For Update Now.
2026-08-14 15:23:25,429 [INFO] MicroXplorer:498 - Change Database Version : DB.6.0.91
2026-08-14 15:23:25,445 [INFO] McuFinderGlobals:63 - Set McuFinder mode to 2 (CubeIDE integrated)
2026-08-14 15:23:25,813 [INFO] CheckServerUpdateThread:120 - End of CheckServer Thread
2026-08-14 15:23:28,521 [WARN] PackLoader:240 - Cannot read IP mode file for STMicroelectronics.FP-ATR-ASTRA1.2.0.3
2026-08-14 15:23:28,529 [WARN] PackLoader:240 - Cannot read IP mode file for STMicroelectronics.FP-ATR-ASTRA1.2.0.2
2026-08-14 15:23:28,542 [ERROR] Engine:466 - C:\Users\Admin\.stm32cubemx\thirdparties\pdsc\STMicroelectronics.X-CUBE-SMBUS.2.1.1.pdsc: PDSC version is not supported
2026-08-14 15:23:28,552 [WARN] PackLoader:240 - Cannot read IP mode file for STMicroelectronics.X-CUBE-SMBUS.2.1.0
2026-08-14 15:23:28,613 [WARN] PackLoader:240 - Cannot read IP mode file for STMicroelectronics.X-CUBE-AZRTOS-F7.1.1.0
2026-08-14 15:23:28,634 [ERROR] Engine:466 - C:\Users\Admin\.stm32cubemx\thirdparties\pdsc\STMicroelectronics.X-CUBE-FREERTOS.1.6.0.pdsc: PDSC version is not supported
2026-08-14 15:23:28,699 [WARN] PackLoader:240 - Cannot read IP mode file for STMicroelectronics.X-CUBE-AZRTOS-H7RS.1.3.0
2026-08-14 15:23:28,720 [ERROR] Engine:466 - C:\Users\Admin\.stm32cubemx\thirdparties\pdsc\WES.I-CUBE-Cesium.1.4.0.pdsc: PDSC version is not supported
2026-08-14 15:23:28,738 [WARN] PackLoader:240 - Cannot read IP mode file for STMicroelectronics.X-CUBE-DISPLAY.3.0.0
2026-08-14 15:23:28,759 [WARN] PackLoader:240 - Cannot read IP mode file for wolfSSL.I-CUBE-wolfSSL.5.9.1
2026-08-14 15:23:28,771 [WARN] PackLoader:240 - Cannot read IP mode file for emotas.I-CUBE-CANOPEN.1.3.0
2026-08-14 15:23:28,777 [ERROR] Engine:466 - C:\Users\Admin\.stm32cubemx\thirdparties\pdsc\STMicroelectronics.X-CUBE-WBA.1.1.0.pdsc: PDSC version is not supported
2026-08-14 15:23:28,808 [INFO] LogOutputStream:77 - [STDOUT_REDIRECT] 1 : Invalid condition id : UX_CORESTACK_Condition cause : null
2026-08-14 15:23:28,810 [INFO] LogOutputStream:77 - [STDOUT_REDIRECT] 1 : Invalid condition id : UX_CORESTACK_Condition cause : null
2026-08-14 15:23:28,812 [INFO] LogOutputStream:77 - [STDOUT_REDIRECT] 1 : Invalid condition id : UX_CORESTACK_Condition cause : null
2026-08-14 15:23:28,815 [INFO] LogOutputStream:77 - [STDOUT_REDIRECT] 1 : Invalid condition id : UX_CORESTACK_Condition cause : null
2026-08-14 15:23:28,818 [INFO] LogOutputStream:77 - [STDOUT_REDIRECT] 1 : Invalid condition id : UX_CORESTACK_Condition cause : null
2026-08-14 15:23:28,825 [WARN] PackLoader:240 - Cannot read IP mode file for STMicroelectronics.X-CUBE-AZRTOS-WL.2.0.0
2026-08-14 15:23:28,871 [WARN] PackLoader:240 - Cannot read IP mode file for STMicroelectronics.X-CUBE-AZRTOS-H7RS.1.2.0
2026-08-14 15:23:28,901 [WARN] PackLoader:240 - Cannot read IP mode file for STMicroelectronics.X-CUBE-BLE2.3.3.0
2026-08-14 15:23:28,906 [ERROR] Engine:466 - C:\Users\Admin\.stm32cubemx\thirdparties\pdsc\Avnet-IOTCONNECT.X-CUBE-iotc-st67-sdk.1.0.0.pdsc: PDSC version is not supported
2026-08-14 15:23:28,914 [ERROR] Engine:466 - C:\Users\Admin\.stm32cubemx\thirdparties\pdsc\Infineon.AIROC-Wi-Fi-Bluetooth-STM32.1.8.0.pdsc: PDSC version is not supported
2026-08-14 15:23:28,921 [WARN] PackLoader:240 - Cannot read IP mode file for wolfSSL.I-CUBE-wolfMQTT.1.19.2
2026-08-14 15:23:28,948 [WARN] PackLoader:240 - Cannot read IP mode file for STMicroelectronics.X-CUBE-AZRTOS-G0.1.1.0
2026-08-14 15:23:28,960 [WARN] PackLoader:240 - Cannot read IP mode file for STMicroelectronics.X-CUBE-NFC4.3.0.0
2026-08-14 15:23:28,966 [ERROR] Engine:466 - C:\Users\Admin\.stm32cubemx\thirdparties\pdsc\EmbeddedOffice.I-CUBE-FS-RTOS.1.0.1.pdsc: PDSC version is not supported
2026-08-14 15:23:28,972 [WARN] PackLoader:240 - Cannot read IP mode file for wolfSSL.I-CUBE-wolfTPM.3.8.0
2026-08-14 15:23:28,976 [ERROR] Engine:466 - C:\Users\Admin\.stm32cubemx\thirdparties\pdsc\RealThread.X-CUBE-RT-Thread_Nano.4.1.1.pdsc: PDSC version is not supported
2026-08-14 15:23:28,982 [WARN] PackLoader:240 - Cannot read IP mode file for STMicroelectronics.FP-ATR-SIGFOX1.3.2.0
2026-08-14 15:23:28,987 [ERROR] Engine:466 - C:\Users\Admin\.stm32cubemx\thirdparties\pdsc\STMicroelectronics.X-CUBE-FREERTOS.1.5.0.pdsc: PDSC version is not supported
2026-08-14 15:23:28,997 [WARN] PackLoader:240 - Cannot read IP mode file for ITTIA_DB.I-CUBE-ITTIADB.8.9.0
2026-08-14 15:23:29,001 [ERROR] Engine:466 - C:\Users\Admin\.stm32cubemx\thirdparties\pdsc\Cesanta.I-CUBE-Mongoose.7.21.7.pdsc: PDSC version is not supported
2026-08-14 15:23:29,009 [WARN] PackLoader:240 - Cannot read IP mode file for STMicroelectronics.X-CUBE-AI.10.2.1
2026-08-14 15:23:29,115 [WARN] PackLoader:240 - Cannot read IP mode file for STMicroelectronics.X-CUBE-MEMS1.12.1.0
2026-08-14 15:23:29,391 [WARN] PackLoader:240 - Cannot read IP mode file for SEGGER.I-CUBE-embOS.1.3.1
2026-08-14 15:23:29,484 [WARN] PackLoader:240 - Cannot read IP mode file for STMicroelectronics.X-CUBE-ALGOBUILD.1.4.0
2026-08-14 15:23:29,497 [WARN] PackLoader:240 - Cannot read IP mode file for STMicroelectronics.X-CUBE-NFC13.1.0.0
2026-08-14 15:23:29,530 [WARN] PackLoader:240 - Cannot read IP mode file for STMicroelectronics.X-CUBE-AZRTOS-F4.1.1.0
2026-08-14 15:23:29,540 [ERROR] Engine:466 - C:\Users\Admin\.stm32cubemx\thirdparties\pdsc\STMicroelectronics.eDS-WB_DPC_TT-BIDIR.2.1.1.pdsc: PDSC version is not supported
2026-08-14 15:23:29,550 [WARN] PackLoader:240 - Cannot read IP mode file for STMicroelectronics.X-CUBE-ALGOBUILD.1.5.0
2026-08-14 15:23:29,644 [WARN] PackLoader:240 - Cannot read IP mode file for STMicroelectronics.X-CUBE-MEMS1.13.0.0
2026-08-14 15:23:29,843 [ERROR] Engine:466 - C:\Users\Admin\.stm32cubemx\thirdparties\pdsc\STMicroelectronics.eDS-WB_DPC_3PH2L-BIDIR.1.1.1.pdsc: PDSC version is not supported
2026-08-14 15:23:29,854 [WARN] PackLoader:240 - Cannot read IP mode file for STMicroelectronics.X-CUBE-TOUCHGFX.4.26.1
2026-08-14 15:23:29,886 [WARN] ConditionMgr:438 - getConditionDescription Invalid condition id : LAN8742 Phy interface Condition cause : null
2026-08-14 15:23:29,888 [WARN] PackLoader:240 - Cannot read IP mode file for STMicroelectronics.X-CUBE-AZRTOS-L4.2.0.0
2026-08-14 15:23:29,891 [WARN] ConditionMgr:1039 - genDependencies : Invalid condition id : LAN8742 Phy interface Condition cause : null
2026-08-14 15:23:29,892 [WARN] ConditionMgr:1039 - genDependencies : Invalid condition id : LAN8742 Phy interface Condition cause : null
2026-08-14 15:23:29,894 [WARN] ConditionMgr:1039 - genDependencies : Invalid condition id : LAN8742 Phy interface Condition cause : null
2026-08-14 15:23:29,909 [WARN] PackLoader:240 - Cannot read IP mode file for STMicroelectronics.X-CUBE-SFXS2LP1.4.0.0
2026-08-14 15:23:29,917 [ERROR] Engine:466 - C:\Users\Admin\.stm32cubemx\thirdparties\pdsc\quantropi.X-CUBE-qispace-sdk-base.2.1.0.pdsc: PDSC version is not supported
2026-08-14 15:23:29,937 [WARN] PackLoader:240 - Cannot read IP mode file for STMicroelectronics.X-CUBE-SUBG2.5.0.0
2026-08-14 15:23:29,976 [WARN] PackLoader:240 - Cannot read IP mode file for STMicroelectronics.X-CUBE-AZRTOS-G4.2.0.0
2026-08-14 15:23:29,991 [WARN] PackLoader:240 - Cannot read IP mode file for wolfSSL.I-CUBE-wolfSSH.1.4.20
2026-08-14 15:23:29,993 [INFO] ThirdParty:978 - Integrity check success = true
2026-08-14 15:23:29,993 [INFO] IntegrityCheckThread:100 - exiting critical section [integrity check]
2026-08-14 15:23:29,993 [INFO] IntegrityCheckThread:103 - End integrity checks thread
2026-08-14 15:23:47,053 [ERROR] LogOutputStream:75 - [STDERR_REDIRECT] SLF4J: Failed to load class "org.slf4j.impl.StaticLoggerBinder".
2026-08-14 15:23:47,054 [ERROR] LogOutputStream:75 - [STDERR_REDIRECT] SLF4J: Defaulting to no-operation (NOP) logger implementation
2026-08-14 15:23:47,056 [ERROR] LogOutputStream:75 - [STDERR_REDIRECT] SLF4J: See http://www.slf4j.org/codes.html#StaticLoggerBinder for further details.
2026-08-14 20:02:45,842 [ERROR] ConfigurationRetriever:142 - IOException on connection: sw-center.st.com
2026-08-14 20:02:45,843 [ERROR] ConfigurationRetriever:142 - IOException on connection: sw-center.st.com
2026-08-14 20:02:45,843 [ERROR] ConfigurationRetriever:142 - IOException on connection: sw-center.st.com
