2026-08-08 08:43:05,347 [INFO] Activator:176 - 


2026-08-08 08:43:05,357 [INFO] Activator:177 - !SESSION log4j initialized
2026-08-08 08:43:13,700 [INFO] LogOutputStream:77 - [STDOUT_REDIRECT] 
2026-08-08 08:43:15,822 [INFO] ApplicationProperties:184 - Using Application install path: C:\ST\STM32CubeIDE_1.13.1\STM32CubeIDE\plugins\com.st.stm32cube.common.mx_6.9.1.202307191849
2026-08-08 08:43:15,852 [INFO] DbMcusXml:78 - Set database path to: C:\ST\STM32CubeIDE_1.13.1\STM32CubeIDE\plugins\com.st.stm32cube.common.mx_6.9.1.202307191849\\db\/mcu/
2026-08-08 08:43:15,852 [INFO] ApiDb:274 - Set plugin database path to: C:\ST\STM32CubeIDE_1.13.1\STM32CubeIDE\plugins\com.st.stm32cube.common.mx_6.9.1.202307191849\\db\/plugins/boardmanager/
2026-08-08 08:43:15,853 [WARN] ApiDb:259 - Overriding images path with different value:  => C:\ST\STM32CubeIDE_1.13.1\STM32CubeIDE\plugins\com.st.stm32cube.common.mx_6.9.1.202307191849\\db\/plugins/mcufinder/images/
2026-08-08 08:43:15,873 [INFO] ApiDb:250 - Set database path to: C:\Users\Admin\.stmcufinder\plugins\mcufinder//mcu/
2026-08-08 08:43:15,874 [INFO] DbMcusAds:125 - Set database path to: C:\Users\Admin\.stmcufinder\plugins\mcufinder//mcu/
2026-08-08 08:43:15,877 [INFO] CrossReferenceDbSqlite:203 - Set database path to: C:\Users\Admin\.stmcufinder\plugins\mcufinder//mcu/cs/
2026-08-08 08:43:16,025 [INFO] RulesReader:64 - Compatibility file has been processed (293 Rules)
2026-08-08 08:43:16,165 [INFO] DbMcusXml:78 - Set database path to: C:\ST\STM32CubeIDE_1.13.1\STM32CubeIDE\plugins\com.st.stm32cube.common.mx_6.9.1.202307191849\\db\/mcu/
2026-08-08 08:43:16,165 [INFO] ApiDb:274 - Set plugin database path to: C:\ST\STM32CubeIDE_1.13.1\STM32CubeIDE\plugins\com.st.stm32cube.common.mx_6.9.1.202307191849\\db\/plugins/boardmanager/
2026-08-08 08:43:16,166 [INFO] ApiDb:261 - Set plugin images path to: C:\ST\STM32CubeIDE_1.13.1\STM32CubeIDE\plugins\com.st.stm32cube.common.mx_6.9.1.202307191849\\db\/plugins/mcufinder/images/
2026-08-08 08:43:16,166 [WARN] DbFile:41 - Overriding database path with different value: C:\Users\Admin\.stmcufinder\plugins\mcufinder/ => C:\Users\Admin\.stmcufinder\plugins\mcufinder
2026-08-08 08:43:16,166 [INFO] ApiDb:250 - Set database path to: C:\Users\Admin\.stmcufinder\plugins\mcufinder//mcu/
2026-08-08 08:43:16,166 [WARN] DbFile:41 - Overriding database path with different value: C:\Users\Admin\.stmcufinder\plugins\mcufinder/ => C:\Users\Admin\.stmcufinder\plugins\mcufinder
2026-08-08 08:43:16,166 [INFO] DbMcusAds:125 - Set database path to: C:\Users\Admin\.stmcufinder\plugins\mcufinder//mcu/
2026-08-08 08:43:16,167 [WARN] DbFile:41 - Overriding database path with different value: C:\Users\Admin\.stmcufinder\plugins\mcufinder/ => C:\Users\Admin\.stmcufinder\plugins\mcufinder
2026-08-08 08:43:16,167 [WARN] DbFile:41 - Overriding database path with different value: C:\Users\Admin\.stmcufinder\plugins\mcufinder/ => C:\Users\Admin\.stmcufinder\plugins\mcufinder
2026-08-08 08:43:16,167 [INFO] CrossReferenceDbSqlite:203 - Set database path to: C:\Users\Admin\.stmcufinder\plugins\mcufinder//mcu/cs/
2026-08-08 08:43:16,286 [INFO] MainPanel:262 - HeapMemory: 268435456
2026-08-08 08:43:16,424 [INFO] DbMcusXml:78 - Set database path to: C:\ST\STM32CubeIDE_1.13.1\STM32CubeIDE\plugins\com.st.stm32cube.common.mx_6.9.1.202307191849\\db\/mcu/
2026-08-08 08:43:16,425 [INFO] ApiDb:274 - Set plugin database path to: C:\ST\STM32CubeIDE_1.13.1\STM32CubeIDE\plugins\com.st.stm32cube.common.mx_6.9.1.202307191849\\db\/plugins/boardmanager/
2026-08-08 08:43:16,425 [INFO] ApiDb:261 - Set plugin images path to: C:\ST\STM32CubeIDE_1.13.1\STM32CubeIDE\plugins\com.st.stm32cube.common.mx_6.9.1.202307191849\\db\/plugins/mcufinder/images/
2026-08-08 08:43:16,425 [WARN] DbFile:41 - Overriding database path with different value: C:\Users\Admin\.stmcufinder\plugins\mcufinder/ => C:\Users\Admin\.stmcufinder\plugins\mcufinder
2026-08-08 08:43:16,426 [INFO] ApiDb:250 - Set database path to: C:\Users\Admin\.stmcufinder\plugins\mcufinder//mcu/
2026-08-08 08:43:16,426 [WARN] DbFile:41 - Overriding database path with different value: C:\Users\Admin\.stmcufinder\plugins\mcufinder/ => C:\Users\Admin\.stmcufinder\plugins\mcufinder
2026-08-08 08:43:16,426 [INFO] DbMcusAds:125 - Set database path to: C:\Users\Admin\.stmcufinder\plugins\mcufinder//mcu/
2026-08-08 08:43:16,426 [WARN] DbFile:41 - Overriding database path with different value: C:\Users\Admin\.stmcufinder\plugins\mcufinder/ => C:\Users\Admin\.stmcufinder\plugins\mcufinder
2026-08-08 08:43:16,426 [WARN] DbFile:41 - Overriding database path with different value: C:\Users\Admin\.stmcufinder\plugins\mcufinder/ => C:\Users\Admin\.stmcufinder\plugins\mcufinder
2026-08-08 08:43:16,426 [INFO] CrossReferenceDbSqlite:203 - Set database path to: C:\Users\Admin\.stmcufinder\plugins\mcufinder//mcu/cs/
2026-08-08 08:43:16,453 [INFO] ApplicationProperties:184 - Using Application install path: C:\ST\STM32CubeIDE_1.13.1\STM32CubeIDE\plugins\com.st.stm32cube.common.mx_6.9.1.202307191849
2026-08-08 08:43:16,455 [INFO] PluginManage:196 - Search for loadable plugins [exclusion list=, ]
2026-08-08 08:43:16,458 [INFO] PluginManage:310 - Check plugin analytics
2026-08-08 08:43:16,693 [INFO] AnalyticsPlugin:253 - Accepted Software Licenses: STM32CubeMX.6.18.0
2026-08-08 08:43:16,694 [INFO] AnalyticsPlugin:255 - Accepted CMSIS Pack Licenses: 
2026-08-08 08:43:16,694 [INFO] AnalyticsPlugin:257 - Accepted Firmware Licenses: FW.F4.1.27.0,FW.F4.1.28.0,FW.F4.1.28.3
2026-08-08 08:43:16,698 [INFO] PluginManage:359 - Loaded plugin analytics (category:tool,tabindex:-1)
2026-08-08 08:43:16,699 [INFO] PluginManage:310 - Check plugin cadmodel
2026-08-08 08:43:16,712 [INFO] CADModel:105 - Init CAD model plugin
2026-08-08 08:43:16,713 [INFO] PluginManage:359 - Loaded plugin cadmodel (category:power,tabindex:5)
2026-08-08 08:43:16,713 [INFO] PluginManage:310 - Check plugin clock
2026-08-08 08:43:16,734 [INFO] PluginManage:359 - Loaded plugin clock (category:base,tabindex:2)
2026-08-08 08:43:16,734 [INFO] PluginManage:310 - Check plugin ddr
2026-08-08 08:43:16,738 [INFO] PluginManage:359 - Loaded plugin ddr (category:tool,tabindex:6)
2026-08-08 08:43:16,738 [INFO] PluginManage:310 - Check plugin filemanager
2026-08-08 08:43:16,926 [INFO] PluginManage:359 - Loaded plugin filemanager (category:base,tabindex:10)
2026-08-08 08:43:16,926 [INFO] PluginManage:310 - Check plugin ipmanager
2026-08-08 08:43:16,937 [INFO] PluginManage:359 - Loaded plugin ipmanager (category:base,tabindex:5)
2026-08-08 08:43:16,937 [INFO] PluginManage:310 - Check plugin lpbam
2026-08-08 08:43:16,953 [INFO] PluginManage:359 - Loaded plugin lpbam (category:base,tabindex:0)
2026-08-08 08:43:16,953 [INFO] PluginManage:310 - Check plugin memorymap
2026-08-08 08:43:16,976 [INFO] PluginManage:359 - Loaded plugin memorymap (category:base,tabindex:4)
2026-08-08 08:43:16,976 [INFO] PluginManage:310 - Check plugin pinoutandconfiguration
2026-08-08 08:43:16,990 [INFO] PluginManage:359 - Loaded plugin pinoutandconfiguration (category:base,tabindex:1)
2026-08-08 08:43:16,990 [INFO] PluginManage:310 - Check plugin pinoutconfig
2026-08-08 08:43:17,131 [WARN] SupportedApi:132 - Cannot load RTOS API schema: s4s-elt-must-match.1: The content of 'definitions' must match (annotation?, (simpleType | complexType)?, (unique | key | keyref)*)). A problem was found starting at: attribute.
2026-08-08 08:43:17,314 [INFO] PluginManage:359 - Loaded plugin pinoutconfig (category:base,tabindex:0)
2026-08-08 08:43:17,314 [INFO] PluginManage:310 - Check plugin power
2026-08-08 08:43:17,329 [INFO] PluginManage:359 - Loaded plugin power (category:power,tabindex:4)
2026-08-08 08:43:17,330 [INFO] PluginManage:310 - Check plugin projectmanager
2026-08-08 08:43:17,351 [INFO] PluginManage:359 - Loaded plugin projectmanager (category:projectmanager,tabindex:3)
2026-08-08 08:43:17,352 [INFO] PluginManage:310 - Check plugin thirdparty
2026-08-08 08:43:17,535 [WARN] IntegrityCheckThread:84 - waiting for thirdparty lock release [integrity check]
2026-08-08 08:43:17,536 [INFO] PluginManage:359 - Loaded plugin thirdparty (category:base,tabindex:-1)
2026-08-08 08:43:17,536 [INFO] IntegrityCheckThread:86 - entering critical section [integrity check]
2026-08-08 08:43:17,536 [INFO] PluginManage:310 - Check plugin tools
2026-08-08 08:43:17,537 [INFO] ThirdPartyUpdaterWithRetryManager:70 - Updater plugin not ready yet. [1/15]
2026-08-08 08:43:17,540 [INFO] PluginManage:359 - Loaded plugin tools (category:base,tabindex:7)
2026-08-08 08:43:17,541 [INFO] PluginManage:310 - Check plugin tutovideos
2026-08-08 08:43:17,807 [INFO] PluginManage:359 - Loaded plugin tutovideos (category:base,tabindex:-1)
2026-08-08 08:43:17,807 [INFO] PluginManage:310 - Check plugin updater
2026-08-08 08:43:17,822 [INFO] PluginManage:359 - Loaded plugin updater (category:base,tabindex:12)
2026-08-08 08:43:17,823 [INFO] PluginManage:310 - Check plugin userauth
2026-08-08 08:43:17,830 [INFO] UserAuth:113 - Init User Auth plugin
2026-08-08 08:43:17,831 [INFO] PluginManage:359 - Loaded plugin userauth (category:base,tabindex:14)
2026-08-08 08:43:17,831 [INFO] PluginManage:283 - PluginManage : Loaded plugins [17]
2026-08-08 08:43:18,144 [INFO] PinOutPanel:1499 - setPackage(No Configuration,No Configuration)
2026-08-08 08:43:18,283 [INFO] CADModel:165 - CPN selected for project level
2026-08-08 08:43:18,284 [INFO] CADModel:114 - Register for checkConnection events
2026-08-08 08:43:18,308 [INFO] IPUIPlugin:80 - create IPUIPlugin
2026-08-08 08:43:18,308 [INFO] PluginManager:220 - loadIPPluginJar : add adc
2026-08-08 08:43:18,311 [INFO] IPUIPlugin:80 - create IPUIPlugin
2026-08-08 08:43:18,312 [INFO] PluginManager:220 - loadIPPluginJar : add aes
2026-08-08 08:43:18,315 [INFO] IPUIPlugin:80 - create IPUIPlugin
2026-08-08 08:43:18,315 [INFO] PluginManager:220 - loadIPPluginJar : add can
2026-08-08 08:43:18,318 [INFO] IPUIPlugin:80 - create IPUIPlugin
2026-08-08 08:43:18,318 [INFO] PluginManager:220 - loadIPPluginJar : add comp
2026-08-08 08:43:18,322 [INFO] IPUIPlugin:80 - create IPUIPlugin
2026-08-08 08:43:18,322 [INFO] PluginManager:220 - loadIPPluginJar : add cryp
2026-08-08 08:43:18,325 [INFO] IPUIPlugin:80 - create IPUIPlugin
2026-08-08 08:43:18,325 [INFO] PluginManager:220 - loadIPPluginJar : add dfsdm
2026-08-08 08:43:18,332 [INFO] IPUIPlugin:80 - create IPUIPlugin
2026-08-08 08:43:18,333 [INFO] PluginManager:220 - loadIPPluginJar : add dma
2026-08-08 08:43:18,336 [INFO] IPUIPlugin:80 - create IPUIPlugin
2026-08-08 08:43:18,336 [INFO] PluginManager:220 - loadIPPluginJar : add dma3
2026-08-08 08:43:18,338 [INFO] IPUIPlugin:80 - create IPUIPlugin
2026-08-08 08:43:18,338 [INFO] PluginManager:220 - loadIPPluginJar : add fatfs
2026-08-08 08:43:18,343 [INFO] IPUIPlugin:80 - create IPUIPlugin
2026-08-08 08:43:18,343 [INFO] PluginManager:220 - loadIPPluginJar : add fmc
2026-08-08 08:43:18,351 [INFO] IPUIPlugin:80 - create IPUIPlugin
2026-08-08 08:43:18,351 [INFO] PluginManager:220 - loadIPPluginJar : add freertos
2026-08-08 08:43:18,353 [INFO] IPUIPlugin:80 - create IPUIPlugin
2026-08-08 08:43:18,353 [INFO] PluginManager:220 - loadIPPluginJar : add genericplugin
2026-08-08 08:43:18,355 [INFO] IPUIPlugin:80 - create IPUIPlugin
2026-08-08 08:43:18,356 [INFO] PluginManager:220 - loadIPPluginJar : add gfxmmu
2026-08-08 08:43:18,362 [INFO] IPUIPlugin:80 - create IPUIPlugin
2026-08-08 08:43:18,362 [INFO] PluginManager:220 - loadIPPluginJar : add gic
2026-08-08 08:43:18,367 [INFO] IPUIPlugin:80 - create IPUIPlugin
2026-08-08 08:43:18,367 [INFO] PluginManager:220 - loadIPPluginJar : add gpio
2026-08-08 08:43:18,371 [INFO] IPUIPlugin:80 - create IPUIPlugin
2026-08-08 08:43:18,371 [INFO] PluginManager:220 - loadIPPluginJar : add gtzc
2026-08-08 08:43:18,374 [INFO] IPUIPlugin:80 - create IPUIPlugin
2026-08-08 08:43:18,374 [INFO] PluginManager:220 - loadIPPluginJar : add hash
2026-08-08 08:43:18,377 [INFO] IPUIPlugin:80 - create IPUIPlugin
2026-08-08 08:43:18,377 [INFO] PluginManager:220 - loadIPPluginJar : add i2c
2026-08-08 08:43:18,380 [INFO] IPUIPlugin:80 - create IPUIPlugin
2026-08-08 08:43:18,380 [INFO] PluginManager:220 - loadIPPluginJar : add i2s
2026-08-08 08:43:18,383 [INFO] IPUIPlugin:80 - create IPUIPlugin
2026-08-08 08:43:18,383 [INFO] PluginManager:220 - loadIPPluginJar : add i3c
2026-08-08 08:43:18,388 [INFO] IPUIPlugin:80 - create IPUIPlugin
2026-08-08 08:43:18,388 [INFO] PluginManager:220 - loadIPPluginJar : add ipddr
2026-08-08 08:43:18,397 [INFO] IPUIPlugin:80 - create IPUIPlugin
2026-08-08 08:43:18,397 [INFO] PluginManager:220 - loadIPPluginJar : add linkedlist
2026-08-08 08:43:18,400 [INFO] IPUIPlugin:80 - create IPUIPlugin
2026-08-08 08:43:18,401 [INFO] PluginManager:220 - loadIPPluginJar : add lorawan
2026-08-08 08:43:18,403 [INFO] IPUIPlugin:80 - create IPUIPlugin
2026-08-08 08:43:18,403 [INFO] PluginManager:220 - loadIPPluginJar : add ltdc
2026-08-08 08:43:18,411 [INFO] IPUIPlugin:80 - create IPUIPlugin
2026-08-08 08:43:18,411 [INFO] PluginManager:220 - loadIPPluginJar : add mdma
2026-08-08 08:43:18,416 [INFO] IPUIPlugin:80 - create IPUIPlugin
2026-08-08 08:43:18,416 [INFO] PluginManager:220 - loadIPPluginJar : add nvic
2026-08-08 08:43:18,419 [INFO] IPUIPlugin:80 - create IPUIPlugin
2026-08-08 08:43:18,419 [INFO] PluginManager:220 - loadIPPluginJar : add opamp
2026-08-08 08:43:18,423 [INFO] IPUIPlugin:80 - create IPUIPlugin
2026-08-08 08:43:18,424 [INFO] PluginManager:220 - loadIPPluginJar : add openamp
2026-08-08 08:43:18,427 [INFO] IPUIPlugin:80 - create IPUIPlugin
2026-08-08 08:43:18,427 [INFO] PluginManager:220 - loadIPPluginJar : add pdm2pcm
2026-08-08 08:43:18,435 [INFO] IPUIPlugin:80 - create IPUIPlugin
2026-08-08 08:43:18,438 [INFO] PluginManager:220 - loadIPPluginJar : add plateformsettings
2026-08-08 08:43:18,441 [INFO] IPUIPlugin:80 - create IPUIPlugin
2026-08-08 08:43:18,441 [INFO] PluginManager:220 - loadIPPluginJar : add quadspi
2026-08-08 08:43:18,447 [INFO] IPUIPlugin:80 - create IPUIPlugin
2026-08-08 08:43:18,447 [INFO] PluginManager:220 - loadIPPluginJar : add resmgrutility
2026-08-08 08:43:18,450 [INFO] IPUIPlugin:80 - create IPUIPlugin
2026-08-08 08:43:18,451 [INFO] PluginManager:220 - loadIPPluginJar : add sai
2026-08-08 08:43:18,453 [INFO] IPUIPlugin:80 - create IPUIPlugin
2026-08-08 08:43:18,454 [INFO] PluginManager:220 - loadIPPluginJar : add spi
2026-08-08 08:43:18,460 [INFO] IPUIPlugin:80 - create IPUIPlugin
2026-08-08 08:43:18,460 [INFO] PluginManager:220 - loadIPPluginJar : add stm32_wpan
2026-08-08 08:43:18,462 [INFO] IPUIPlugin:80 - create IPUIPlugin
2026-08-08 08:43:18,463 [INFO] PluginManager:220 - loadIPPluginJar : add tim
2026-08-08 08:43:18,466 [INFO] IPUIPlugin:80 - create IPUIPlugin
2026-08-08 08:43:18,466 [INFO] PluginManager:220 - loadIPPluginJar : add touchsensing
2026-08-08 08:43:18,469 [INFO] IPUIPlugin:80 - create IPUIPlugin
2026-08-08 08:43:18,469 [INFO] PluginManager:220 - loadIPPluginJar : add tracer_emb
2026-08-08 08:43:18,471 [INFO] IPUIPlugin:80 - create IPUIPlugin
2026-08-08 08:43:18,471 [INFO] PluginManager:220 - loadIPPluginJar : add ts
2026-08-08 08:43:18,474 [INFO] IPUIPlugin:80 - create IPUIPlugin
2026-08-08 08:43:18,474 [INFO] PluginManager:220 - loadIPPluginJar : add tsc
2026-08-08 08:43:18,476 [INFO] IPUIPlugin:80 - create IPUIPlugin
2026-08-08 08:43:18,477 [INFO] PluginManager:220 - loadIPPluginJar : add ucpd
2026-08-08 08:43:18,480 [INFO] IPUIPlugin:80 - create IPUIPlugin
2026-08-08 08:43:18,480 [INFO] PluginManager:220 - loadIPPluginJar : add usart
2026-08-08 08:43:18,484 [INFO] IPUIPlugin:80 - create IPUIPlugin
2026-08-08 08:43:18,484 [INFO] PluginManager:220 - loadIPPluginJar : add usbx
2026-08-08 08:43:18,640 [INFO] CADModel:165 - CPN selected for project level
2026-08-08 08:43:18,640 [INFO] CADModel:114 - Register for checkConnection events
2026-08-08 08:43:18,640 [FATAL] Updater:308 - Updater called before beeing initialized
2026-08-08 08:43:18,640 [ERROR] CADModel:125 - Updater not yet initialized, retry later 
2026-08-08 08:43:18,887 [INFO] CADModel:165 - CPN selected for project level
2026-08-08 08:43:18,887 [INFO] CADModel:114 - Register for checkConnection events
2026-08-08 08:43:18,887 [FATAL] Updater:308 - Updater called before beeing initialized
2026-08-08 08:43:18,887 [ERROR] CADModel:125 - Updater not yet initialized, retry later 
2026-08-08 08:43:18,892 [FATAL] Updater:308 - Updater called before beeing initialized
2026-08-08 08:43:19,056 [FATAL] Updater:308 - Updater called before beeing initialized
2026-08-08 08:43:19,068 [INFO] DbMcusAds:53 - JSON generation date=Wed Jul 15 16:44:54 GMT+07:00 2026 (1784108694001)
2026-08-08 08:43:19,068 [FATAL] Updater:308 - Updater called before beeing initialized
2026-08-08 08:43:19,127 [WARN] DetailPanel:346 - Failed to get advertising image, set to default
2026-08-08 08:43:19,285 [FATAL] Updater:308 - Updater called before beeing initialized
2026-08-08 08:43:19,288 [FATAL] Updater:308 - Updater called before beeing initialized
2026-08-08 08:43:19,288 [FATAL] Updater:308 - Updater called before beeing initialized
2026-08-08 08:43:19,288 [WARN] DetailPanel:346 - Failed to get advertising image, set to default
2026-08-08 08:43:19,289 [FATAL] Updater:308 - Updater called before beeing initialized
2026-08-08 08:43:19,362 [ERROR] Updater:1120 - MainUpdater not yet initialized. External WinMGr cannot be set.
2026-08-08 08:43:19,365 [INFO] Updater:1056 - Updater Version found : 6.9.1
2026-08-08 08:43:19,391 [INFO] ApplicationProperties:184 - Using Application install path: C:\ST\STM32CubeIDE_1.13.1\STM32CubeIDE\plugins\com.st.stm32cube.common.mx_6.9.1.202307191849
2026-08-08 08:43:19,730 [INFO] MainUpdater:2868 - connection check result : 10
2026-08-08 08:43:19,732 [INFO] MainUpdater:285 - Updater Check For Update Now.
2026-08-08 08:43:19,732 [INFO] MicroXplorer:498 - Change Database Version : DB.6.0.91
2026-08-08 08:43:19,785 [INFO] McuFinderGlobals:63 - Set McuFinder mode to 2 (CubeIDE integrated)
2026-08-08 08:43:20,033 [INFO] CheckServerUpdateThread:120 - End of CheckServer Thread
2026-08-08 08:43:20,849 [WARN] PackLoader:240 - Cannot read IP mode file for STMicroelectronics.FP-ATR-ASTRA1.2.0.3
2026-08-08 08:43:20,858 [WARN] PackLoader:240 - Cannot read IP mode file for STMicroelectronics.FP-ATR-ASTRA1.2.0.2
2026-08-08 08:43:20,868 [ERROR] Engine:466 - C:\Users\Admin\.stm32cubemx\thirdparties\pdsc\STMicroelectronics.X-CUBE-SMBUS.2.1.1.pdsc: PDSC version is not supported
2026-08-08 08:43:20,876 [WARN] PackLoader:240 - Cannot read IP mode file for STMicroelectronics.X-CUBE-SMBUS.2.1.0
2026-08-08 08:43:20,920 [WARN] PackLoader:240 - Cannot read IP mode file for STMicroelectronics.X-CUBE-AZRTOS-F7.1.1.0
2026-08-08 08:43:20,933 [ERROR] Engine:466 - C:\Users\Admin\.stm32cubemx\thirdparties\pdsc\STMicroelectronics.X-CUBE-FREERTOS.1.6.0.pdsc: PDSC version is not supported
2026-08-08 08:43:20,973 [WARN] PackLoader:240 - Cannot read IP mode file for STMicroelectronics.X-CUBE-AZRTOS-H7RS.1.3.0
2026-08-08 08:43:20,991 [ERROR] Engine:466 - C:\Users\Admin\.stm32cubemx\thirdparties\pdsc\WES.I-CUBE-Cesium.1.4.0.pdsc: PDSC version is not supported
2026-08-08 08:43:21,007 [WARN] PackLoader:240 - Cannot read IP mode file for STMicroelectronics.X-CUBE-DISPLAY.3.0.0
2026-08-08 08:43:21,024 [WARN] PackLoader:240 - Cannot read IP mode file for wolfSSL.I-CUBE-wolfSSL.5.9.1
2026-08-08 08:43:21,033 [WARN] PackLoader:240 - Cannot read IP mode file for emotas.I-CUBE-CANOPEN.1.3.0
2026-08-08 08:43:21,037 [ERROR] Engine:466 - C:\Users\Admin\.stm32cubemx\thirdparties\pdsc\STMicroelectronics.X-CUBE-WBA.1.1.0.pdsc: PDSC version is not supported
2026-08-08 08:43:21,052 [INFO] LogOutputStream:77 - [STDOUT_REDIRECT] 1 : Invalid condition id : UX_CORESTACK_Condition cause : null
2026-08-08 08:43:21,053 [INFO] LogOutputStream:77 - [STDOUT_REDIRECT] 1 : Invalid condition id : UX_CORESTACK_Condition cause : null
2026-08-08 08:43:21,055 [INFO] LogOutputStream:77 - [STDOUT_REDIRECT] 1 : Invalid condition id : UX_CORESTACK_Condition cause : null
2026-08-08 08:43:21,058 [INFO] LogOutputStream:77 - [STDOUT_REDIRECT] 1 : Invalid condition id : UX_CORESTACK_Condition cause : null
2026-08-08 08:43:21,061 [INFO] LogOutputStream:77 - [STDOUT_REDIRECT] 1 : Invalid condition id : UX_CORESTACK_Condition cause : null
2026-08-08 08:43:21,066 [WARN] PackLoader:240 - Cannot read IP mode file for STMicroelectronics.X-CUBE-AZRTOS-WL.2.0.0
2026-08-08 08:43:21,101 [WARN] PackLoader:240 - Cannot read IP mode file for STMicroelectronics.X-CUBE-AZRTOS-H7RS.1.2.0
2026-08-08 08:43:21,119 [WARN] PackLoader:240 - Cannot read IP mode file for STMicroelectronics.X-CUBE-BLE2.3.3.0
2026-08-08 08:43:21,124 [ERROR] Engine:466 - C:\Users\Admin\.stm32cubemx\thirdparties\pdsc\Avnet-IOTCONNECT.X-CUBE-iotc-st67-sdk.1.0.0.pdsc: PDSC version is not supported
2026-08-08 08:43:21,130 [ERROR] Engine:466 - C:\Users\Admin\.stm32cubemx\thirdparties\pdsc\Infineon.AIROC-Wi-Fi-Bluetooth-STM32.1.8.0.pdsc: PDSC version is not supported
2026-08-08 08:43:21,135 [WARN] PackLoader:240 - Cannot read IP mode file for wolfSSL.I-CUBE-wolfMQTT.1.19.2
2026-08-08 08:43:21,151 [WARN] PackLoader:240 - Cannot read IP mode file for STMicroelectronics.X-CUBE-AZRTOS-G0.1.1.0
2026-08-08 08:43:21,160 [WARN] PackLoader:240 - Cannot read IP mode file for STMicroelectronics.X-CUBE-NFC4.3.0.0
2026-08-08 08:43:21,165 [ERROR] Engine:466 - C:\Users\Admin\.stm32cubemx\thirdparties\pdsc\EmbeddedOffice.I-CUBE-FS-RTOS.1.0.1.pdsc: PDSC version is not supported
2026-08-08 08:43:21,169 [WARN] PackLoader:240 - Cannot read IP mode file for wolfSSL.I-CUBE-wolfTPM.3.8.0
2026-08-08 08:43:21,173 [ERROR] Engine:466 - C:\Users\Admin\.stm32cubemx\thirdparties\pdsc\RealThread.X-CUBE-RT-Thread_Nano.4.1.1.pdsc: PDSC version is not supported
2026-08-08 08:43:21,178 [WARN] PackLoader:240 - Cannot read IP mode file for STMicroelectronics.FP-ATR-SIGFOX1.3.2.0
2026-08-08 08:43:21,182 [ERROR] Engine:466 - C:\Users\Admin\.stm32cubemx\thirdparties\pdsc\STMicroelectronics.X-CUBE-FREERTOS.1.5.0.pdsc: PDSC version is not supported
2026-08-08 08:43:21,190 [WARN] PackLoader:240 - Cannot read IP mode file for ITTIA_DB.I-CUBE-ITTIADB.8.9.0
2026-08-08 08:43:21,193 [ERROR] Engine:466 - C:\Users\Admin\.stm32cubemx\thirdparties\pdsc\Cesanta.I-CUBE-Mongoose.7.21.7.pdsc: PDSC version is not supported
2026-08-08 08:43:21,198 [WARN] PackLoader:240 - Cannot read IP mode file for STMicroelectronics.X-CUBE-AI.10.2.1
2026-08-08 08:43:21,275 [WARN] PackLoader:240 - Cannot read IP mode file for STMicroelectronics.X-CUBE-MEMS1.12.1.0
2026-08-08 08:43:21,459 [WARN] PackLoader:240 - Cannot read IP mode file for SEGGER.I-CUBE-embOS.1.3.1
2026-08-08 08:43:21,508 [WARN] PackLoader:240 - Cannot read IP mode file for STMicroelectronics.X-CUBE-ALGOBUILD.1.4.0
2026-08-08 08:43:21,517 [WARN] PackLoader:240 - Cannot read IP mode file for STMicroelectronics.X-CUBE-NFC13.1.0.0
2026-08-08 08:43:21,533 [WARN] PackLoader:240 - Cannot read IP mode file for STMicroelectronics.X-CUBE-AZRTOS-F4.1.1.0
2026-08-08 08:43:21,545 [ERROR] Engine:466 - C:\Users\Admin\.stm32cubemx\thirdparties\pdsc\STMicroelectronics.eDS-WB_DPC_TT-BIDIR.2.1.1.pdsc: PDSC version is not supported
2026-08-08 08:43:21,552 [WARN] PackLoader:240 - Cannot read IP mode file for STMicroelectronics.X-CUBE-ALGOBUILD.1.5.0
2026-08-08 08:43:21,599 [WARN] PackLoader:240 - Cannot read IP mode file for STMicroelectronics.X-CUBE-MEMS1.13.0.0
2026-08-08 08:43:21,741 [ERROR] Engine:466 - C:\Users\Admin\.stm32cubemx\thirdparties\pdsc\STMicroelectronics.eDS-WB_DPC_3PH2L-BIDIR.1.1.1.pdsc: PDSC version is not supported
2026-08-08 08:43:21,750 [WARN] PackLoader:240 - Cannot read IP mode file for STMicroelectronics.X-CUBE-TOUCHGFX.4.26.1
2026-08-08 08:43:21,770 [WARN] ConditionMgr:438 - getConditionDescription Invalid condition id : LAN8742 Phy interface Condition cause : null
2026-08-08 08:43:21,771 [WARN] PackLoader:240 - Cannot read IP mode file for STMicroelectronics.X-CUBE-AZRTOS-L4.2.0.0
2026-08-08 08:43:21,773 [WARN] ConditionMgr:1039 - genDependencies : Invalid condition id : LAN8742 Phy interface Condition cause : null
2026-08-08 08:43:21,773 [WARN] ConditionMgr:1039 - genDependencies : Invalid condition id : LAN8742 Phy interface Condition cause : null
2026-08-08 08:43:21,774 [WARN] ConditionMgr:1039 - genDependencies : Invalid condition id : LAN8742 Phy interface Condition cause : null
2026-08-08 08:43:21,783 [WARN] PackLoader:240 - Cannot read IP mode file for STMicroelectronics.X-CUBE-SFXS2LP1.4.0.0
2026-08-08 08:43:21,788 [ERROR] Engine:466 - C:\Users\Admin\.stm32cubemx\thirdparties\pdsc\quantropi.X-CUBE-qispace-sdk-base.2.1.0.pdsc: PDSC version is not supported
2026-08-08 08:43:21,799 [WARN] PackLoader:240 - Cannot read IP mode file for STMicroelectronics.X-CUBE-SUBG2.5.0.0
2026-08-08 08:43:21,823 [WARN] PackLoader:240 - Cannot read IP mode file for STMicroelectronics.X-CUBE-AZRTOS-G4.2.0.0
2026-08-08 08:43:21,831 [WARN] PackLoader:240 - Cannot read IP mode file for wolfSSL.I-CUBE-wolfSSH.1.4.20
2026-08-08 08:43:21,833 [INFO] ThirdParty:978 - Integrity check success = true
2026-08-08 08:43:21,833 [INFO] IntegrityCheckThread:100 - exiting critical section [integrity check]
2026-08-08 08:43:21,833 [INFO] IntegrityCheckThread:103 - End integrity checks thread
2026-08-08 08:43:41,437 [ERROR] LogOutputStream:75 - [STDERR_REDIRECT] SLF4J: Failed to load class "org.slf4j.impl.StaticLoggerBinder".
2026-08-08 08:43:41,438 [ERROR] LogOutputStream:75 - [STDERR_REDIRECT] SLF4J: Defaulting to no-operation (NOP) logger implementation
2026-08-08 08:43:41,442 [ERROR] LogOutputStream:75 - [STDERR_REDIRECT] SLF4J: See http://www.slf4j.org/codes.html#StaticLoggerBinder for further details.
