2026-08-17 15:18:19,566 [INFO] Activator:176 - 


2026-08-17 15:18:19,571 [INFO] Activator:177 - !SESSION log4j initialized
2026-08-17 15:18:23,963 [INFO] LogOutputStream:77 - [STDOUT_REDIRECT] 
2026-08-17 15:18:25,164 [INFO] ApplicationProperties:184 - Using Application install path: C:\ST\STM32CubeIDE_1.13.1\STM32CubeIDE\plugins\com.st.stm32cube.common.mx_6.9.1.202307191849
2026-08-17 15:18:25,181 [INFO] DbMcusXml:78 - Set database path to: C:\ST\STM32CubeIDE_1.13.1\STM32CubeIDE\plugins\com.st.stm32cube.common.mx_6.9.1.202307191849\\db\/mcu/
2026-08-17 15:18:25,182 [INFO] ApiDb:274 - Set plugin database path to: C:\ST\STM32CubeIDE_1.13.1\STM32CubeIDE\plugins\com.st.stm32cube.common.mx_6.9.1.202307191849\\db\/plugins/boardmanager/
2026-08-17 15:18:25,193 [WARN] ApiDb:259 - Overriding images path with different value:  => C:\ST\STM32CubeIDE_1.13.1\STM32CubeIDE\plugins\com.st.stm32cube.common.mx_6.9.1.202307191849\\db\/plugins/mcufinder/images/
2026-08-17 15:18:25,199 [INFO] ApiDb:250 - Set database path to: C:\Users\Admin\.stmcufinder\plugins\mcufinder//mcu/
2026-08-17 15:18:25,199 [INFO] DbMcusAds:125 - Set database path to: C:\Users\Admin\.stmcufinder\plugins\mcufinder//mcu/
2026-08-17 15:18:25,201 [INFO] CrossReferenceDbSqlite:203 - Set database path to: C:\Users\Admin\.stmcufinder\plugins\mcufinder//mcu/cs/
2026-08-17 15:18:25,271 [INFO] RulesReader:64 - Compatibility file has been processed (293 Rules)
2026-08-17 15:18:25,323 [INFO] DbMcusXml:78 - Set database path to: C:\ST\STM32CubeIDE_1.13.1\STM32CubeIDE\plugins\com.st.stm32cube.common.mx_6.9.1.202307191849\\db\/mcu/
2026-08-17 15:18:25,323 [INFO] ApiDb:274 - Set plugin database path to: C:\ST\STM32CubeIDE_1.13.1\STM32CubeIDE\plugins\com.st.stm32cube.common.mx_6.9.1.202307191849\\db\/plugins/boardmanager/
2026-08-17 15:18:25,323 [INFO] ApiDb:261 - Set plugin images path to: C:\ST\STM32CubeIDE_1.13.1\STM32CubeIDE\plugins\com.st.stm32cube.common.mx_6.9.1.202307191849\\db\/plugins/mcufinder/images/
2026-08-17 15:18:25,324 [WARN] DbFile:41 - Overriding database path with different value: C:\Users\Admin\.stmcufinder\plugins\mcufinder/ => C:\Users\Admin\.stmcufinder\plugins\mcufinder
2026-08-17 15:18:25,324 [INFO] ApiDb:250 - Set database path to: C:\Users\Admin\.stmcufinder\plugins\mcufinder//mcu/
2026-08-17 15:18:25,324 [WARN] DbFile:41 - Overriding database path with different value: C:\Users\Admin\.stmcufinder\plugins\mcufinder/ => C:\Users\Admin\.stmcufinder\plugins\mcufinder
2026-08-17 15:18:25,324 [INFO] DbMcusAds:125 - Set database path to: C:\Users\Admin\.stmcufinder\plugins\mcufinder//mcu/
2026-08-17 15:18:25,324 [WARN] DbFile:41 - Overriding database path with different value: C:\Users\Admin\.stmcufinder\plugins\mcufinder/ => C:\Users\Admin\.stmcufinder\plugins\mcufinder
2026-08-17 15:18:25,324 [WARN] DbFile:41 - Overriding database path with different value: C:\Users\Admin\.stmcufinder\plugins\mcufinder/ => C:\Users\Admin\.stmcufinder\plugins\mcufinder
2026-08-17 15:18:25,324 [INFO] CrossReferenceDbSqlite:203 - Set database path to: C:\Users\Admin\.stmcufinder\plugins\mcufinder//mcu/cs/
2026-08-17 15:18:25,375 [INFO] MainPanel:262 - HeapMemory: 268435456
2026-08-17 15:18:25,422 [INFO] DbMcusXml:78 - Set database path to: C:\ST\STM32CubeIDE_1.13.1\STM32CubeIDE\plugins\com.st.stm32cube.common.mx_6.9.1.202307191849\\db\/mcu/
2026-08-17 15:18:25,422 [INFO] ApiDb:274 - Set plugin database path to: C:\ST\STM32CubeIDE_1.13.1\STM32CubeIDE\plugins\com.st.stm32cube.common.mx_6.9.1.202307191849\\db\/plugins/boardmanager/
2026-08-17 15:18:25,422 [INFO] ApiDb:261 - Set plugin images path to: C:\ST\STM32CubeIDE_1.13.1\STM32CubeIDE\plugins\com.st.stm32cube.common.mx_6.9.1.202307191849\\db\/plugins/mcufinder/images/
2026-08-17 15:18:25,423 [WARN] DbFile:41 - Overriding database path with different value: C:\Users\Admin\.stmcufinder\plugins\mcufinder/ => C:\Users\Admin\.stmcufinder\plugins\mcufinder
2026-08-17 15:18:25,423 [INFO] ApiDb:250 - Set database path to: C:\Users\Admin\.stmcufinder\plugins\mcufinder//mcu/
2026-08-17 15:18:25,423 [WARN] DbFile:41 - Overriding database path with different value: C:\Users\Admin\.stmcufinder\plugins\mcufinder/ => C:\Users\Admin\.stmcufinder\plugins\mcufinder
2026-08-17 15:18:25,423 [INFO] DbMcusAds:125 - Set database path to: C:\Users\Admin\.stmcufinder\plugins\mcufinder//mcu/
2026-08-17 15:18:25,423 [WARN] DbFile:41 - Overriding database path with different value: C:\Users\Admin\.stmcufinder\plugins\mcufinder/ => C:\Users\Admin\.stmcufinder\plugins\mcufinder
2026-08-17 15:18:25,423 [WARN] DbFile:41 - Overriding database path with different value: C:\Users\Admin\.stmcufinder\plugins\mcufinder/ => C:\Users\Admin\.stmcufinder\plugins\mcufinder
2026-08-17 15:18:25,423 [INFO] CrossReferenceDbSqlite:203 - Set database path to: C:\Users\Admin\.stmcufinder\plugins\mcufinder//mcu/cs/
2026-08-17 15:18:25,436 [INFO] ApplicationProperties:184 - Using Application install path: C:\ST\STM32CubeIDE_1.13.1\STM32CubeIDE\plugins\com.st.stm32cube.common.mx_6.9.1.202307191849
2026-08-17 15:18:25,437 [INFO] PluginManage:196 - Search for loadable plugins [exclusion list=, ]
2026-08-17 15:18:25,438 [INFO] PluginManage:310 - Check plugin analytics
2026-08-17 15:18:25,548 [INFO] AnalyticsPlugin:253 - Accepted Software Licenses: STM32CubeMX.6.18.0
2026-08-17 15:18:25,548 [INFO] AnalyticsPlugin:255 - Accepted CMSIS Pack Licenses: 
2026-08-17 15:18:25,548 [INFO] AnalyticsPlugin:257 - Accepted Firmware Licenses: FW.F4.1.27.0,FW.F4.1.28.0,FW.F4.1.28.3
2026-08-17 15:18:25,551 [INFO] PluginManage:359 - Loaded plugin analytics (category:tool,tabindex:-1)
2026-08-17 15:18:25,552 [INFO] PluginManage:310 - Check plugin cadmodel
2026-08-17 15:18:25,556 [INFO] CADModel:105 - Init CAD model plugin
2026-08-17 15:18:25,556 [INFO] PluginManage:359 - Loaded plugin cadmodel (category:power,tabindex:5)
2026-08-17 15:18:25,556 [INFO] PluginManage:310 - Check plugin clock
2026-08-17 15:18:25,563 [INFO] PluginManage:359 - Loaded plugin clock (category:base,tabindex:2)
2026-08-17 15:18:25,564 [INFO] PluginManage:310 - Check plugin ddr
2026-08-17 15:18:25,565 [INFO] PluginManage:359 - Loaded plugin ddr (category:tool,tabindex:6)
2026-08-17 15:18:25,565 [INFO] PluginManage:310 - Check plugin filemanager
2026-08-17 15:18:25,651 [INFO] PluginManage:359 - Loaded plugin filemanager (category:base,tabindex:10)
2026-08-17 15:18:25,651 [INFO] PluginManage:310 - Check plugin ipmanager
2026-08-17 15:18:25,656 [INFO] PluginManage:359 - Loaded plugin ipmanager (category:base,tabindex:5)
2026-08-17 15:18:25,656 [INFO] PluginManage:310 - Check plugin lpbam
2026-08-17 15:18:25,661 [INFO] PluginManage:359 - Loaded plugin lpbam (category:base,tabindex:0)
2026-08-17 15:18:25,661 [INFO] PluginManage:310 - Check plugin memorymap
2026-08-17 15:18:25,669 [INFO] PluginManage:359 - Loaded plugin memorymap (category:base,tabindex:4)
2026-08-17 15:18:25,669 [INFO] PluginManage:310 - Check plugin pinoutandconfiguration
2026-08-17 15:18:25,673 [INFO] PluginManage:359 - Loaded plugin pinoutandconfiguration (category:base,tabindex:1)
2026-08-17 15:18:25,673 [INFO] PluginManage:310 - Check plugin pinoutconfig
2026-08-17 15:18:25,731 [WARN] SupportedApi:132 - Cannot load RTOS API schema: s4s-elt-must-match.1: The content of 'definitions' must match (annotation?, (simpleType | complexType)?, (unique | key | keyref)*)). A problem was found starting at: attribute.
2026-08-17 15:18:25,821 [INFO] PluginManage:359 - Loaded plugin pinoutconfig (category:base,tabindex:0)
2026-08-17 15:18:25,821 [INFO] PluginManage:310 - Check plugin power
2026-08-17 15:18:25,829 [INFO] PluginManage:359 - Loaded plugin power (category:power,tabindex:4)
2026-08-17 15:18:25,829 [INFO] PluginManage:310 - Check plugin projectmanager
2026-08-17 15:18:25,841 [INFO] PluginManage:359 - Loaded plugin projectmanager (category:projectmanager,tabindex:3)
2026-08-17 15:18:25,841 [INFO] PluginManage:310 - Check plugin thirdparty
2026-08-17 15:18:25,924 [WARN] IntegrityCheckThread:84 - waiting for thirdparty lock release [integrity check]
2026-08-17 15:18:25,925 [INFO] PluginManage:359 - Loaded plugin thirdparty (category:base,tabindex:-1)
2026-08-17 15:18:25,925 [INFO] IntegrityCheckThread:86 - entering critical section [integrity check]
2026-08-17 15:18:25,925 [INFO] PluginManage:310 - Check plugin tools
2026-08-17 15:18:25,925 [INFO] ThirdPartyUpdaterWithRetryManager:70 - Updater plugin not ready yet. [1/15]
2026-08-17 15:18:25,927 [INFO] PluginManage:359 - Loaded plugin tools (category:base,tabindex:7)
2026-08-17 15:18:25,927 [INFO] PluginManage:310 - Check plugin tutovideos
2026-08-17 15:18:26,042 [INFO] PluginManage:359 - Loaded plugin tutovideos (category:base,tabindex:-1)
2026-08-17 15:18:26,042 [INFO] PluginManage:310 - Check plugin updater
2026-08-17 15:18:26,049 [INFO] PluginManage:359 - Loaded plugin updater (category:base,tabindex:12)
2026-08-17 15:18:26,049 [INFO] PluginManage:310 - Check plugin userauth
2026-08-17 15:18:26,053 [INFO] UserAuth:113 - Init User Auth plugin
2026-08-17 15:18:26,053 [INFO] PluginManage:359 - Loaded plugin userauth (category:base,tabindex:14)
2026-08-17 15:18:26,053 [INFO] PluginManage:283 - PluginManage : Loaded plugins [17]
2026-08-17 15:18:26,202 [INFO] PinOutPanel:1499 - setPackage(No Configuration,No Configuration)
2026-08-17 15:18:26,276 [INFO] CADModel:165 - CPN selected for project level
2026-08-17 15:18:26,277 [INFO] CADModel:114 - Register for checkConnection events
2026-08-17 15:18:26,290 [INFO] IPUIPlugin:80 - create IPUIPlugin
2026-08-17 15:18:26,290 [INFO] PluginManager:220 - loadIPPluginJar : add adc
2026-08-17 15:18:26,292 [INFO] IPUIPlugin:80 - create IPUIPlugin
2026-08-17 15:18:26,292 [INFO] PluginManager:220 - loadIPPluginJar : add aes
2026-08-17 15:18:26,294 [INFO] IPUIPlugin:80 - create IPUIPlugin
2026-08-17 15:18:26,294 [INFO] PluginManager:220 - loadIPPluginJar : add can
2026-08-17 15:18:26,295 [INFO] IPUIPlugin:80 - create IPUIPlugin
2026-08-17 15:18:26,295 [INFO] PluginManager:220 - loadIPPluginJar : add comp
2026-08-17 15:18:26,297 [INFO] IPUIPlugin:80 - create IPUIPlugin
2026-08-17 15:18:26,297 [INFO] PluginManager:220 - loadIPPluginJar : add cryp
2026-08-17 15:18:26,298 [INFO] IPUIPlugin:80 - create IPUIPlugin
2026-08-17 15:18:26,299 [INFO] PluginManager:220 - loadIPPluginJar : add dfsdm
2026-08-17 15:18:26,304 [INFO] IPUIPlugin:80 - create IPUIPlugin
2026-08-17 15:18:26,304 [INFO] PluginManager:220 - loadIPPluginJar : add dma
2026-08-17 15:18:26,306 [INFO] IPUIPlugin:80 - create IPUIPlugin
2026-08-17 15:18:26,306 [INFO] PluginManager:220 - loadIPPluginJar : add dma3
2026-08-17 15:18:26,307 [INFO] IPUIPlugin:80 - create IPUIPlugin
2026-08-17 15:18:26,307 [INFO] PluginManager:220 - loadIPPluginJar : add fatfs
2026-08-17 15:18:26,311 [INFO] IPUIPlugin:80 - create IPUIPlugin
2026-08-17 15:18:26,311 [INFO] PluginManager:220 - loadIPPluginJar : add fmc
2026-08-17 15:18:26,314 [INFO] IPUIPlugin:80 - create IPUIPlugin
2026-08-17 15:18:26,315 [INFO] PluginManager:220 - loadIPPluginJar : add freertos
2026-08-17 15:18:26,315 [INFO] IPUIPlugin:80 - create IPUIPlugin
2026-08-17 15:18:26,315 [INFO] PluginManager:220 - loadIPPluginJar : add genericplugin
2026-08-17 15:18:26,317 [INFO] IPUIPlugin:80 - create IPUIPlugin
2026-08-17 15:18:26,317 [INFO] PluginManager:220 - loadIPPluginJar : add gfxmmu
2026-08-17 15:18:26,320 [INFO] IPUIPlugin:80 - create IPUIPlugin
2026-08-17 15:18:26,320 [INFO] PluginManager:220 - loadIPPluginJar : add gic
2026-08-17 15:18:26,323 [INFO] IPUIPlugin:80 - create IPUIPlugin
2026-08-17 15:18:26,323 [INFO] PluginManager:220 - loadIPPluginJar : add gpio
2026-08-17 15:18:26,325 [INFO] IPUIPlugin:80 - create IPUIPlugin
2026-08-17 15:18:26,325 [INFO] PluginManager:220 - loadIPPluginJar : add gtzc
2026-08-17 15:18:26,326 [INFO] IPUIPlugin:80 - create IPUIPlugin
2026-08-17 15:18:26,327 [INFO] PluginManager:220 - loadIPPluginJar : add hash
2026-08-17 15:18:26,328 [INFO] IPUIPlugin:80 - create IPUIPlugin
2026-08-17 15:18:26,328 [INFO] PluginManager:220 - loadIPPluginJar : add i2c
2026-08-17 15:18:26,329 [INFO] IPUIPlugin:80 - create IPUIPlugin
2026-08-17 15:18:26,330 [INFO] PluginManager:220 - loadIPPluginJar : add i2s
2026-08-17 15:18:26,331 [INFO] IPUIPlugin:80 - create IPUIPlugin
2026-08-17 15:18:26,331 [INFO] PluginManager:220 - loadIPPluginJar : add i3c
2026-08-17 15:18:26,333 [INFO] IPUIPlugin:80 - create IPUIPlugin
2026-08-17 15:18:26,333 [INFO] PluginManager:220 - loadIPPluginJar : add ipddr
2026-08-17 15:18:26,338 [INFO] IPUIPlugin:80 - create IPUIPlugin
2026-08-17 15:18:26,338 [INFO] PluginManager:220 - loadIPPluginJar : add linkedlist
2026-08-17 15:18:26,339 [INFO] IPUIPlugin:80 - create IPUIPlugin
2026-08-17 15:18:26,339 [INFO] PluginManager:220 - loadIPPluginJar : add lorawan
2026-08-17 15:18:26,340 [INFO] IPUIPlugin:80 - create IPUIPlugin
2026-08-17 15:18:26,340 [INFO] PluginManager:220 - loadIPPluginJar : add ltdc
2026-08-17 15:18:26,343 [INFO] IPUIPlugin:80 - create IPUIPlugin
2026-08-17 15:18:26,344 [INFO] PluginManager:220 - loadIPPluginJar : add mdma
2026-08-17 15:18:26,346 [INFO] IPUIPlugin:80 - create IPUIPlugin
2026-08-17 15:18:26,346 [INFO] PluginManager:220 - loadIPPluginJar : add nvic
2026-08-17 15:18:26,347 [INFO] IPUIPlugin:80 - create IPUIPlugin
2026-08-17 15:18:26,347 [INFO] PluginManager:220 - loadIPPluginJar : add opamp
2026-08-17 15:18:26,349 [INFO] IPUIPlugin:80 - create IPUIPlugin
2026-08-17 15:18:26,349 [INFO] PluginManager:220 - loadIPPluginJar : add openamp
2026-08-17 15:18:26,351 [INFO] IPUIPlugin:80 - create IPUIPlugin
2026-08-17 15:18:26,351 [INFO] PluginManager:220 - loadIPPluginJar : add pdm2pcm
2026-08-17 15:18:26,355 [INFO] IPUIPlugin:80 - create IPUIPlugin
2026-08-17 15:18:26,357 [INFO] PluginManager:220 - loadIPPluginJar : add plateformsettings
2026-08-17 15:18:26,358 [INFO] IPUIPlugin:80 - create IPUIPlugin
2026-08-17 15:18:26,358 [INFO] PluginManager:220 - loadIPPluginJar : add quadspi
2026-08-17 15:18:26,360 [INFO] IPUIPlugin:80 - create IPUIPlugin
2026-08-17 15:18:26,360 [INFO] PluginManager:220 - loadIPPluginJar : add resmgrutility
2026-08-17 15:18:26,362 [INFO] IPUIPlugin:80 - create IPUIPlugin
2026-08-17 15:18:26,362 [INFO] PluginManager:220 - loadIPPluginJar : add sai
2026-08-17 15:18:26,363 [INFO] IPUIPlugin:80 - create IPUIPlugin
2026-08-17 15:18:26,363 [INFO] PluginManager:220 - loadIPPluginJar : add spi
2026-08-17 15:18:26,366 [INFO] IPUIPlugin:80 - create IPUIPlugin
2026-08-17 15:18:26,366 [INFO] PluginManager:220 - loadIPPluginJar : add stm32_wpan
2026-08-17 15:18:26,367 [INFO] IPUIPlugin:80 - create IPUIPlugin
2026-08-17 15:18:26,367 [INFO] PluginManager:220 - loadIPPluginJar : add tim
2026-08-17 15:18:26,369 [INFO] IPUIPlugin:80 - create IPUIPlugin
2026-08-17 15:18:26,369 [INFO] PluginManager:220 - loadIPPluginJar : add touchsensing
2026-08-17 15:18:26,370 [INFO] IPUIPlugin:80 - create IPUIPlugin
2026-08-17 15:18:26,370 [INFO] PluginManager:220 - loadIPPluginJar : add tracer_emb
2026-08-17 15:18:26,371 [INFO] IPUIPlugin:80 - create IPUIPlugin
2026-08-17 15:18:26,371 [INFO] PluginManager:220 - loadIPPluginJar : add ts
2026-08-17 15:18:26,372 [INFO] IPUIPlugin:80 - create IPUIPlugin
2026-08-17 15:18:26,372 [INFO] PluginManager:220 - loadIPPluginJar : add tsc
2026-08-17 15:18:26,373 [INFO] IPUIPlugin:80 - create IPUIPlugin
2026-08-17 15:18:26,373 [INFO] PluginManager:220 - loadIPPluginJar : add ucpd
2026-08-17 15:18:26,375 [INFO] IPUIPlugin:80 - create IPUIPlugin
2026-08-17 15:18:26,375 [INFO] PluginManager:220 - loadIPPluginJar : add usart
2026-08-17 15:18:26,377 [INFO] IPUIPlugin:80 - create IPUIPlugin
2026-08-17 15:18:26,377 [INFO] PluginManager:220 - loadIPPluginJar : add usbx
2026-08-17 15:18:26,486 [INFO] CADModel:165 - CPN selected for project level
2026-08-17 15:18:26,486 [INFO] CADModel:114 - Register for checkConnection events
2026-08-17 15:18:26,486 [FATAL] Updater:308 - Updater called before beeing initialized
2026-08-17 15:18:26,486 [ERROR] CADModel:125 - Updater not yet initialized, retry later 
2026-08-17 15:18:26,582 [INFO] CADModel:165 - CPN selected for project level
2026-08-17 15:18:26,582 [INFO] CADModel:114 - Register for checkConnection events
2026-08-17 15:18:26,582 [FATAL] Updater:308 - Updater called before beeing initialized
2026-08-17 15:18:26,583 [ERROR] CADModel:125 - Updater not yet initialized, retry later 
2026-08-17 15:18:26,585 [FATAL] Updater:308 - Updater called before beeing initialized
2026-08-17 15:18:26,660 [FATAL] Updater:308 - Updater called before beeing initialized
2026-08-17 15:18:26,666 [INFO] DbMcusAds:53 - JSON generation date=Wed Jul 15 16:44:54 GMT+07:00 2026 (1784108694001)
2026-08-17 15:18:26,666 [FATAL] Updater:308 - Updater called before beeing initialized
2026-08-17 15:18:26,694 [WARN] DetailPanel:346 - Failed to get advertising image, set to default
2026-08-17 15:18:26,788 [FATAL] Updater:308 - Updater called before beeing initialized
2026-08-17 15:18:26,789 [FATAL] Updater:308 - Updater called before beeing initialized
2026-08-17 15:18:26,789 [FATAL] Updater:308 - Updater called before beeing initialized
2026-08-17 15:18:26,789 [WARN] DetailPanel:346 - Failed to get advertising image, set to default
2026-08-17 15:18:26,790 [FATAL] Updater:308 - Updater called before beeing initialized
2026-08-17 15:18:26,823 [ERROR] Updater:1120 - MainUpdater not yet initialized. External WinMGr cannot be set.
2026-08-17 15:18:26,825 [INFO] Updater:1056 - Updater Version found : 6.9.1
2026-08-17 15:18:26,841 [INFO] ApplicationProperties:184 - Using Application install path: C:\ST\STM32CubeIDE_1.13.1\STM32CubeIDE\plugins\com.st.stm32cube.common.mx_6.9.1.202307191849
2026-08-17 15:18:27,140 [INFO] MainUpdater:2868 - connection check result : 10
2026-08-17 15:18:27,141 [INFO] MainUpdater:285 - Updater Check For Update Now.
2026-08-17 15:18:27,141 [INFO] MicroXplorer:498 - Change Database Version : DB.6.0.91
2026-08-17 15:18:27,145 [INFO] McuFinderGlobals:63 - Set McuFinder mode to 2 (CubeIDE integrated)
2026-08-17 15:18:27,311 [INFO] CheckServerUpdateThread:120 - End of CheckServer Thread
2026-08-17 15:18:29,068 [WARN] PackLoader:240 - Cannot read IP mode file for STMicroelectronics.FP-ATR-ASTRA1.2.0.3
2026-08-17 15:18:29,071 [WARN] PackLoader:240 - Cannot read IP mode file for STMicroelectronics.FP-ATR-ASTRA1.2.0.2
2026-08-17 15:18:29,075 [ERROR] Engine:466 - C:\Users\Admin\.stm32cubemx\thirdparties\pdsc\STMicroelectronics.X-CUBE-SMBUS.2.1.1.pdsc: PDSC version is not supported
2026-08-17 15:18:29,078 [WARN] PackLoader:240 - Cannot read IP mode file for STMicroelectronics.X-CUBE-SMBUS.2.1.0
2026-08-17 15:18:29,099 [WARN] PackLoader:240 - Cannot read IP mode file for STMicroelectronics.X-CUBE-AZRTOS-F7.1.1.0
2026-08-17 15:18:29,106 [ERROR] Engine:466 - C:\Users\Admin\.stm32cubemx\thirdparties\pdsc\STMicroelectronics.X-CUBE-FREERTOS.1.6.0.pdsc: PDSC version is not supported
2026-08-17 15:18:29,129 [WARN] PackLoader:240 - Cannot read IP mode file for STMicroelectronics.X-CUBE-AZRTOS-H7RS.1.3.0
2026-08-17 15:18:29,138 [ERROR] Engine:466 - C:\Users\Admin\.stm32cubemx\thirdparties\pdsc\WES.I-CUBE-Cesium.1.4.0.pdsc: PDSC version is not supported
2026-08-17 15:18:29,146 [WARN] PackLoader:240 - Cannot read IP mode file for STMicroelectronics.X-CUBE-DISPLAY.3.0.0
2026-08-17 15:18:29,155 [WARN] PackLoader:240 - Cannot read IP mode file for wolfSSL.I-CUBE-wolfSSL.5.9.1
2026-08-17 15:18:29,160 [WARN] PackLoader:240 - Cannot read IP mode file for emotas.I-CUBE-CANOPEN.1.3.0
2026-08-17 15:18:29,163 [ERROR] Engine:466 - C:\Users\Admin\.stm32cubemx\thirdparties\pdsc\STMicroelectronics.X-CUBE-WBA.1.1.0.pdsc: PDSC version is not supported
2026-08-17 15:18:29,170 [INFO] LogOutputStream:77 - [STDOUT_REDIRECT] 1 : Invalid condition id : UX_CORESTACK_Condition cause : null
2026-08-17 15:18:29,171 [INFO] LogOutputStream:77 - [STDOUT_REDIRECT] 1 : Invalid condition id : UX_CORESTACK_Condition cause : null
2026-08-17 15:18:29,172 [INFO] LogOutputStream:77 - [STDOUT_REDIRECT] 1 : Invalid condition id : UX_CORESTACK_Condition cause : null
2026-08-17 15:18:29,173 [INFO] LogOutputStream:77 - [STDOUT_REDIRECT] 1 : Invalid condition id : UX_CORESTACK_Condition cause : null
2026-08-17 15:18:29,174 [INFO] LogOutputStream:77 - [STDOUT_REDIRECT] 1 : Invalid condition id : UX_CORESTACK_Condition cause : null
2026-08-17 15:18:29,177 [WARN] PackLoader:240 - Cannot read IP mode file for STMicroelectronics.X-CUBE-AZRTOS-WL.2.0.0
2026-08-17 15:18:29,193 [WARN] PackLoader:240 - Cannot read IP mode file for STMicroelectronics.X-CUBE-AZRTOS-H7RS.1.2.0
2026-08-17 15:18:29,205 [WARN] PackLoader:240 - Cannot read IP mode file for STMicroelectronics.X-CUBE-BLE2.3.3.0
2026-08-17 15:18:29,207 [ERROR] Engine:466 - C:\Users\Admin\.stm32cubemx\thirdparties\pdsc\Avnet-IOTCONNECT.X-CUBE-iotc-st67-sdk.1.0.0.pdsc: PDSC version is not supported
2026-08-17 15:18:29,211 [ERROR] Engine:466 - C:\Users\Admin\.stm32cubemx\thirdparties\pdsc\Infineon.AIROC-Wi-Fi-Bluetooth-STM32.1.8.0.pdsc: PDSC version is not supported
2026-08-17 15:18:29,214 [WARN] PackLoader:240 - Cannot read IP mode file for wolfSSL.I-CUBE-wolfMQTT.1.19.2
2026-08-17 15:18:29,230 [WARN] PackLoader:240 - Cannot read IP mode file for STMicroelectronics.X-CUBE-AZRTOS-G0.1.1.0
2026-08-17 15:18:29,237 [WARN] PackLoader:240 - Cannot read IP mode file for STMicroelectronics.X-CUBE-NFC4.3.0.0
2026-08-17 15:18:29,240 [ERROR] Engine:466 - C:\Users\Admin\.stm32cubemx\thirdparties\pdsc\EmbeddedOffice.I-CUBE-FS-RTOS.1.0.1.pdsc: PDSC version is not supported
2026-08-17 15:18:29,243 [WARN] PackLoader:240 - Cannot read IP mode file for wolfSSL.I-CUBE-wolfTPM.3.8.0
2026-08-17 15:18:29,246 [ERROR] Engine:466 - C:\Users\Admin\.stm32cubemx\thirdparties\pdsc\RealThread.X-CUBE-RT-Thread_Nano.4.1.1.pdsc: PDSC version is not supported
2026-08-17 15:18:29,248 [WARN] PackLoader:240 - Cannot read IP mode file for STMicroelectronics.FP-ATR-SIGFOX1.3.2.0
2026-08-17 15:18:29,251 [ERROR] Engine:466 - C:\Users\Admin\.stm32cubemx\thirdparties\pdsc\STMicroelectronics.X-CUBE-FREERTOS.1.5.0.pdsc: PDSC version is not supported
2026-08-17 15:18:29,255 [WARN] PackLoader:240 - Cannot read IP mode file for ITTIA_DB.I-CUBE-ITTIADB.8.9.0
2026-08-17 15:18:29,257 [ERROR] Engine:466 - C:\Users\Admin\.stm32cubemx\thirdparties\pdsc\Cesanta.I-CUBE-Mongoose.7.21.7.pdsc: PDSC version is not supported
2026-08-17 15:18:29,261 [WARN] PackLoader:240 - Cannot read IP mode file for STMicroelectronics.X-CUBE-AI.10.2.1
2026-08-17 15:18:29,299 [WARN] PackLoader:240 - Cannot read IP mode file for STMicroelectronics.X-CUBE-MEMS1.12.1.0
2026-08-17 15:18:29,403 [WARN] PackLoader:240 - Cannot read IP mode file for SEGGER.I-CUBE-embOS.1.3.1
2026-08-17 15:18:29,439 [WARN] PackLoader:240 - Cannot read IP mode file for STMicroelectronics.X-CUBE-ALGOBUILD.1.4.0
2026-08-17 15:18:29,445 [WARN] PackLoader:240 - Cannot read IP mode file for STMicroelectronics.X-CUBE-NFC13.1.0.0
2026-08-17 15:18:29,458 [WARN] PackLoader:240 - Cannot read IP mode file for STMicroelectronics.X-CUBE-AZRTOS-F4.1.1.0
2026-08-17 15:18:29,462 [ERROR] Engine:466 - C:\Users\Admin\.stm32cubemx\thirdparties\pdsc\STMicroelectronics.eDS-WB_DPC_TT-BIDIR.2.1.1.pdsc: PDSC version is not supported
2026-08-17 15:18:29,466 [WARN] PackLoader:240 - Cannot read IP mode file for STMicroelectronics.X-CUBE-ALGOBUILD.1.5.0
2026-08-17 15:18:29,502 [WARN] PackLoader:240 - Cannot read IP mode file for STMicroelectronics.X-CUBE-MEMS1.13.0.0
2026-08-17 15:18:29,566 [ERROR] Engine:466 - C:\Users\Admin\.stm32cubemx\thirdparties\pdsc\STMicroelectronics.eDS-WB_DPC_3PH2L-BIDIR.1.1.1.pdsc: PDSC version is not supported
2026-08-17 15:18:29,571 [WARN] PackLoader:240 - Cannot read IP mode file for STMicroelectronics.X-CUBE-TOUCHGFX.4.26.1
2026-08-17 15:18:29,583 [WARN] ConditionMgr:438 - getConditionDescription Invalid condition id : LAN8742 Phy interface Condition cause : null
2026-08-17 15:18:29,583 [WARN] PackLoader:240 - Cannot read IP mode file for STMicroelectronics.X-CUBE-AZRTOS-L4.2.0.0
2026-08-17 15:18:29,585 [WARN] ConditionMgr:1039 - genDependencies : Invalid condition id : LAN8742 Phy interface Condition cause : null
2026-08-17 15:18:29,585 [WARN] ConditionMgr:1039 - genDependencies : Invalid condition id : LAN8742 Phy interface Condition cause : null
2026-08-17 15:18:29,585 [WARN] ConditionMgr:1039 - genDependencies : Invalid condition id : LAN8742 Phy interface Condition cause : null
2026-08-17 15:18:29,592 [WARN] PackLoader:240 - Cannot read IP mode file for STMicroelectronics.X-CUBE-SFXS2LP1.4.0.0
2026-08-17 15:18:29,595 [ERROR] Engine:466 - C:\Users\Admin\.stm32cubemx\thirdparties\pdsc\quantropi.X-CUBE-qispace-sdk-base.2.1.0.pdsc: PDSC version is not supported
2026-08-17 15:18:29,604 [WARN] PackLoader:240 - Cannot read IP mode file for STMicroelectronics.X-CUBE-SUBG2.5.0.0
2026-08-17 15:18:29,617 [WARN] PackLoader:240 - Cannot read IP mode file for STMicroelectronics.X-CUBE-AZRTOS-G4.2.0.0
2026-08-17 15:18:29,624 [WARN] PackLoader:240 - Cannot read IP mode file for wolfSSL.I-CUBE-wolfSSH.1.4.20
2026-08-17 15:18:29,625 [INFO] ThirdParty:978 - Integrity check success = true
2026-08-17 15:18:29,625 [INFO] IntegrityCheckThread:100 - exiting critical section [integrity check]
2026-08-17 15:18:29,625 [INFO] IntegrityCheckThread:103 - End integrity checks thread
2026-08-17 15:18:48,147 [ERROR] LogOutputStream:75 - [STDERR_REDIRECT] SLF4J: Failed to load class "org.slf4j.impl.StaticLoggerBinder".
2026-08-17 15:18:48,148 [ERROR] LogOutputStream:75 - [STDERR_REDIRECT] SLF4J: Defaulting to no-operation (NOP) logger implementation
2026-08-17 15:18:48,149 [ERROR] LogOutputStream:75 - [STDERR_REDIRECT] SLF4J: See http://www.slf4j.org/codes.html#StaticLoggerBinder for further details.
2026-08-17 19:54:12,192 [ERROR] ConfigurationRetriever:142 - IOException on connection: sw-center.st.com
2026-08-17 19:54:12,192 [ERROR] ConfigurationRetriever:142 - IOException on connection: sw-center.st.com
2026-08-17 19:54:12,193 [ERROR] ConfigurationRetriever:142 - IOException on connection: sw-center.st.com
