2026-08-12 03:16:19,028 [INFO] Activator:176 - 


2026-08-12 03:16:19,032 [INFO] Activator:177 - !SESSION log4j initialized
2026-08-12 03:16:24,468 [INFO] LogOutputStream:77 - [STDOUT_REDIRECT] 
2026-08-12 03:16:26,039 [INFO] ApplicationProperties:184 - Using Application install path: C:\ST\STM32CubeIDE_1.13.1\STM32CubeIDE\plugins\com.st.stm32cube.common.mx_6.9.1.202307191849
2026-08-12 03:16:26,058 [INFO] DbMcusXml:78 - Set database path to: C:\ST\STM32CubeIDE_1.13.1\STM32CubeIDE\plugins\com.st.stm32cube.common.mx_6.9.1.202307191849\\db\/mcu/
2026-08-12 03:16:26,059 [INFO] ApiDb:274 - Set plugin database path to: C:\ST\STM32CubeIDE_1.13.1\STM32CubeIDE\plugins\com.st.stm32cube.common.mx_6.9.1.202307191849\\db\/plugins/boardmanager/
2026-08-12 03:16:26,059 [WARN] ApiDb:259 - Overriding images path with different value:  => C:\ST\STM32CubeIDE_1.13.1\STM32CubeIDE\plugins\com.st.stm32cube.common.mx_6.9.1.202307191849\\db\/plugins/mcufinder/images/
2026-08-12 03:16:26,074 [INFO] ApiDb:250 - Set database path to: C:\Users\Admin\.stmcufinder\plugins\mcufinder//mcu/
2026-08-12 03:16:26,075 [INFO] DbMcusAds:125 - Set database path to: C:\Users\Admin\.stmcufinder\plugins\mcufinder//mcu/
2026-08-12 03:16:26,077 [INFO] CrossReferenceDbSqlite:203 - Set database path to: C:\Users\Admin\.stmcufinder\plugins\mcufinder//mcu/cs/
2026-08-12 03:16:26,176 [INFO] RulesReader:64 - Compatibility file has been processed (293 Rules)
2026-08-12 03:16:26,265 [INFO] DbMcusXml:78 - Set database path to: C:\ST\STM32CubeIDE_1.13.1\STM32CubeIDE\plugins\com.st.stm32cube.common.mx_6.9.1.202307191849\\db\/mcu/
2026-08-12 03:16:26,265 [INFO] ApiDb:274 - Set plugin database path to: C:\ST\STM32CubeIDE_1.13.1\STM32CubeIDE\plugins\com.st.stm32cube.common.mx_6.9.1.202307191849\\db\/plugins/boardmanager/
2026-08-12 03:16:26,265 [INFO] ApiDb:261 - Set plugin images path to: C:\ST\STM32CubeIDE_1.13.1\STM32CubeIDE\plugins\com.st.stm32cube.common.mx_6.9.1.202307191849\\db\/plugins/mcufinder/images/
2026-08-12 03:16:26,265 [WARN] DbFile:41 - Overriding database path with different value: C:\Users\Admin\.stmcufinder\plugins\mcufinder/ => C:\Users\Admin\.stmcufinder\plugins\mcufinder
2026-08-12 03:16:26,265 [INFO] ApiDb:250 - Set database path to: C:\Users\Admin\.stmcufinder\plugins\mcufinder//mcu/
2026-08-12 03:16:26,265 [WARN] DbFile:41 - Overriding database path with different value: C:\Users\Admin\.stmcufinder\plugins\mcufinder/ => C:\Users\Admin\.stmcufinder\plugins\mcufinder
2026-08-12 03:16:26,266 [INFO] DbMcusAds:125 - Set database path to: C:\Users\Admin\.stmcufinder\plugins\mcufinder//mcu/
2026-08-12 03:16:26,266 [WARN] DbFile:41 - Overriding database path with different value: C:\Users\Admin\.stmcufinder\plugins\mcufinder/ => C:\Users\Admin\.stmcufinder\plugins\mcufinder
2026-08-12 03:16:26,266 [WARN] DbFile:41 - Overriding database path with different value: C:\Users\Admin\.stmcufinder\plugins\mcufinder/ => C:\Users\Admin\.stmcufinder\plugins\mcufinder
2026-08-12 03:16:26,266 [INFO] CrossReferenceDbSqlite:203 - Set database path to: C:\Users\Admin\.stmcufinder\plugins\mcufinder//mcu/cs/
2026-08-12 03:16:26,344 [INFO] MainPanel:262 - HeapMemory: 268435456
2026-08-12 03:16:26,439 [INFO] DbMcusXml:78 - Set database path to: C:\ST\STM32CubeIDE_1.13.1\STM32CubeIDE\plugins\com.st.stm32cube.common.mx_6.9.1.202307191849\\db\/mcu/
2026-08-12 03:16:26,439 [INFO] ApiDb:274 - Set plugin database path to: C:\ST\STM32CubeIDE_1.13.1\STM32CubeIDE\plugins\com.st.stm32cube.common.mx_6.9.1.202307191849\\db\/plugins/boardmanager/
2026-08-12 03:16:26,439 [INFO] ApiDb:261 - Set plugin images path to: C:\ST\STM32CubeIDE_1.13.1\STM32CubeIDE\plugins\com.st.stm32cube.common.mx_6.9.1.202307191849\\db\/plugins/mcufinder/images/
2026-08-12 03:16:26,439 [WARN] DbFile:41 - Overriding database path with different value: C:\Users\Admin\.stmcufinder\plugins\mcufinder/ => C:\Users\Admin\.stmcufinder\plugins\mcufinder
2026-08-12 03:16:26,439 [INFO] ApiDb:250 - Set database path to: C:\Users\Admin\.stmcufinder\plugins\mcufinder//mcu/
2026-08-12 03:16:26,439 [WARN] DbFile:41 - Overriding database path with different value: C:\Users\Admin\.stmcufinder\plugins\mcufinder/ => C:\Users\Admin\.stmcufinder\plugins\mcufinder
2026-08-12 03:16:26,439 [INFO] DbMcusAds:125 - Set database path to: C:\Users\Admin\.stmcufinder\plugins\mcufinder//mcu/
2026-08-12 03:16:26,440 [WARN] DbFile:41 - Overriding database path with different value: C:\Users\Admin\.stmcufinder\plugins\mcufinder/ => C:\Users\Admin\.stmcufinder\plugins\mcufinder
2026-08-12 03:16:26,440 [WARN] DbFile:41 - Overriding database path with different value: C:\Users\Admin\.stmcufinder\plugins\mcufinder/ => C:\Users\Admin\.stmcufinder\plugins\mcufinder
2026-08-12 03:16:26,440 [INFO] CrossReferenceDbSqlite:203 - Set database path to: C:\Users\Admin\.stmcufinder\plugins\mcufinder//mcu/cs/
2026-08-12 03:16:26,456 [INFO] ApplicationProperties:184 - Using Application install path: C:\ST\STM32CubeIDE_1.13.1\STM32CubeIDE\plugins\com.st.stm32cube.common.mx_6.9.1.202307191849
2026-08-12 03:16:26,457 [INFO] PluginManage:196 - Search for loadable plugins [exclusion list=, ]
2026-08-12 03:16:26,459 [INFO] PluginManage:310 - Check plugin analytics
2026-08-12 03:16:26,592 [INFO] AnalyticsPlugin:253 - Accepted Software Licenses: STM32CubeMX.6.18.0
2026-08-12 03:16:26,592 [INFO] AnalyticsPlugin:255 - Accepted CMSIS Pack Licenses: 
2026-08-12 03:16:26,592 [INFO] AnalyticsPlugin:257 - Accepted Firmware Licenses: FW.F4.1.27.0,FW.F4.1.28.0,FW.F4.1.28.3
2026-08-12 03:16:26,596 [INFO] PluginManage:359 - Loaded plugin analytics (category:tool,tabindex:-1)
2026-08-12 03:16:26,597 [INFO] PluginManage:310 - Check plugin cadmodel
2026-08-12 03:16:26,604 [INFO] CADModel:105 - Init CAD model plugin
2026-08-12 03:16:26,604 [INFO] PluginManage:359 - Loaded plugin cadmodel (category:power,tabindex:5)
2026-08-12 03:16:26,604 [INFO] PluginManage:310 - Check plugin clock
2026-08-12 03:16:26,617 [INFO] PluginManage:359 - Loaded plugin clock (category:base,tabindex:2)
2026-08-12 03:16:26,617 [INFO] PluginManage:310 - Check plugin ddr
2026-08-12 03:16:26,619 [INFO] PluginManage:359 - Loaded plugin ddr (category:tool,tabindex:6)
2026-08-12 03:16:26,620 [INFO] PluginManage:310 - Check plugin filemanager
2026-08-12 03:16:26,757 [INFO] PluginManage:359 - Loaded plugin filemanager (category:base,tabindex:10)
2026-08-12 03:16:26,757 [INFO] PluginManage:310 - Check plugin ipmanager
2026-08-12 03:16:26,764 [INFO] PluginManage:359 - Loaded plugin ipmanager (category:base,tabindex:5)
2026-08-12 03:16:26,765 [INFO] PluginManage:310 - Check plugin lpbam
2026-08-12 03:16:26,773 [INFO] PluginManage:359 - Loaded plugin lpbam (category:base,tabindex:0)
2026-08-12 03:16:26,773 [INFO] PluginManage:310 - Check plugin memorymap
2026-08-12 03:16:26,787 [INFO] PluginManage:359 - Loaded plugin memorymap (category:base,tabindex:4)
2026-08-12 03:16:26,787 [INFO] PluginManage:310 - Check plugin pinoutandconfiguration
2026-08-12 03:16:26,795 [INFO] PluginManage:359 - Loaded plugin pinoutandconfiguration (category:base,tabindex:1)
2026-08-12 03:16:26,795 [INFO] PluginManage:310 - Check plugin pinoutconfig
2026-08-12 03:16:26,886 [WARN] SupportedApi:132 - Cannot load RTOS API schema: s4s-elt-must-match.1: The content of 'definitions' must match (annotation?, (simpleType | complexType)?, (unique | key | keyref)*)). A problem was found starting at: attribute.
2026-08-12 03:16:27,014 [INFO] PluginManage:359 - Loaded plugin pinoutconfig (category:base,tabindex:0)
2026-08-12 03:16:27,015 [INFO] PluginManage:310 - Check plugin power
2026-08-12 03:16:27,027 [INFO] PluginManage:359 - Loaded plugin power (category:power,tabindex:4)
2026-08-12 03:16:27,027 [INFO] PluginManage:310 - Check plugin projectmanager
2026-08-12 03:16:27,042 [INFO] PluginManage:359 - Loaded plugin projectmanager (category:projectmanager,tabindex:3)
2026-08-12 03:16:27,043 [INFO] PluginManage:310 - Check plugin thirdparty
2026-08-12 03:16:27,192 [WARN] IntegrityCheckThread:84 - waiting for thirdparty lock release [integrity check]
2026-08-12 03:16:27,192 [INFO] PluginManage:359 - Loaded plugin thirdparty (category:base,tabindex:-1)
2026-08-12 03:16:27,192 [INFO] IntegrityCheckThread:86 - entering critical section [integrity check]
2026-08-12 03:16:27,192 [INFO] PluginManage:310 - Check plugin tools
2026-08-12 03:16:27,193 [INFO] ThirdPartyUpdaterWithRetryManager:70 - Updater plugin not ready yet. [1/15]
2026-08-12 03:16:27,195 [INFO] PluginManage:359 - Loaded plugin tools (category:base,tabindex:7)
2026-08-12 03:16:27,195 [INFO] PluginManage:310 - Check plugin tutovideos
2026-08-12 03:16:27,371 [INFO] PluginManage:359 - Loaded plugin tutovideos (category:base,tabindex:-1)
2026-08-12 03:16:27,371 [INFO] PluginManage:310 - Check plugin updater
2026-08-12 03:16:27,398 [INFO] PluginManage:359 - Loaded plugin updater (category:base,tabindex:12)
2026-08-12 03:16:27,398 [INFO] PluginManage:310 - Check plugin userauth
2026-08-12 03:16:27,405 [INFO] UserAuth:113 - Init User Auth plugin
2026-08-12 03:16:27,406 [INFO] PluginManage:359 - Loaded plugin userauth (category:base,tabindex:14)
2026-08-12 03:16:27,406 [INFO] PluginManage:283 - PluginManage : Loaded plugins [17]
2026-08-12 03:16:27,652 [INFO] PinOutPanel:1499 - setPackage(No Configuration,No Configuration)
2026-08-12 03:16:27,751 [INFO] CADModel:165 - CPN selected for project level
2026-08-12 03:16:27,751 [INFO] CADModel:114 - Register for checkConnection events
2026-08-12 03:16:27,768 [INFO] IPUIPlugin:80 - create IPUIPlugin
2026-08-12 03:16:27,768 [INFO] PluginManager:220 - loadIPPluginJar : add adc
2026-08-12 03:16:27,770 [INFO] IPUIPlugin:80 - create IPUIPlugin
2026-08-12 03:16:27,770 [INFO] PluginManager:220 - loadIPPluginJar : add aes
2026-08-12 03:16:27,774 [INFO] IPUIPlugin:80 - create IPUIPlugin
2026-08-12 03:16:27,774 [INFO] PluginManager:220 - loadIPPluginJar : add can
2026-08-12 03:16:27,776 [INFO] IPUIPlugin:80 - create IPUIPlugin
2026-08-12 03:16:27,776 [INFO] PluginManager:220 - loadIPPluginJar : add comp
2026-08-12 03:16:27,780 [INFO] IPUIPlugin:80 - create IPUIPlugin
2026-08-12 03:16:27,780 [INFO] PluginManager:220 - loadIPPluginJar : add cryp
2026-08-12 03:16:27,782 [INFO] IPUIPlugin:80 - create IPUIPlugin
2026-08-12 03:16:27,782 [INFO] PluginManager:220 - loadIPPluginJar : add dfsdm
2026-08-12 03:16:27,787 [INFO] IPUIPlugin:80 - create IPUIPlugin
2026-08-12 03:16:27,788 [INFO] PluginManager:220 - loadIPPluginJar : add dma
2026-08-12 03:16:27,790 [INFO] IPUIPlugin:80 - create IPUIPlugin
2026-08-12 03:16:27,790 [INFO] PluginManager:220 - loadIPPluginJar : add dma3
2026-08-12 03:16:27,791 [INFO] IPUIPlugin:80 - create IPUIPlugin
2026-08-12 03:16:27,792 [INFO] PluginManager:220 - loadIPPluginJar : add fatfs
2026-08-12 03:16:27,795 [INFO] IPUIPlugin:80 - create IPUIPlugin
2026-08-12 03:16:27,795 [INFO] PluginManager:220 - loadIPPluginJar : add fmc
2026-08-12 03:16:27,800 [INFO] IPUIPlugin:80 - create IPUIPlugin
2026-08-12 03:16:27,800 [INFO] PluginManager:220 - loadIPPluginJar : add freertos
2026-08-12 03:16:27,801 [INFO] IPUIPlugin:80 - create IPUIPlugin
2026-08-12 03:16:27,801 [INFO] PluginManager:220 - loadIPPluginJar : add genericplugin
2026-08-12 03:16:27,803 [INFO] IPUIPlugin:80 - create IPUIPlugin
2026-08-12 03:16:27,803 [INFO] PluginManager:220 - loadIPPluginJar : add gfxmmu
2026-08-12 03:16:27,806 [INFO] IPUIPlugin:80 - create IPUIPlugin
2026-08-12 03:16:27,807 [INFO] PluginManager:220 - loadIPPluginJar : add gic
2026-08-12 03:16:27,812 [INFO] IPUIPlugin:80 - create IPUIPlugin
2026-08-12 03:16:27,812 [INFO] PluginManager:220 - loadIPPluginJar : add gpio
2026-08-12 03:16:27,815 [INFO] IPUIPlugin:80 - create IPUIPlugin
2026-08-12 03:16:27,815 [INFO] PluginManager:220 - loadIPPluginJar : add gtzc
2026-08-12 03:16:27,817 [INFO] IPUIPlugin:80 - create IPUIPlugin
2026-08-12 03:16:27,817 [INFO] PluginManager:220 - loadIPPluginJar : add hash
2026-08-12 03:16:27,818 [INFO] IPUIPlugin:80 - create IPUIPlugin
2026-08-12 03:16:27,818 [INFO] PluginManager:220 - loadIPPluginJar : add i2c
2026-08-12 03:16:27,821 [INFO] IPUIPlugin:80 - create IPUIPlugin
2026-08-12 03:16:27,822 [INFO] PluginManager:220 - loadIPPluginJar : add i2s
2026-08-12 03:16:27,824 [INFO] IPUIPlugin:80 - create IPUIPlugin
2026-08-12 03:16:27,824 [INFO] PluginManager:220 - loadIPPluginJar : add i3c
2026-08-12 03:16:27,827 [INFO] IPUIPlugin:80 - create IPUIPlugin
2026-08-12 03:16:27,827 [INFO] PluginManager:220 - loadIPPluginJar : add ipddr
2026-08-12 03:16:27,834 [INFO] IPUIPlugin:80 - create IPUIPlugin
2026-08-12 03:16:27,834 [INFO] PluginManager:220 - loadIPPluginJar : add linkedlist
2026-08-12 03:16:27,836 [INFO] IPUIPlugin:80 - create IPUIPlugin
2026-08-12 03:16:27,836 [INFO] PluginManager:220 - loadIPPluginJar : add lorawan
2026-08-12 03:16:27,837 [INFO] IPUIPlugin:80 - create IPUIPlugin
2026-08-12 03:16:27,837 [INFO] PluginManager:220 - loadIPPluginJar : add ltdc
2026-08-12 03:16:27,844 [INFO] IPUIPlugin:80 - create IPUIPlugin
2026-08-12 03:16:27,845 [INFO] PluginManager:220 - loadIPPluginJar : add mdma
2026-08-12 03:16:27,849 [INFO] IPUIPlugin:80 - create IPUIPlugin
2026-08-12 03:16:27,849 [INFO] PluginManager:220 - loadIPPluginJar : add nvic
2026-08-12 03:16:27,852 [INFO] IPUIPlugin:80 - create IPUIPlugin
2026-08-12 03:16:27,852 [INFO] PluginManager:220 - loadIPPluginJar : add opamp
2026-08-12 03:16:27,854 [INFO] IPUIPlugin:80 - create IPUIPlugin
2026-08-12 03:16:27,855 [INFO] PluginManager:220 - loadIPPluginJar : add openamp
2026-08-12 03:16:27,857 [INFO] IPUIPlugin:80 - create IPUIPlugin
2026-08-12 03:16:27,857 [INFO] PluginManager:220 - loadIPPluginJar : add pdm2pcm
2026-08-12 03:16:27,862 [INFO] IPUIPlugin:80 - create IPUIPlugin
2026-08-12 03:16:27,863 [INFO] PluginManager:220 - loadIPPluginJar : add plateformsettings
2026-08-12 03:16:27,864 [INFO] IPUIPlugin:80 - create IPUIPlugin
2026-08-12 03:16:27,864 [INFO] PluginManager:220 - loadIPPluginJar : add quadspi
2026-08-12 03:16:27,867 [INFO] IPUIPlugin:80 - create IPUIPlugin
2026-08-12 03:16:27,867 [INFO] PluginManager:220 - loadIPPluginJar : add resmgrutility
2026-08-12 03:16:27,869 [INFO] IPUIPlugin:80 - create IPUIPlugin
2026-08-12 03:16:27,869 [INFO] PluginManager:220 - loadIPPluginJar : add sai
2026-08-12 03:16:27,872 [INFO] IPUIPlugin:80 - create IPUIPlugin
2026-08-12 03:16:27,872 [INFO] PluginManager:220 - loadIPPluginJar : add spi
2026-08-12 03:16:27,879 [INFO] IPUIPlugin:80 - create IPUIPlugin
2026-08-12 03:16:27,879 [INFO] PluginManager:220 - loadIPPluginJar : add stm32_wpan
2026-08-12 03:16:27,882 [INFO] IPUIPlugin:80 - create IPUIPlugin
2026-08-12 03:16:27,882 [INFO] PluginManager:220 - loadIPPluginJar : add tim
2026-08-12 03:16:27,883 [INFO] IPUIPlugin:80 - create IPUIPlugin
2026-08-12 03:16:27,883 [INFO] PluginManager:220 - loadIPPluginJar : add touchsensing
2026-08-12 03:16:27,884 [INFO] IPUIPlugin:80 - create IPUIPlugin
2026-08-12 03:16:27,884 [INFO] PluginManager:220 - loadIPPluginJar : add tracer_emb
2026-08-12 03:16:27,886 [INFO] IPUIPlugin:80 - create IPUIPlugin
2026-08-12 03:16:27,886 [INFO] PluginManager:220 - loadIPPluginJar : add ts
2026-08-12 03:16:27,887 [INFO] IPUIPlugin:80 - create IPUIPlugin
2026-08-12 03:16:27,888 [INFO] PluginManager:220 - loadIPPluginJar : add tsc
2026-08-12 03:16:27,889 [INFO] IPUIPlugin:80 - create IPUIPlugin
2026-08-12 03:16:27,889 [INFO] PluginManager:220 - loadIPPluginJar : add ucpd
2026-08-12 03:16:27,892 [INFO] IPUIPlugin:80 - create IPUIPlugin
2026-08-12 03:16:27,892 [INFO] PluginManager:220 - loadIPPluginJar : add usart
2026-08-12 03:16:27,895 [INFO] IPUIPlugin:80 - create IPUIPlugin
2026-08-12 03:16:27,895 [INFO] PluginManager:220 - loadIPPluginJar : add usbx
2026-08-12 03:16:28,016 [INFO] CADModel:165 - CPN selected for project level
2026-08-12 03:16:28,016 [INFO] CADModel:114 - Register for checkConnection events
2026-08-12 03:16:28,016 [FATAL] Updater:308 - Updater called before beeing initialized
2026-08-12 03:16:28,016 [ERROR] CADModel:125 - Updater not yet initialized, retry later 
2026-08-12 03:16:28,159 [INFO] CADModel:165 - CPN selected for project level
2026-08-12 03:16:28,159 [INFO] CADModel:114 - Register for checkConnection events
2026-08-12 03:16:28,159 [FATAL] Updater:308 - Updater called before beeing initialized
2026-08-12 03:16:28,159 [ERROR] CADModel:125 - Updater not yet initialized, retry later 
2026-08-12 03:16:28,163 [FATAL] Updater:308 - Updater called before beeing initialized
2026-08-12 03:16:28,261 [FATAL] Updater:308 - Updater called before beeing initialized
2026-08-12 03:16:28,266 [INFO] DbMcusAds:53 - JSON generation date=Wed Jul 15 16:44:54 GMT+07:00 2026 (1784108694001)
2026-08-12 03:16:28,267 [FATAL] Updater:308 - Updater called before beeing initialized
2026-08-12 03:16:28,308 [WARN] DetailPanel:346 - Failed to get advertising image, set to default
2026-08-12 03:16:28,413 [FATAL] Updater:308 - Updater called before beeing initialized
2026-08-12 03:16:28,415 [FATAL] Updater:308 - Updater called before beeing initialized
2026-08-12 03:16:28,415 [FATAL] Updater:308 - Updater called before beeing initialized
2026-08-12 03:16:28,415 [WARN] DetailPanel:346 - Failed to get advertising image, set to default
2026-08-12 03:16:28,416 [FATAL] Updater:308 - Updater called before beeing initialized
2026-08-12 03:16:28,460 [ERROR] Updater:1120 - MainUpdater not yet initialized. External WinMGr cannot be set.
2026-08-12 03:16:28,463 [INFO] Updater:1056 - Updater Version found : 6.9.1
2026-08-12 03:16:28,483 [INFO] ApplicationProperties:184 - Using Application install path: C:\ST\STM32CubeIDE_1.13.1\STM32CubeIDE\plugins\com.st.stm32cube.common.mx_6.9.1.202307191849
2026-08-12 03:16:29,458 [INFO] MainUpdater:2868 - connection check result : 10
2026-08-12 03:16:29,458 [INFO] MainUpdater:285 - Updater Check For Update Now.
2026-08-12 03:16:29,458 [INFO] MicroXplorer:498 - Change Database Version : DB.6.0.91
2026-08-12 03:16:29,477 [INFO] McuFinderGlobals:63 - Set McuFinder mode to 2 (CubeIDE integrated)
2026-08-12 03:16:29,652 [INFO] CheckServerUpdateThread:120 - End of CheckServer Thread
2026-08-12 03:16:30,373 [WARN] PackLoader:240 - Cannot read IP mode file for STMicroelectronics.FP-ATR-ASTRA1.2.0.3
2026-08-12 03:16:30,378 [WARN] PackLoader:240 - Cannot read IP mode file for STMicroelectronics.FP-ATR-ASTRA1.2.0.2
2026-08-12 03:16:30,382 [ERROR] Engine:466 - C:\Users\Admin\.stm32cubemx\thirdparties\pdsc\STMicroelectronics.X-CUBE-SMBUS.2.1.1.pdsc: PDSC version is not supported
2026-08-12 03:16:30,386 [WARN] PackLoader:240 - Cannot read IP mode file for STMicroelectronics.X-CUBE-SMBUS.2.1.0
2026-08-12 03:16:30,417 [WARN] PackLoader:240 - Cannot read IP mode file for STMicroelectronics.X-CUBE-AZRTOS-F7.1.1.0
2026-08-12 03:16:30,426 [ERROR] Engine:466 - C:\Users\Admin\.stm32cubemx\thirdparties\pdsc\STMicroelectronics.X-CUBE-FREERTOS.1.6.0.pdsc: PDSC version is not supported
2026-08-12 03:16:30,459 [WARN] PackLoader:240 - Cannot read IP mode file for STMicroelectronics.X-CUBE-AZRTOS-H7RS.1.3.0
2026-08-12 03:16:30,468 [ERROR] Engine:466 - C:\Users\Admin\.stm32cubemx\thirdparties\pdsc\WES.I-CUBE-Cesium.1.4.0.pdsc: PDSC version is not supported
2026-08-12 03:16:30,479 [WARN] PackLoader:240 - Cannot read IP mode file for STMicroelectronics.X-CUBE-DISPLAY.3.0.0
2026-08-12 03:16:30,491 [WARN] PackLoader:240 - Cannot read IP mode file for wolfSSL.I-CUBE-wolfSSL.5.9.1
2026-08-12 03:16:30,498 [WARN] PackLoader:240 - Cannot read IP mode file for emotas.I-CUBE-CANOPEN.1.3.0
2026-08-12 03:16:30,503 [ERROR] Engine:466 - C:\Users\Admin\.stm32cubemx\thirdparties\pdsc\STMicroelectronics.X-CUBE-WBA.1.1.0.pdsc: PDSC version is not supported
2026-08-12 03:16:30,513 [INFO] LogOutputStream:77 - [STDOUT_REDIRECT] 1 : Invalid condition id : UX_CORESTACK_Condition cause : null
2026-08-12 03:16:30,513 [INFO] LogOutputStream:77 - [STDOUT_REDIRECT] 1 : Invalid condition id : UX_CORESTACK_Condition cause : null
2026-08-12 03:16:30,514 [INFO] LogOutputStream:77 - [STDOUT_REDIRECT] 1 : Invalid condition id : UX_CORESTACK_Condition cause : null
2026-08-12 03:16:30,515 [INFO] LogOutputStream:77 - [STDOUT_REDIRECT] 1 : Invalid condition id : UX_CORESTACK_Condition cause : null
2026-08-12 03:16:30,516 [INFO] LogOutputStream:77 - [STDOUT_REDIRECT] 1 : Invalid condition id : UX_CORESTACK_Condition cause : null
2026-08-12 03:16:30,519 [WARN] PackLoader:240 - Cannot read IP mode file for STMicroelectronics.X-CUBE-AZRTOS-WL.2.0.0
2026-08-12 03:16:30,547 [WARN] PackLoader:240 - Cannot read IP mode file for STMicroelectronics.X-CUBE-AZRTOS-H7RS.1.2.0
2026-08-12 03:16:30,561 [WARN] PackLoader:240 - Cannot read IP mode file for STMicroelectronics.X-CUBE-BLE2.3.3.0
2026-08-12 03:16:30,564 [ERROR] Engine:466 - C:\Users\Admin\.stm32cubemx\thirdparties\pdsc\Avnet-IOTCONNECT.X-CUBE-iotc-st67-sdk.1.0.0.pdsc: PDSC version is not supported
2026-08-12 03:16:30,567 [ERROR] Engine:466 - C:\Users\Admin\.stm32cubemx\thirdparties\pdsc\Infineon.AIROC-Wi-Fi-Bluetooth-STM32.1.8.0.pdsc: PDSC version is not supported
2026-08-12 03:16:30,572 [WARN] PackLoader:240 - Cannot read IP mode file for wolfSSL.I-CUBE-wolfMQTT.1.19.2
2026-08-12 03:16:30,587 [WARN] PackLoader:240 - Cannot read IP mode file for STMicroelectronics.X-CUBE-AZRTOS-G0.1.1.0
2026-08-12 03:16:30,595 [WARN] PackLoader:240 - Cannot read IP mode file for STMicroelectronics.X-CUBE-NFC4.3.0.0
2026-08-12 03:16:30,600 [ERROR] Engine:466 - C:\Users\Admin\.stm32cubemx\thirdparties\pdsc\EmbeddedOffice.I-CUBE-FS-RTOS.1.0.1.pdsc: PDSC version is not supported
2026-08-12 03:16:30,605 [WARN] PackLoader:240 - Cannot read IP mode file for wolfSSL.I-CUBE-wolfTPM.3.8.0
2026-08-12 03:16:30,609 [ERROR] Engine:466 - C:\Users\Admin\.stm32cubemx\thirdparties\pdsc\RealThread.X-CUBE-RT-Thread_Nano.4.1.1.pdsc: PDSC version is not supported
2026-08-12 03:16:30,615 [WARN] PackLoader:240 - Cannot read IP mode file for STMicroelectronics.FP-ATR-SIGFOX1.3.2.0
2026-08-12 03:16:30,617 [ERROR] Engine:466 - C:\Users\Admin\.stm32cubemx\thirdparties\pdsc\STMicroelectronics.X-CUBE-FREERTOS.1.5.0.pdsc: PDSC version is not supported
2026-08-12 03:16:30,622 [WARN] PackLoader:240 - Cannot read IP mode file for ITTIA_DB.I-CUBE-ITTIADB.8.9.0
2026-08-12 03:16:30,624 [ERROR] Engine:466 - C:\Users\Admin\.stm32cubemx\thirdparties\pdsc\Cesanta.I-CUBE-Mongoose.7.21.7.pdsc: PDSC version is not supported
2026-08-12 03:16:30,627 [WARN] PackLoader:240 - Cannot read IP mode file for STMicroelectronics.X-CUBE-AI.10.2.1
2026-08-12 03:16:30,669 [WARN] PackLoader:240 - Cannot read IP mode file for STMicroelectronics.X-CUBE-MEMS1.12.1.0
2026-08-12 03:16:30,798 [WARN] PackLoader:240 - Cannot read IP mode file for SEGGER.I-CUBE-embOS.1.3.1
2026-08-12 03:16:30,894 [WARN] PackLoader:240 - Cannot read IP mode file for STMicroelectronics.X-CUBE-ALGOBUILD.1.4.0
2026-08-12 03:16:30,906 [WARN] PackLoader:240 - Cannot read IP mode file for STMicroelectronics.X-CUBE-NFC13.1.0.0
2026-08-12 03:16:30,929 [WARN] PackLoader:240 - Cannot read IP mode file for STMicroelectronics.X-CUBE-AZRTOS-F4.1.1.0
2026-08-12 03:16:30,934 [ERROR] Engine:466 - C:\Users\Admin\.stm32cubemx\thirdparties\pdsc\STMicroelectronics.eDS-WB_DPC_TT-BIDIR.2.1.1.pdsc: PDSC version is not supported
2026-08-12 03:16:30,939 [WARN] PackLoader:240 - Cannot read IP mode file for STMicroelectronics.X-CUBE-ALGOBUILD.1.5.0
2026-08-12 03:16:31,012 [WARN] PackLoader:240 - Cannot read IP mode file for STMicroelectronics.X-CUBE-MEMS1.13.0.0
2026-08-12 03:16:31,091 [ERROR] Engine:466 - C:\Users\Admin\.stm32cubemx\thirdparties\pdsc\STMicroelectronics.eDS-WB_DPC_3PH2L-BIDIR.1.1.1.pdsc: PDSC version is not supported
2026-08-12 03:16:31,097 [WARN] PackLoader:240 - Cannot read IP mode file for STMicroelectronics.X-CUBE-TOUCHGFX.4.26.1
2026-08-12 03:16:31,118 [WARN] ConditionMgr:438 - getConditionDescription Invalid condition id : LAN8742 Phy interface Condition cause : null
2026-08-12 03:16:31,119 [WARN] PackLoader:240 - Cannot read IP mode file for STMicroelectronics.X-CUBE-AZRTOS-L4.2.0.0
2026-08-12 03:16:31,120 [WARN] ConditionMgr:1039 - genDependencies : Invalid condition id : LAN8742 Phy interface Condition cause : null
2026-08-12 03:16:31,120 [WARN] ConditionMgr:1039 - genDependencies : Invalid condition id : LAN8742 Phy interface Condition cause : null
2026-08-12 03:16:31,121 [WARN] ConditionMgr:1039 - genDependencies : Invalid condition id : LAN8742 Phy interface Condition cause : null
2026-08-12 03:16:31,129 [WARN] PackLoader:240 - Cannot read IP mode file for STMicroelectronics.X-CUBE-SFXS2LP1.4.0.0
2026-08-12 03:16:31,132 [ERROR] Engine:466 - C:\Users\Admin\.stm32cubemx\thirdparties\pdsc\quantropi.X-CUBE-qispace-sdk-base.2.1.0.pdsc: PDSC version is not supported
2026-08-12 03:16:31,141 [WARN] PackLoader:240 - Cannot read IP mode file for STMicroelectronics.X-CUBE-SUBG2.5.0.0
2026-08-12 03:16:31,161 [WARN] PackLoader:240 - Cannot read IP mode file for STMicroelectronics.X-CUBE-AZRTOS-G4.2.0.0
2026-08-12 03:16:31,167 [WARN] PackLoader:240 - Cannot read IP mode file for wolfSSL.I-CUBE-wolfSSH.1.4.20
2026-08-12 03:16:31,169 [INFO] ThirdParty:978 - Integrity check success = true
2026-08-12 03:16:31,169 [INFO] IntegrityCheckThread:100 - exiting critical section [integrity check]
2026-08-12 03:16:31,169 [INFO] IntegrityCheckThread:103 - End integrity checks thread
2026-08-12 03:16:50,585 [ERROR] LogOutputStream:75 - [STDERR_REDIRECT] SLF4J: Failed to load class "org.slf4j.impl.StaticLoggerBinder".
2026-08-12 03:16:50,585 [ERROR] LogOutputStream:75 - [STDERR_REDIRECT] SLF4J: Defaulting to no-operation (NOP) logger implementation
2026-08-12 03:16:50,586 [ERROR] LogOutputStream:75 - [STDERR_REDIRECT] SLF4J: See http://www.slf4j.org/codes.html#StaticLoggerBinder for further details.
2026-08-12 03:17:30,628 [INFO] LogOutputStream:77 - [STDOUT_REDIRECT] Unexpected error loading extension: org.eclipse.equinox.p2.metadata.repository.compositeRepository
2026-08-12 03:17:30,629 [ERROR] LogOutputStream:75 - [STDERR_REDIRECT] java.lang.IllegalStateException: bundle org.eclipse.equinox.p2.repositoryis not started
2026-08-12 03:17:30,632 [ERROR] LogOutputStream:75 - [STDERR_REDIRECT] 	at org.eclipse.equinox.internal.p2.repository.Activator.getContext(Activator.java:65)
2026-08-12 03:17:30,634 [ERROR] LogOutputStream:75 - [STDERR_REDIRECT] 	at org.eclipse.equinox.internal.p2.repository.helpers.AbstractRepositoryManager.restoreFromSystemProperty(AbstractRepositoryManager.java:1013)
2026-08-12 03:17:30,636 [ERROR] LogOutputStream:75 - [STDERR_REDIRECT] 	at org.eclipse.equinox.internal.p2.repository.helpers.AbstractRepositoryManager.restoreRepositories(AbstractRepositoryManager.java:1033)
2026-08-12 03:17:30,638 [ERROR] LogOutputStream:75 - [STDERR_REDIRECT] 	at org.eclipse.equinox.internal.p2.repository.helpers.AbstractRepositoryManager.sortSuffixes(AbstractRepositoryManager.java:1112)
2026-08-12 03:17:30,642 [ERROR] LogOutputStream:75 - [STDERR_REDIRECT] 	at org.eclipse.equinox.internal.p2.repository.helpers.AbstractRepositoryManager.loadRepository(AbstractRepositoryManager.java:676)
2026-08-12 03:17:30,644 [ERROR] LogOutputStream:75 - [STDERR_REDIRECT] 	at org.eclipse.equinox.internal.p2.metadata.repository.MetadataRepositoryManager.loadRepository(MetadataRepositoryManager.java:110)
2026-08-12 03:17:30,647 [ERROR] LogOutputStream:75 - [STDERR_REDIRECT] 	at org.eclipse.equinox.internal.p2.metadata.repository.MetadataRepositoryManager.loadRepository(MetadataRepositoryManager.java:105)
2026-08-12 03:17:30,650 [ERROR] LogOutputStream:75 - [STDERR_REDIRECT] 	at org.eclipse.equinox.internal.p2.metadata.repository.CompositeMetadataRepository.addChild(CompositeMetadataRepository.java:171)
2026-08-12 03:17:30,652 [ERROR] LogOutputStream:75 - [STDERR_REDIRECT] 	at org.eclipse.equinox.internal.p2.metadata.repository.CompositeMetadataRepository.<init>(CompositeMetadataRepository.java:113)
2026-08-12 03:17:30,655 [ERROR] LogOutputStream:75 - [STDERR_REDIRECT] 	at org.eclipse.equinox.internal.p2.metadata.repository.CompositeMetadataRepositoryFactory.load(CompositeMetadataRepositoryFactory.java:124)
2026-08-12 03:17:30,656 [ERROR] LogOutputStream:75 - [STDERR_REDIRECT] 	at org.eclipse.equinox.internal.p2.metadata.repository.MetadataRepositoryManager.factoryLoad(MetadataRepositoryManager.java:63)
2026-08-12 03:17:30,658 [ERROR] LogOutputStream:75 - [STDERR_REDIRECT] 	at org.eclipse.equinox.internal.p2.repository.helpers.AbstractRepositoryManager.loadRepository(AbstractRepositoryManager.java:787)
2026-08-12 03:17:30,660 [ERROR] LogOutputStream:75 - [STDERR_REDIRECT] 	at org.eclipse.equinox.internal.p2.repository.helpers.AbstractRepositoryManager.loadRepository(AbstractRepositoryManager.java:685)
2026-08-12 03:17:30,663 [ERROR] LogOutputStream:75 - [STDERR_REDIRECT] 	at org.eclipse.equinox.internal.p2.metadata.repository.MetadataRepositoryManager.loadRepository(MetadataRepositoryManager.java:110)
2026-08-12 03:17:30,664 [ERROR] LogOutputStream:75 - [STDERR_REDIRECT] 	at org.eclipse.equinox.internal.p2.metadata.repository.MetadataRepositoryManager.loadRepository(MetadataRepositoryManager.java:105)
2026-08-12 03:17:30,666 [ERROR] LogOutputStream:75 - [STDERR_REDIRECT] 	at org.eclipse.equinox.internal.p2.metadata.repository.CompositeMetadataRepository.addChild(CompositeMetadataRepository.java:171)
2026-08-12 03:17:30,668 [ERROR] LogOutputStream:75 - [STDERR_REDIRECT] 	at org.eclipse.equinox.internal.p2.metadata.repository.CompositeMetadataRepository.<init>(CompositeMetadataRepository.java:113)
2026-08-12 03:17:30,671 [ERROR] LogOutputStream:75 - [STDERR_REDIRECT] 	at org.eclipse.equinox.internal.p2.metadata.repository.CompositeMetadataRepositoryFactory.load(CompositeMetadataRepositoryFactory.java:124)
2026-08-12 03:17:30,672 [ERROR] LogOutputStream:75 - [STDERR_REDIRECT] 	at org.eclipse.equinox.internal.p2.metadata.repository.MetadataRepositoryManager.factoryLoad(MetadataRepositoryManager.java:63)
2026-08-12 03:17:30,676 [ERROR] LogOutputStream:75 - [STDERR_REDIRECT] 	at org.eclipse.equinox.internal.p2.repository.helpers.AbstractRepositoryManager.loadRepository(AbstractRepositoryManager.java:787)
2026-08-12 14:30:58,841 [INFO] Activator:176 - 


2026-08-12 14:30:58,844 [INFO] Activator:177 - !SESSION log4j initialized
2026-08-12 14:31:06,691 [INFO] LogOutputStream:77 - [STDOUT_REDIRECT] 
2026-08-12 14:31:09,093 [INFO] ApplicationProperties:184 - Using Application install path: C:\ST\STM32CubeIDE_1.13.1\STM32CubeIDE\plugins\com.st.stm32cube.common.mx_6.9.1.202307191849
2026-08-12 14:31:09,124 [INFO] DbMcusXml:78 - Set database path to: C:\ST\STM32CubeIDE_1.13.1\STM32CubeIDE\plugins\com.st.stm32cube.common.mx_6.9.1.202307191849\\db\/mcu/
2026-08-12 14:31:09,124 [INFO] ApiDb:274 - Set plugin database path to: C:\ST\STM32CubeIDE_1.13.1\STM32CubeIDE\plugins\com.st.stm32cube.common.mx_6.9.1.202307191849\\db\/plugins/boardmanager/
2026-08-12 14:31:09,125 [WARN] ApiDb:259 - Overriding images path with different value:  => C:\ST\STM32CubeIDE_1.13.1\STM32CubeIDE\plugins\com.st.stm32cube.common.mx_6.9.1.202307191849\\db\/plugins/mcufinder/images/
2026-08-12 14:31:09,144 [INFO] ApiDb:250 - Set database path to: C:\Users\Admin\.stmcufinder\plugins\mcufinder//mcu/
2026-08-12 14:31:09,147 [INFO] DbMcusAds:125 - Set database path to: C:\Users\Admin\.stmcufinder\plugins\mcufinder//mcu/
2026-08-12 14:31:09,150 [INFO] CrossReferenceDbSqlite:203 - Set database path to: C:\Users\Admin\.stmcufinder\plugins\mcufinder//mcu/cs/
2026-08-12 14:31:09,343 [INFO] RulesReader:64 - Compatibility file has been processed (293 Rules)
2026-08-12 14:31:09,490 [INFO] DbMcusXml:78 - Set database path to: C:\ST\STM32CubeIDE_1.13.1\STM32CubeIDE\plugins\com.st.stm32cube.common.mx_6.9.1.202307191849\\db\/mcu/
2026-08-12 14:31:09,490 [INFO] ApiDb:274 - Set plugin database path to: C:\ST\STM32CubeIDE_1.13.1\STM32CubeIDE\plugins\com.st.stm32cube.common.mx_6.9.1.202307191849\\db\/plugins/boardmanager/
2026-08-12 14:31:09,490 [INFO] ApiDb:261 - Set plugin images path to: C:\ST\STM32CubeIDE_1.13.1\STM32CubeIDE\plugins\com.st.stm32cube.common.mx_6.9.1.202307191849\\db\/plugins/mcufinder/images/
2026-08-12 14:31:09,491 [WARN] DbFile:41 - Overriding database path with different value: C:\Users\Admin\.stmcufinder\plugins\mcufinder/ => C:\Users\Admin\.stmcufinder\plugins\mcufinder
2026-08-12 14:31:09,491 [INFO] ApiDb:250 - Set database path to: C:\Users\Admin\.stmcufinder\plugins\mcufinder//mcu/
2026-08-12 14:31:09,491 [WARN] DbFile:41 - Overriding database path with different value: C:\Users\Admin\.stmcufinder\plugins\mcufinder/ => C:\Users\Admin\.stmcufinder\plugins\mcufinder
2026-08-12 14:31:09,491 [INFO] DbMcusAds:125 - Set database path to: C:\Users\Admin\.stmcufinder\plugins\mcufinder//mcu/
2026-08-12 14:31:09,492 [WARN] DbFile:41 - Overriding database path with different value: C:\Users\Admin\.stmcufinder\plugins\mcufinder/ => C:\Users\Admin\.stmcufinder\plugins\mcufinder
2026-08-12 14:31:09,492 [WARN] DbFile:41 - Overriding database path with different value: C:\Users\Admin\.stmcufinder\plugins\mcufinder/ => C:\Users\Admin\.stmcufinder\plugins\mcufinder
2026-08-12 14:31:09,492 [INFO] CrossReferenceDbSqlite:203 - Set database path to: C:\Users\Admin\.stmcufinder\plugins\mcufinder//mcu/cs/
2026-08-12 14:31:09,620 [INFO] MainPanel:262 - HeapMemory: 268435456
2026-08-12 14:31:09,769 [INFO] DbMcusXml:78 - Set database path to: C:\ST\STM32CubeIDE_1.13.1\STM32CubeIDE\plugins\com.st.stm32cube.common.mx_6.9.1.202307191849\\db\/mcu/
2026-08-12 14:31:09,769 [INFO] ApiDb:274 - Set plugin database path to: C:\ST\STM32CubeIDE_1.13.1\STM32CubeIDE\plugins\com.st.stm32cube.common.mx_6.9.1.202307191849\\db\/plugins/boardmanager/
2026-08-12 14:31:09,769 [INFO] ApiDb:261 - Set plugin images path to: C:\ST\STM32CubeIDE_1.13.1\STM32CubeIDE\plugins\com.st.stm32cube.common.mx_6.9.1.202307191849\\db\/plugins/mcufinder/images/
2026-08-12 14:31:09,770 [WARN] DbFile:41 - Overriding database path with different value: C:\Users\Admin\.stmcufinder\plugins\mcufinder/ => C:\Users\Admin\.stmcufinder\plugins\mcufinder
2026-08-12 14:31:09,770 [INFO] ApiDb:250 - Set database path to: C:\Users\Admin\.stmcufinder\plugins\mcufinder//mcu/
2026-08-12 14:31:09,770 [WARN] DbFile:41 - Overriding database path with different value: C:\Users\Admin\.stmcufinder\plugins\mcufinder/ => C:\Users\Admin\.stmcufinder\plugins\mcufinder
2026-08-12 14:31:09,771 [INFO] DbMcusAds:125 - Set database path to: C:\Users\Admin\.stmcufinder\plugins\mcufinder//mcu/
2026-08-12 14:31:09,771 [WARN] DbFile:41 - Overriding database path with different value: C:\Users\Admin\.stmcufinder\plugins\mcufinder/ => C:\Users\Admin\.stmcufinder\plugins\mcufinder
2026-08-12 14:31:09,771 [WARN] DbFile:41 - Overriding database path with different value: C:\Users\Admin\.stmcufinder\plugins\mcufinder/ => C:\Users\Admin\.stmcufinder\plugins\mcufinder
2026-08-12 14:31:09,771 [INFO] CrossReferenceDbSqlite:203 - Set database path to: C:\Users\Admin\.stmcufinder\plugins\mcufinder//mcu/cs/
2026-08-12 14:31:09,806 [INFO] ApplicationProperties:184 - Using Application install path: C:\ST\STM32CubeIDE_1.13.1\STM32CubeIDE\plugins\com.st.stm32cube.common.mx_6.9.1.202307191849
2026-08-12 14:31:09,809 [INFO] PluginManage:196 - Search for loadable plugins [exclusion list=, ]
2026-08-12 14:31:09,812 [INFO] PluginManage:310 - Check plugin analytics
2026-08-12 14:31:10,092 [INFO] AnalyticsPlugin:253 - Accepted Software Licenses: STM32CubeMX.6.18.0
2026-08-12 14:31:10,093 [INFO] AnalyticsPlugin:255 - Accepted CMSIS Pack Licenses: 
2026-08-12 14:31:10,094 [INFO] AnalyticsPlugin:257 - Accepted Firmware Licenses: FW.F4.1.27.0,FW.F4.1.28.0,FW.F4.1.28.3
2026-08-12 14:31:10,099 [INFO] PluginManage:359 - Loaded plugin analytics (category:tool,tabindex:-1)
2026-08-12 14:31:10,100 [INFO] PluginManage:310 - Check plugin cadmodel
2026-08-12 14:31:10,111 [INFO] CADModel:105 - Init CAD model plugin
2026-08-12 14:31:10,112 [INFO] PluginManage:359 - Loaded plugin cadmodel (category:power,tabindex:5)
2026-08-12 14:31:10,112 [INFO] PluginManage:310 - Check plugin clock
2026-08-12 14:31:10,127 [INFO] PluginManage:359 - Loaded plugin clock (category:base,tabindex:2)
2026-08-12 14:31:10,128 [INFO] PluginManage:310 - Check plugin ddr
2026-08-12 14:31:10,132 [INFO] PluginManage:359 - Loaded plugin ddr (category:tool,tabindex:6)
2026-08-12 14:31:10,132 [INFO] PluginManage:310 - Check plugin filemanager
2026-08-12 14:31:10,346 [INFO] PluginManage:359 - Loaded plugin filemanager (category:base,tabindex:10)
2026-08-12 14:31:10,346 [INFO] PluginManage:310 - Check plugin ipmanager
2026-08-12 14:31:10,357 [INFO] PluginManage:359 - Loaded plugin ipmanager (category:base,tabindex:5)
2026-08-12 14:31:10,357 [INFO] PluginManage:310 - Check plugin lpbam
2026-08-12 14:31:10,371 [INFO] PluginManage:359 - Loaded plugin lpbam (category:base,tabindex:0)
2026-08-12 14:31:10,371 [INFO] PluginManage:310 - Check plugin memorymap
2026-08-12 14:31:10,391 [INFO] PluginManage:359 - Loaded plugin memorymap (category:base,tabindex:4)
2026-08-12 14:31:10,391 [INFO] PluginManage:310 - Check plugin pinoutandconfiguration
2026-08-12 14:31:10,405 [INFO] PluginManage:359 - Loaded plugin pinoutandconfiguration (category:base,tabindex:1)
2026-08-12 14:31:10,406 [INFO] PluginManage:310 - Check plugin pinoutconfig
2026-08-12 14:31:10,546 [WARN] SupportedApi:132 - Cannot load RTOS API schema: s4s-elt-must-match.1: The content of 'definitions' must match (annotation?, (simpleType | complexType)?, (unique | key | keyref)*)). A problem was found starting at: attribute.
2026-08-12 14:31:10,752 [INFO] PluginManage:359 - Loaded plugin pinoutconfig (category:base,tabindex:0)
2026-08-12 14:31:10,752 [INFO] PluginManage:310 - Check plugin power
2026-08-12 14:31:10,771 [INFO] PluginManage:359 - Loaded plugin power (category:power,tabindex:4)
2026-08-12 14:31:10,772 [INFO] PluginManage:310 - Check plugin projectmanager
2026-08-12 14:31:10,797 [INFO] PluginManage:359 - Loaded plugin projectmanager (category:projectmanager,tabindex:3)
2026-08-12 14:31:10,797 [INFO] PluginManage:310 - Check plugin thirdparty
2026-08-12 14:31:11,007 [INFO] PluginManage:359 - Loaded plugin thirdparty (category:base,tabindex:-1)
2026-08-12 14:31:11,007 [INFO] PluginManage:310 - Check plugin tools
2026-08-12 14:31:11,007 [WARN] IntegrityCheckThread:84 - waiting for thirdparty lock release [integrity check]
2026-08-12 14:31:11,007 [INFO] IntegrityCheckThread:86 - entering critical section [integrity check]
2026-08-12 14:31:11,008 [INFO] ThirdPartyUpdaterWithRetryManager:70 - Updater plugin not ready yet. [1/15]
2026-08-12 14:31:11,013 [INFO] PluginManage:359 - Loaded plugin tools (category:base,tabindex:7)
2026-08-12 14:31:11,013 [INFO] PluginManage:310 - Check plugin tutovideos
2026-08-12 14:31:11,310 [INFO] PluginManage:359 - Loaded plugin tutovideos (category:base,tabindex:-1)
2026-08-12 14:31:11,311 [INFO] PluginManage:310 - Check plugin updater
2026-08-12 14:31:11,328 [INFO] PluginManage:359 - Loaded plugin updater (category:base,tabindex:12)
2026-08-12 14:31:11,328 [INFO] PluginManage:310 - Check plugin userauth
2026-08-12 14:31:11,336 [INFO] UserAuth:113 - Init User Auth plugin
2026-08-12 14:31:11,336 [INFO] PluginManage:359 - Loaded plugin userauth (category:base,tabindex:14)
2026-08-12 14:31:11,337 [INFO] PluginManage:283 - PluginManage : Loaded plugins [17]
2026-08-12 14:31:11,678 [INFO] PinOutPanel:1499 - setPackage(No Configuration,No Configuration)
2026-08-12 14:31:11,836 [INFO] CADModel:165 - CPN selected for project level
2026-08-12 14:31:11,836 [INFO] CADModel:114 - Register for checkConnection events
2026-08-12 14:31:11,863 [INFO] IPUIPlugin:80 - create IPUIPlugin
2026-08-12 14:31:11,863 [INFO] PluginManager:220 - loadIPPluginJar : add adc
2026-08-12 14:31:11,867 [INFO] IPUIPlugin:80 - create IPUIPlugin
2026-08-12 14:31:11,867 [INFO] PluginManager:220 - loadIPPluginJar : add aes
2026-08-12 14:31:11,871 [INFO] IPUIPlugin:80 - create IPUIPlugin
2026-08-12 14:31:11,871 [INFO] PluginManager:220 - loadIPPluginJar : add can
2026-08-12 14:31:11,874 [INFO] IPUIPlugin:80 - create IPUIPlugin
2026-08-12 14:31:11,874 [INFO] PluginManager:220 - loadIPPluginJar : add comp
2026-08-12 14:31:11,878 [INFO] IPUIPlugin:80 - create IPUIPlugin
2026-08-12 14:31:11,878 [INFO] PluginManager:220 - loadIPPluginJar : add cryp
2026-08-12 14:31:11,882 [INFO] IPUIPlugin:80 - create IPUIPlugin
2026-08-12 14:31:11,882 [INFO] PluginManager:220 - loadIPPluginJar : add dfsdm
2026-08-12 14:31:11,890 [INFO] IPUIPlugin:80 - create IPUIPlugin
2026-08-12 14:31:11,891 [INFO] PluginManager:220 - loadIPPluginJar : add dma
2026-08-12 14:31:11,896 [INFO] IPUIPlugin:80 - create IPUIPlugin
2026-08-12 14:31:11,896 [INFO] PluginManager:220 - loadIPPluginJar : add dma3
2026-08-12 14:31:11,898 [INFO] IPUIPlugin:80 - create IPUIPlugin
2026-08-12 14:31:11,899 [INFO] PluginManager:220 - loadIPPluginJar : add fatfs
2026-08-12 14:31:11,905 [INFO] IPUIPlugin:80 - create IPUIPlugin
2026-08-12 14:31:11,905 [INFO] PluginManager:220 - loadIPPluginJar : add fmc
2026-08-12 14:31:11,915 [INFO] IPUIPlugin:80 - create IPUIPlugin
2026-08-12 14:31:11,916 [INFO] PluginManager:220 - loadIPPluginJar : add freertos
2026-08-12 14:31:11,919 [INFO] IPUIPlugin:80 - create IPUIPlugin
2026-08-12 14:31:11,919 [INFO] PluginManager:220 - loadIPPluginJar : add genericplugin
2026-08-12 14:31:11,923 [INFO] IPUIPlugin:80 - create IPUIPlugin
2026-08-12 14:31:11,923 [INFO] PluginManager:220 - loadIPPluginJar : add gfxmmu
2026-08-12 14:31:11,930 [INFO] IPUIPlugin:80 - create IPUIPlugin
2026-08-12 14:31:11,931 [INFO] PluginManager:220 - loadIPPluginJar : add gic
2026-08-12 14:31:11,938 [INFO] IPUIPlugin:80 - create IPUIPlugin
2026-08-12 14:31:11,938 [INFO] PluginManager:220 - loadIPPluginJar : add gpio
2026-08-12 14:31:11,943 [INFO] IPUIPlugin:80 - create IPUIPlugin
2026-08-12 14:31:11,943 [INFO] PluginManager:220 - loadIPPluginJar : add gtzc
2026-08-12 14:31:11,947 [INFO] IPUIPlugin:80 - create IPUIPlugin
2026-08-12 14:31:11,947 [INFO] PluginManager:220 - loadIPPluginJar : add hash
2026-08-12 14:31:11,951 [INFO] IPUIPlugin:80 - create IPUIPlugin
2026-08-12 14:31:11,951 [INFO] PluginManager:220 - loadIPPluginJar : add i2c
2026-08-12 14:31:11,955 [INFO] IPUIPlugin:80 - create IPUIPlugin
2026-08-12 14:31:11,955 [INFO] PluginManager:220 - loadIPPluginJar : add i2s
2026-08-12 14:31:11,960 [INFO] IPUIPlugin:80 - create IPUIPlugin
2026-08-12 14:31:11,960 [INFO] PluginManager:220 - loadIPPluginJar : add i3c
2026-08-12 14:31:11,964 [INFO] IPUIPlugin:80 - create IPUIPlugin
2026-08-12 14:31:11,965 [INFO] PluginManager:220 - loadIPPluginJar : add ipddr
2026-08-12 14:31:11,976 [INFO] IPUIPlugin:80 - create IPUIPlugin
2026-08-12 14:31:11,976 [INFO] PluginManager:220 - loadIPPluginJar : add linkedlist
2026-08-12 14:31:11,980 [INFO] IPUIPlugin:80 - create IPUIPlugin
2026-08-12 14:31:11,981 [INFO] PluginManager:220 - loadIPPluginJar : add lorawan
2026-08-12 14:31:11,983 [INFO] IPUIPlugin:80 - create IPUIPlugin
2026-08-12 14:31:11,984 [INFO] PluginManager:220 - loadIPPluginJar : add ltdc
2026-08-12 14:31:11,993 [INFO] IPUIPlugin:80 - create IPUIPlugin
2026-08-12 14:31:11,994 [INFO] PluginManager:220 - loadIPPluginJar : add mdma
2026-08-12 14:31:12,000 [INFO] IPUIPlugin:80 - create IPUIPlugin
2026-08-12 14:31:12,001 [INFO] PluginManager:220 - loadIPPluginJar : add nvic
2026-08-12 14:31:12,005 [INFO] IPUIPlugin:80 - create IPUIPlugin
2026-08-12 14:31:12,005 [INFO] PluginManager:220 - loadIPPluginJar : add opamp
2026-08-12 14:31:12,009 [INFO] IPUIPlugin:80 - create IPUIPlugin
2026-08-12 14:31:12,010 [INFO] PluginManager:220 - loadIPPluginJar : add openamp
2026-08-12 14:31:12,014 [INFO] IPUIPlugin:80 - create IPUIPlugin
2026-08-12 14:31:12,014 [INFO] PluginManager:220 - loadIPPluginJar : add pdm2pcm
2026-08-12 14:31:12,023 [INFO] IPUIPlugin:80 - create IPUIPlugin
2026-08-12 14:31:12,027 [INFO] PluginManager:220 - loadIPPluginJar : add plateformsettings
2026-08-12 14:31:12,029 [INFO] IPUIPlugin:80 - create IPUIPlugin
2026-08-12 14:31:12,029 [INFO] PluginManager:220 - loadIPPluginJar : add quadspi
2026-08-12 14:31:12,035 [INFO] IPUIPlugin:80 - create IPUIPlugin
2026-08-12 14:31:12,036 [INFO] PluginManager:220 - loadIPPluginJar : add resmgrutility
2026-08-12 14:31:12,040 [INFO] IPUIPlugin:80 - create IPUIPlugin
2026-08-12 14:31:12,040 [INFO] PluginManager:220 - loadIPPluginJar : add sai
2026-08-12 14:31:12,043 [INFO] IPUIPlugin:80 - create IPUIPlugin
2026-08-12 14:31:12,043 [INFO] PluginManager:220 - loadIPPluginJar : add spi
2026-08-12 14:31:12,050 [INFO] IPUIPlugin:80 - create IPUIPlugin
2026-08-12 14:31:12,050 [INFO] PluginManager:220 - loadIPPluginJar : add stm32_wpan
2026-08-12 14:31:12,053 [INFO] IPUIPlugin:80 - create IPUIPlugin
2026-08-12 14:31:12,054 [INFO] PluginManager:220 - loadIPPluginJar : add tim
2026-08-12 14:31:12,058 [INFO] IPUIPlugin:80 - create IPUIPlugin
2026-08-12 14:31:12,058 [INFO] PluginManager:220 - loadIPPluginJar : add touchsensing
2026-08-12 14:31:12,061 [INFO] IPUIPlugin:80 - create IPUIPlugin
2026-08-12 14:31:12,061 [INFO] PluginManager:220 - loadIPPluginJar : add tracer_emb
2026-08-12 14:31:12,064 [INFO] IPUIPlugin:80 - create IPUIPlugin
2026-08-12 14:31:12,064 [INFO] PluginManager:220 - loadIPPluginJar : add ts
2026-08-12 14:31:12,066 [INFO] IPUIPlugin:80 - create IPUIPlugin
2026-08-12 14:31:12,066 [INFO] PluginManager:220 - loadIPPluginJar : add tsc
2026-08-12 14:31:12,069 [INFO] IPUIPlugin:80 - create IPUIPlugin
2026-08-12 14:31:12,069 [INFO] PluginManager:220 - loadIPPluginJar : add ucpd
2026-08-12 14:31:12,073 [INFO] IPUIPlugin:80 - create IPUIPlugin
2026-08-12 14:31:12,073 [INFO] PluginManager:220 - loadIPPluginJar : add usart
2026-08-12 14:31:12,077 [INFO] IPUIPlugin:80 - create IPUIPlugin
2026-08-12 14:31:12,077 [INFO] PluginManager:220 - loadIPPluginJar : add usbx
2026-08-12 14:31:12,241 [INFO] CADModel:165 - CPN selected for project level
2026-08-12 14:31:12,241 [INFO] CADModel:114 - Register for checkConnection events
2026-08-12 14:31:12,242 [FATAL] Updater:308 - Updater called before beeing initialized
2026-08-12 14:31:12,242 [ERROR] CADModel:125 - Updater not yet initialized, retry later 
2026-08-12 14:31:12,536 [INFO] CADModel:165 - CPN selected for project level
2026-08-12 14:31:12,536 [INFO] CADModel:114 - Register for checkConnection events
2026-08-12 14:31:12,536 [FATAL] Updater:308 - Updater called before beeing initialized
2026-08-12 14:31:12,536 [ERROR] CADModel:125 - Updater not yet initialized, retry later 
2026-08-12 14:31:12,541 [FATAL] Updater:308 - Updater called before beeing initialized
2026-08-12 14:31:12,701 [FATAL] Updater:308 - Updater called before beeing initialized
2026-08-12 14:31:12,710 [INFO] DbMcusAds:53 - JSON generation date=Wed Jul 15 16:44:54 GMT+07:00 2026 (1784108694001)
2026-08-12 14:31:12,710 [FATAL] Updater:308 - Updater called before beeing initialized
2026-08-12 14:31:12,772 [WARN] DetailPanel:346 - Failed to get advertising image, set to default
2026-08-12 14:31:12,943 [FATAL] Updater:308 - Updater called before beeing initialized
2026-08-12 14:31:12,947 [FATAL] Updater:308 - Updater called before beeing initialized
2026-08-12 14:31:12,947 [FATAL] Updater:308 - Updater called before beeing initialized
2026-08-12 14:31:12,948 [WARN] DetailPanel:346 - Failed to get advertising image, set to default
2026-08-12 14:31:12,949 [FATAL] Updater:308 - Updater called before beeing initialized
2026-08-12 14:31:13,033 [ERROR] Updater:1120 - MainUpdater not yet initialized. External WinMGr cannot be set.
2026-08-12 14:31:13,036 [INFO] Updater:1056 - Updater Version found : 6.9.1
2026-08-12 14:31:13,061 [INFO] ApplicationProperties:184 - Using Application install path: C:\ST\STM32CubeIDE_1.13.1\STM32CubeIDE\plugins\com.st.stm32cube.common.mx_6.9.1.202307191849
2026-08-12 14:31:13,348 [INFO] MainUpdater:2868 - connection check result : 10
2026-08-12 14:31:13,349 [INFO] MainUpdater:3562 - Updater definition file requires update
2026-08-12 14:31:13,351 [INFO] MainUpdater:285 - Updater Check For Update Now.
2026-08-12 14:31:13,351 [INFO] MicroXplorer:498 - Change Database Version : DB.6.0.91
2026-08-12 14:31:13,374 [INFO] McuFinderGlobals:63 - Set McuFinder mode to 2 (CubeIDE integrated)
2026-08-12 14:31:13,378 [INFO] ServerAccessManage:473 - Download File updaters.zip
2026-08-12 14:31:13,542 [INFO] FileExtend:240 - Unzip File : updaters.zip
2026-08-12 14:31:13,542 [INFO] FileExtend:255 - Standard Zip Deflate
2026-08-12 14:31:13,970 [INFO] ServerAccessManage:473 - Download File PacksControlFlags.xml
2026-08-12 14:31:14,010 [WARN] MainUpdater:1189 - Updater busy. Cannot search thirdparties
2026-08-12 14:31:14,010 [INFO] ThirdPartyUpdaterWithRetryManager:96 - Updater plugin is busy. [1/15]
2026-08-12 14:31:14,074 [INFO] ServerAccessManage:473 - Download File cubemx.pidx
2026-08-12 14:31:14,231 [INFO] LoadServerUpdatesThread:373 - End of LoadServerUpdate Thread
2026-08-12 14:31:14,480 [INFO] CheckServerUpdateThread:120 - End of CheckServer Thread
2026-08-12 14:31:17,446 [WARN] PackLoader:240 - Cannot read IP mode file for STMicroelectronics.FP-ATR-ASTRA1.2.0.3
2026-08-12 14:31:17,455 [WARN] PackLoader:240 - Cannot read IP mode file for STMicroelectronics.FP-ATR-ASTRA1.2.0.2
2026-08-12 14:31:17,469 [ERROR] Engine:466 - C:\Users\Admin\.stm32cubemx\thirdparties\pdsc\STMicroelectronics.X-CUBE-SMBUS.2.1.1.pdsc: PDSC version is not supported
2026-08-12 14:31:17,480 [WARN] PackLoader:240 - Cannot read IP mode file for STMicroelectronics.X-CUBE-SMBUS.2.1.0
2026-08-12 14:31:17,531 [WARN] PackLoader:240 - Cannot read IP mode file for STMicroelectronics.X-CUBE-AZRTOS-F7.1.1.0
2026-08-12 14:31:17,551 [ERROR] Engine:466 - C:\Users\Admin\.stm32cubemx\thirdparties\pdsc\STMicroelectronics.X-CUBE-FREERTOS.1.6.0.pdsc: PDSC version is not supported
2026-08-12 14:31:17,615 [WARN] PackLoader:240 - Cannot read IP mode file for STMicroelectronics.X-CUBE-AZRTOS-H7RS.1.3.0
2026-08-12 14:31:17,638 [ERROR] Engine:466 - C:\Users\Admin\.stm32cubemx\thirdparties\pdsc\WES.I-CUBE-Cesium.1.4.0.pdsc: PDSC version is not supported
2026-08-12 14:31:17,654 [WARN] PackLoader:240 - Cannot read IP mode file for STMicroelectronics.X-CUBE-DISPLAY.3.0.0
2026-08-12 14:31:17,674 [WARN] PackLoader:240 - Cannot read IP mode file for wolfSSL.I-CUBE-wolfSSL.5.9.1
2026-08-12 14:31:17,684 [WARN] PackLoader:240 - Cannot read IP mode file for emotas.I-CUBE-CANOPEN.1.3.0
2026-08-12 14:31:17,690 [ERROR] Engine:466 - C:\Users\Admin\.stm32cubemx\thirdparties\pdsc\STMicroelectronics.X-CUBE-WBA.1.1.0.pdsc: PDSC version is not supported
2026-08-12 14:31:17,705 [INFO] LogOutputStream:77 - [STDOUT_REDIRECT] 1 : Invalid condition id : UX_CORESTACK_Condition cause : null
2026-08-12 14:31:17,706 [INFO] LogOutputStream:77 - [STDOUT_REDIRECT] 1 : Invalid condition id : UX_CORESTACK_Condition cause : null
2026-08-12 14:31:17,708 [INFO] LogOutputStream:77 - [STDOUT_REDIRECT] 1 : Invalid condition id : UX_CORESTACK_Condition cause : null
2026-08-12 14:31:17,710 [INFO] LogOutputStream:77 - [STDOUT_REDIRECT] 1 : Invalid condition id : UX_CORESTACK_Condition cause : null
2026-08-12 14:31:17,712 [INFO] LogOutputStream:77 - [STDOUT_REDIRECT] 1 : Invalid condition id : UX_CORESTACK_Condition cause : null
2026-08-12 14:31:17,720 [WARN] PackLoader:240 - Cannot read IP mode file for STMicroelectronics.X-CUBE-AZRTOS-WL.2.0.0
2026-08-12 14:31:17,776 [WARN] PackLoader:240 - Cannot read IP mode file for STMicroelectronics.X-CUBE-AZRTOS-H7RS.1.2.0
2026-08-12 14:31:17,799 [WARN] PackLoader:240 - Cannot read IP mode file for STMicroelectronics.X-CUBE-BLE2.3.3.0
2026-08-12 14:31:17,804 [ERROR] Engine:466 - C:\Users\Admin\.stm32cubemx\thirdparties\pdsc\Avnet-IOTCONNECT.X-CUBE-iotc-st67-sdk.1.0.0.pdsc: PDSC version is not supported
2026-08-12 14:31:17,813 [ERROR] Engine:466 - C:\Users\Admin\.stm32cubemx\thirdparties\pdsc\Infineon.AIROC-Wi-Fi-Bluetooth-STM32.1.8.0.pdsc: PDSC version is not supported
2026-08-12 14:31:17,820 [WARN] PackLoader:240 - Cannot read IP mode file for wolfSSL.I-CUBE-wolfMQTT.1.19.2
2026-08-12 14:31:17,850 [WARN] PackLoader:240 - Cannot read IP mode file for STMicroelectronics.X-CUBE-AZRTOS-G0.1.1.0
2026-08-12 14:31:17,869 [WARN] PackLoader:240 - Cannot read IP mode file for STMicroelectronics.X-CUBE-NFC4.3.0.0
2026-08-12 14:31:17,877 [ERROR] Engine:466 - C:\Users\Admin\.stm32cubemx\thirdparties\pdsc\EmbeddedOffice.I-CUBE-FS-RTOS.1.0.1.pdsc: PDSC version is not supported
2026-08-12 14:31:17,885 [WARN] PackLoader:240 - Cannot read IP mode file for wolfSSL.I-CUBE-wolfTPM.3.8.0
2026-08-12 14:31:17,890 [ERROR] Engine:466 - C:\Users\Admin\.stm32cubemx\thirdparties\pdsc\RealThread.X-CUBE-RT-Thread_Nano.4.1.1.pdsc: PDSC version is not supported
2026-08-12 14:31:17,896 [WARN] PackLoader:240 - Cannot read IP mode file for STMicroelectronics.FP-ATR-SIGFOX1.3.2.0
2026-08-12 14:31:17,901 [ERROR] Engine:466 - C:\Users\Admin\.stm32cubemx\thirdparties\pdsc\STMicroelectronics.X-CUBE-FREERTOS.1.5.0.pdsc: PDSC version is not supported
2026-08-12 14:31:17,912 [WARN] PackLoader:240 - Cannot read IP mode file for ITTIA_DB.I-CUBE-ITTIADB.8.9.0
2026-08-12 14:31:17,917 [ERROR] Engine:466 - C:\Users\Admin\.stm32cubemx\thirdparties\pdsc\Cesanta.I-CUBE-Mongoose.7.21.7.pdsc: PDSC version is not supported
2026-08-12 14:31:17,924 [WARN] PackLoader:240 - Cannot read IP mode file for STMicroelectronics.X-CUBE-AI.10.2.1
2026-08-12 14:31:18,038 [WARN] PackLoader:240 - Cannot read IP mode file for STMicroelectronics.X-CUBE-MEMS1.12.1.0
2026-08-12 14:31:18,327 [WARN] PackLoader:240 - Cannot read IP mode file for SEGGER.I-CUBE-embOS.1.3.1
2026-08-12 14:31:18,436 [WARN] PackLoader:240 - Cannot read IP mode file for STMicroelectronics.X-CUBE-ALGOBUILD.1.4.0
2026-08-12 14:31:18,451 [WARN] PackLoader:240 - Cannot read IP mode file for STMicroelectronics.X-CUBE-NFC13.1.0.0
2026-08-12 14:31:18,489 [WARN] PackLoader:240 - Cannot read IP mode file for STMicroelectronics.X-CUBE-AZRTOS-F4.1.1.0
2026-08-12 14:31:18,502 [ERROR] Engine:466 - C:\Users\Admin\.stm32cubemx\thirdparties\pdsc\STMicroelectronics.eDS-WB_DPC_TT-BIDIR.2.1.1.pdsc: PDSC version is not supported
2026-08-12 14:31:18,513 [WARN] PackLoader:240 - Cannot read IP mode file for STMicroelectronics.X-CUBE-ALGOBUILD.1.5.0
2026-08-12 14:31:18,614 [WARN] PackLoader:240 - Cannot read IP mode file for STMicroelectronics.X-CUBE-MEMS1.13.0.0
2026-08-12 14:31:18,800 [ERROR] Engine:466 - C:\Users\Admin\.stm32cubemx\thirdparties\pdsc\STMicroelectronics.eDS-WB_DPC_3PH2L-BIDIR.1.1.1.pdsc: PDSC version is not supported
2026-08-12 14:31:18,808 [WARN] PackLoader:240 - Cannot read IP mode file for STMicroelectronics.X-CUBE-TOUCHGFX.4.26.1
2026-08-12 14:31:18,844 [WARN] ConditionMgr:438 - getConditionDescription Invalid condition id : LAN8742 Phy interface Condition cause : null
2026-08-12 14:31:18,845 [WARN] PackLoader:240 - Cannot read IP mode file for STMicroelectronics.X-CUBE-AZRTOS-L4.2.0.0
2026-08-12 14:31:18,848 [WARN] ConditionMgr:1039 - genDependencies : Invalid condition id : LAN8742 Phy interface Condition cause : null
2026-08-12 14:31:18,849 [WARN] ConditionMgr:1039 - genDependencies : Invalid condition id : LAN8742 Phy interface Condition cause : null
2026-08-12 14:31:18,851 [WARN] ConditionMgr:1039 - genDependencies : Invalid condition id : LAN8742 Phy interface Condition cause : null
2026-08-12 14:31:18,863 [WARN] PackLoader:240 - Cannot read IP mode file for STMicroelectronics.X-CUBE-SFXS2LP1.4.0.0
2026-08-12 14:31:18,868 [ERROR] Engine:466 - C:\Users\Admin\.stm32cubemx\thirdparties\pdsc\quantropi.X-CUBE-qispace-sdk-base.2.1.0.pdsc: PDSC version is not supported
2026-08-12 14:31:18,887 [WARN] PackLoader:240 - Cannot read IP mode file for STMicroelectronics.X-CUBE-SUBG2.5.0.0
2026-08-12 14:31:18,926 [WARN] PackLoader:240 - Cannot read IP mode file for STMicroelectronics.X-CUBE-AZRTOS-G4.2.0.0
2026-08-12 14:31:18,937 [WARN] PackLoader:240 - Cannot read IP mode file for wolfSSL.I-CUBE-wolfSSH.1.4.20
2026-08-12 14:31:18,939 [INFO] ThirdParty:978 - Integrity check success = true
2026-08-12 14:31:18,940 [INFO] IntegrityCheckThread:100 - exiting critical section [integrity check]
2026-08-12 14:31:18,940 [INFO] IntegrityCheckThread:103 - End integrity checks thread
2026-08-12 14:31:34,861 [ERROR] LogOutputStream:75 - [STDERR_REDIRECT] SLF4J: Failed to load class "org.slf4j.impl.StaticLoggerBinder".
2026-08-12 14:31:34,862 [ERROR] LogOutputStream:75 - [STDERR_REDIRECT] SLF4J: Defaulting to no-operation (NOP) logger implementation
2026-08-12 14:31:34,864 [ERROR] LogOutputStream:75 - [STDERR_REDIRECT] SLF4J: See http://www.slf4j.org/codes.html#StaticLoggerBinder for further details.
