2026-08-09 09:40:22,105 [INFO] Activator:176 - 


2026-08-09 09:40:22,122 [INFO] Activator:177 - !SESSION log4j initialized
2026-08-09 09:40:32,458 [INFO] LogOutputStream:77 - [STDOUT_REDIRECT] 
2026-08-09 09:40:35,371 [INFO] ApplicationProperties:184 - Using Application install path: C:\ST\STM32CubeIDE_1.13.1\STM32CubeIDE\plugins\com.st.stm32cube.common.mx_6.9.1.202307191849
2026-08-09 09:40:35,411 [INFO] DbMcusXml:78 - Set database path to: C:\ST\STM32CubeIDE_1.13.1\STM32CubeIDE\plugins\com.st.stm32cube.common.mx_6.9.1.202307191849\\db\/mcu/
2026-08-09 09:40:35,411 [INFO] ApiDb:274 - Set plugin database path to: C:\ST\STM32CubeIDE_1.13.1\STM32CubeIDE\plugins\com.st.stm32cube.common.mx_6.9.1.202307191849\\db\/plugins/boardmanager/
2026-08-09 09:40:35,412 [WARN] ApiDb:259 - Overriding images path with different value:  => C:\ST\STM32CubeIDE_1.13.1\STM32CubeIDE\plugins\com.st.stm32cube.common.mx_6.9.1.202307191849\\db\/plugins/mcufinder/images/
2026-08-09 09:40:35,431 [INFO] ApiDb:250 - Set database path to: C:\Users\Admin\.stmcufinder\plugins\mcufinder//mcu/
2026-08-09 09:40:35,433 [INFO] DbMcusAds:125 - Set database path to: C:\Users\Admin\.stmcufinder\plugins\mcufinder//mcu/
2026-08-09 09:40:35,438 [INFO] CrossReferenceDbSqlite:203 - Set database path to: C:\Users\Admin\.stmcufinder\plugins\mcufinder//mcu/cs/
2026-08-09 09:40:35,619 [INFO] RulesReader:64 - Compatibility file has been processed (293 Rules)
2026-08-09 09:40:35,771 [INFO] DbMcusXml:78 - Set database path to: C:\ST\STM32CubeIDE_1.13.1\STM32CubeIDE\plugins\com.st.stm32cube.common.mx_6.9.1.202307191849\\db\/mcu/
2026-08-09 09:40:35,772 [INFO] ApiDb:274 - Set plugin database path to: C:\ST\STM32CubeIDE_1.13.1\STM32CubeIDE\plugins\com.st.stm32cube.common.mx_6.9.1.202307191849\\db\/plugins/boardmanager/
2026-08-09 09:40:35,772 [INFO] ApiDb:261 - Set plugin images path to: C:\ST\STM32CubeIDE_1.13.1\STM32CubeIDE\plugins\com.st.stm32cube.common.mx_6.9.1.202307191849\\db\/plugins/mcufinder/images/
2026-08-09 09:40:35,772 [WARN] DbFile:41 - Overriding database path with different value: C:\Users\Admin\.stmcufinder\plugins\mcufinder/ => C:\Users\Admin\.stmcufinder\plugins\mcufinder
2026-08-09 09:40:35,773 [INFO] ApiDb:250 - Set database path to: C:\Users\Admin\.stmcufinder\plugins\mcufinder//mcu/
2026-08-09 09:40:35,773 [WARN] DbFile:41 - Overriding database path with different value: C:\Users\Admin\.stmcufinder\plugins\mcufinder/ => C:\Users\Admin\.stmcufinder\plugins\mcufinder
2026-08-09 09:40:35,773 [INFO] DbMcusAds:125 - Set database path to: C:\Users\Admin\.stmcufinder\plugins\mcufinder//mcu/
2026-08-09 09:40:35,773 [WARN] DbFile:41 - Overriding database path with different value: C:\Users\Admin\.stmcufinder\plugins\mcufinder/ => C:\Users\Admin\.stmcufinder\plugins\mcufinder
2026-08-09 09:40:35,773 [WARN] DbFile:41 - Overriding database path with different value: C:\Users\Admin\.stmcufinder\plugins\mcufinder/ => C:\Users\Admin\.stmcufinder\plugins\mcufinder
2026-08-09 09:40:35,773 [INFO] CrossReferenceDbSqlite:203 - Set database path to: C:\Users\Admin\.stmcufinder\plugins\mcufinder//mcu/cs/
2026-08-09 09:40:35,919 [INFO] MainPanel:262 - HeapMemory: 268435456
2026-08-09 09:40:36,087 [INFO] DbMcusXml:78 - Set database path to: C:\ST\STM32CubeIDE_1.13.1\STM32CubeIDE\plugins\com.st.stm32cube.common.mx_6.9.1.202307191849\\db\/mcu/
2026-08-09 09:40:36,087 [INFO] ApiDb:274 - Set plugin database path to: C:\ST\STM32CubeIDE_1.13.1\STM32CubeIDE\plugins\com.st.stm32cube.common.mx_6.9.1.202307191849\\db\/plugins/boardmanager/
2026-08-09 09:40:36,088 [INFO] ApiDb:261 - Set plugin images path to: C:\ST\STM32CubeIDE_1.13.1\STM32CubeIDE\plugins\com.st.stm32cube.common.mx_6.9.1.202307191849\\db\/plugins/mcufinder/images/
2026-08-09 09:40:36,089 [WARN] DbFile:41 - Overriding database path with different value: C:\Users\Admin\.stmcufinder\plugins\mcufinder/ => C:\Users\Admin\.stmcufinder\plugins\mcufinder
2026-08-09 09:40:36,089 [INFO] ApiDb:250 - Set database path to: C:\Users\Admin\.stmcufinder\plugins\mcufinder//mcu/
2026-08-09 09:40:36,089 [WARN] DbFile:41 - Overriding database path with different value: C:\Users\Admin\.stmcufinder\plugins\mcufinder/ => C:\Users\Admin\.stmcufinder\plugins\mcufinder
2026-08-09 09:40:36,089 [INFO] DbMcusAds:125 - Set database path to: C:\Users\Admin\.stmcufinder\plugins\mcufinder//mcu/
2026-08-09 09:40:36,089 [WARN] DbFile:41 - Overriding database path with different value: C:\Users\Admin\.stmcufinder\plugins\mcufinder/ => C:\Users\Admin\.stmcufinder\plugins\mcufinder
2026-08-09 09:40:36,089 [WARN] DbFile:41 - Overriding database path with different value: C:\Users\Admin\.stmcufinder\plugins\mcufinder/ => C:\Users\Admin\.stmcufinder\plugins\mcufinder
2026-08-09 09:40:36,089 [INFO] CrossReferenceDbSqlite:203 - Set database path to: C:\Users\Admin\.stmcufinder\plugins\mcufinder//mcu/cs/
2026-08-09 09:40:36,124 [INFO] ApplicationProperties:184 - Using Application install path: C:\ST\STM32CubeIDE_1.13.1\STM32CubeIDE\plugins\com.st.stm32cube.common.mx_6.9.1.202307191849
2026-08-09 09:40:36,127 [INFO] PluginManage:196 - Search for loadable plugins [exclusion list=, ]
2026-08-09 09:40:36,129 [INFO] PluginManage:310 - Check plugin analytics
2026-08-09 09:40:36,408 [INFO] AnalyticsPlugin:253 - Accepted Software Licenses: STM32CubeMX.6.18.0
2026-08-09 09:40:36,408 [INFO] AnalyticsPlugin:255 - Accepted CMSIS Pack Licenses: 
2026-08-09 09:40:36,409 [INFO] AnalyticsPlugin:257 - Accepted Firmware Licenses: FW.F4.1.27.0,FW.F4.1.28.0,FW.F4.1.28.3
2026-08-09 09:40:36,414 [INFO] PluginManage:359 - Loaded plugin analytics (category:tool,tabindex:-1)
2026-08-09 09:40:36,417 [INFO] PluginManage:310 - Check plugin cadmodel
2026-08-09 09:40:36,428 [INFO] CADModel:105 - Init CAD model plugin
2026-08-09 09:40:36,428 [INFO] PluginManage:359 - Loaded plugin cadmodel (category:power,tabindex:5)
2026-08-09 09:40:36,428 [INFO] PluginManage:310 - Check plugin clock
2026-08-09 09:40:36,452 [INFO] PluginManage:359 - Loaded plugin clock (category:base,tabindex:2)
2026-08-09 09:40:36,453 [INFO] PluginManage:310 - Check plugin ddr
2026-08-09 09:40:36,456 [INFO] PluginManage:359 - Loaded plugin ddr (category:tool,tabindex:6)
2026-08-09 09:40:36,457 [INFO] PluginManage:310 - Check plugin filemanager
2026-08-09 09:40:36,741 [INFO] PluginManage:359 - Loaded plugin filemanager (category:base,tabindex:10)
2026-08-09 09:40:36,741 [INFO] PluginManage:310 - Check plugin ipmanager
2026-08-09 09:40:36,755 [INFO] PluginManage:359 - Loaded plugin ipmanager (category:base,tabindex:5)
2026-08-09 09:40:36,756 [INFO] PluginManage:310 - Check plugin lpbam
2026-08-09 09:40:36,774 [INFO] PluginManage:359 - Loaded plugin lpbam (category:base,tabindex:0)
2026-08-09 09:40:36,774 [INFO] PluginManage:310 - Check plugin memorymap
2026-08-09 09:40:36,797 [INFO] PluginManage:359 - Loaded plugin memorymap (category:base,tabindex:4)
2026-08-09 09:40:36,798 [INFO] PluginManage:310 - Check plugin pinoutandconfiguration
2026-08-09 09:40:36,822 [INFO] PluginManage:359 - Loaded plugin pinoutandconfiguration (category:base,tabindex:1)
2026-08-09 09:40:36,822 [INFO] PluginManage:310 - Check plugin pinoutconfig
2026-08-09 09:40:36,978 [WARN] SupportedApi:132 - Cannot load RTOS API schema: s4s-elt-must-match.1: The content of 'definitions' must match (annotation?, (simpleType | complexType)?, (unique | key | keyref)*)). A problem was found starting at: attribute.
2026-08-09 09:40:37,204 [INFO] PluginManage:359 - Loaded plugin pinoutconfig (category:base,tabindex:0)
2026-08-09 09:40:37,205 [INFO] PluginManage:310 - Check plugin power
2026-08-09 09:40:37,223 [INFO] PluginManage:359 - Loaded plugin power (category:power,tabindex:4)
2026-08-09 09:40:37,224 [INFO] PluginManage:310 - Check plugin projectmanager
2026-08-09 09:40:37,251 [INFO] PluginManage:359 - Loaded plugin projectmanager (category:projectmanager,tabindex:3)
2026-08-09 09:40:37,251 [INFO] PluginManage:310 - Check plugin thirdparty
2026-08-09 09:40:37,459 [INFO] PluginManage:359 - Loaded plugin thirdparty (category:base,tabindex:-1)
2026-08-09 09:40:37,459 [WARN] IntegrityCheckThread:84 - waiting for thirdparty lock release [integrity check]
2026-08-09 09:40:37,460 [INFO] PluginManage:310 - Check plugin tools
2026-08-09 09:40:37,460 [INFO] IntegrityCheckThread:86 - entering critical section [integrity check]
2026-08-09 09:40:37,461 [INFO] ThirdPartyUpdaterWithRetryManager:70 - Updater plugin not ready yet. [1/15]
2026-08-09 09:40:37,465 [INFO] PluginManage:359 - Loaded plugin tools (category:base,tabindex:7)
2026-08-09 09:40:37,465 [INFO] PluginManage:310 - Check plugin tutovideos
2026-08-09 09:40:37,768 [INFO] PluginManage:359 - Loaded plugin tutovideos (category:base,tabindex:-1)
2026-08-09 09:40:37,769 [INFO] PluginManage:310 - Check plugin updater
2026-08-09 09:40:37,784 [INFO] PluginManage:359 - Loaded plugin updater (category:base,tabindex:12)
2026-08-09 09:40:37,785 [INFO] PluginManage:310 - Check plugin userauth
2026-08-09 09:40:37,793 [INFO] UserAuth:113 - Init User Auth plugin
2026-08-09 09:40:37,794 [INFO] PluginManage:359 - Loaded plugin userauth (category:base,tabindex:14)
2026-08-09 09:40:37,794 [INFO] PluginManage:283 - PluginManage : Loaded plugins [17]
2026-08-09 09:40:38,179 [INFO] PinOutPanel:1499 - setPackage(No Configuration,No Configuration)
2026-08-09 09:40:38,400 [INFO] CADModel:165 - CPN selected for project level
2026-08-09 09:40:38,401 [INFO] CADModel:114 - Register for checkConnection events
2026-08-09 09:40:38,440 [INFO] IPUIPlugin:80 - create IPUIPlugin
2026-08-09 09:40:38,440 [INFO] PluginManager:220 - loadIPPluginJar : add adc
2026-08-09 09:40:38,444 [INFO] IPUIPlugin:80 - create IPUIPlugin
2026-08-09 09:40:38,444 [INFO] PluginManager:220 - loadIPPluginJar : add aes
2026-08-09 09:40:38,448 [INFO] IPUIPlugin:80 - create IPUIPlugin
2026-08-09 09:40:38,448 [INFO] PluginManager:220 - loadIPPluginJar : add can
2026-08-09 09:40:38,451 [INFO] IPUIPlugin:80 - create IPUIPlugin
2026-08-09 09:40:38,451 [INFO] PluginManager:220 - loadIPPluginJar : add comp
2026-08-09 09:40:38,455 [INFO] IPUIPlugin:80 - create IPUIPlugin
2026-08-09 09:40:38,456 [INFO] PluginManager:220 - loadIPPluginJar : add cryp
2026-08-09 09:40:38,460 [INFO] IPUIPlugin:80 - create IPUIPlugin
2026-08-09 09:40:38,461 [INFO] PluginManager:220 - loadIPPluginJar : add dfsdm
2026-08-09 09:40:38,475 [INFO] IPUIPlugin:80 - create IPUIPlugin
2026-08-09 09:40:38,476 [INFO] PluginManager:220 - loadIPPluginJar : add dma
2026-08-09 09:40:38,481 [INFO] IPUIPlugin:80 - create IPUIPlugin
2026-08-09 09:40:38,481 [INFO] PluginManager:220 - loadIPPluginJar : add dma3
2026-08-09 09:40:38,483 [INFO] IPUIPlugin:80 - create IPUIPlugin
2026-08-09 09:40:38,483 [INFO] PluginManager:220 - loadIPPluginJar : add fatfs
2026-08-09 09:40:38,488 [INFO] IPUIPlugin:80 - create IPUIPlugin
2026-08-09 09:40:38,489 [INFO] PluginManager:220 - loadIPPluginJar : add fmc
2026-08-09 09:40:38,497 [INFO] IPUIPlugin:80 - create IPUIPlugin
2026-08-09 09:40:38,498 [INFO] PluginManager:220 - loadIPPluginJar : add freertos
2026-08-09 09:40:38,501 [INFO] IPUIPlugin:80 - create IPUIPlugin
2026-08-09 09:40:38,501 [INFO] PluginManager:220 - loadIPPluginJar : add genericplugin
2026-08-09 09:40:38,505 [INFO] IPUIPlugin:80 - create IPUIPlugin
2026-08-09 09:40:38,505 [INFO] PluginManager:220 - loadIPPluginJar : add gfxmmu
2026-08-09 09:40:38,511 [INFO] IPUIPlugin:80 - create IPUIPlugin
2026-08-09 09:40:38,512 [INFO] PluginManager:220 - loadIPPluginJar : add gic
2026-08-09 09:40:38,518 [INFO] IPUIPlugin:80 - create IPUIPlugin
2026-08-09 09:40:38,518 [INFO] PluginManager:220 - loadIPPluginJar : add gpio
2026-08-09 09:40:38,522 [INFO] IPUIPlugin:80 - create IPUIPlugin
2026-08-09 09:40:38,522 [INFO] PluginManager:220 - loadIPPluginJar : add gtzc
2026-08-09 09:40:38,526 [INFO] IPUIPlugin:80 - create IPUIPlugin
2026-08-09 09:40:38,527 [INFO] PluginManager:220 - loadIPPluginJar : add hash
2026-08-09 09:40:38,532 [INFO] IPUIPlugin:80 - create IPUIPlugin
2026-08-09 09:40:38,532 [INFO] PluginManager:220 - loadIPPluginJar : add i2c
2026-08-09 09:40:38,538 [INFO] IPUIPlugin:80 - create IPUIPlugin
2026-08-09 09:40:38,538 [INFO] PluginManager:220 - loadIPPluginJar : add i2s
2026-08-09 09:40:38,543 [INFO] IPUIPlugin:80 - create IPUIPlugin
2026-08-09 09:40:38,544 [INFO] PluginManager:220 - loadIPPluginJar : add i3c
2026-08-09 09:40:38,549 [INFO] IPUIPlugin:80 - create IPUIPlugin
2026-08-09 09:40:38,549 [INFO] PluginManager:220 - loadIPPluginJar : add ipddr
2026-08-09 09:40:38,563 [INFO] IPUIPlugin:80 - create IPUIPlugin
2026-08-09 09:40:38,563 [INFO] PluginManager:220 - loadIPPluginJar : add linkedlist
2026-08-09 09:40:38,572 [INFO] IPUIPlugin:80 - create IPUIPlugin
2026-08-09 09:40:38,572 [INFO] PluginManager:220 - loadIPPluginJar : add lorawan
2026-08-09 09:40:38,575 [INFO] IPUIPlugin:80 - create IPUIPlugin
2026-08-09 09:40:38,575 [INFO] PluginManager:220 - loadIPPluginJar : add ltdc
2026-08-09 09:40:38,600 [INFO] IPUIPlugin:80 - create IPUIPlugin
2026-08-09 09:40:38,601 [INFO] PluginManager:220 - loadIPPluginJar : add mdma
2026-08-09 09:40:38,607 [INFO] IPUIPlugin:80 - create IPUIPlugin
2026-08-09 09:40:38,607 [INFO] PluginManager:220 - loadIPPluginJar : add nvic
2026-08-09 09:40:38,612 [INFO] IPUIPlugin:80 - create IPUIPlugin
2026-08-09 09:40:38,612 [INFO] PluginManager:220 - loadIPPluginJar : add opamp
2026-08-09 09:40:38,617 [INFO] IPUIPlugin:80 - create IPUIPlugin
2026-08-09 09:40:38,617 [INFO] PluginManager:220 - loadIPPluginJar : add openamp
2026-08-09 09:40:38,622 [INFO] IPUIPlugin:80 - create IPUIPlugin
2026-08-09 09:40:38,622 [INFO] PluginManager:220 - loadIPPluginJar : add pdm2pcm
2026-08-09 09:40:38,636 [INFO] IPUIPlugin:80 - create IPUIPlugin
2026-08-09 09:40:38,639 [INFO] PluginManager:220 - loadIPPluginJar : add plateformsettings
2026-08-09 09:40:38,642 [INFO] IPUIPlugin:80 - create IPUIPlugin
2026-08-09 09:40:38,642 [INFO] PluginManager:220 - loadIPPluginJar : add quadspi
2026-08-09 09:40:38,649 [INFO] IPUIPlugin:80 - create IPUIPlugin
2026-08-09 09:40:38,649 [INFO] PluginManager:220 - loadIPPluginJar : add resmgrutility
2026-08-09 09:40:38,653 [INFO] IPUIPlugin:80 - create IPUIPlugin
2026-08-09 09:40:38,653 [INFO] PluginManager:220 - loadIPPluginJar : add sai
2026-08-09 09:40:38,657 [INFO] IPUIPlugin:80 - create IPUIPlugin
2026-08-09 09:40:38,657 [INFO] PluginManager:220 - loadIPPluginJar : add spi
2026-08-09 09:40:38,665 [INFO] IPUIPlugin:80 - create IPUIPlugin
2026-08-09 09:40:38,666 [INFO] PluginManager:220 - loadIPPluginJar : add stm32_wpan
2026-08-09 09:40:38,670 [INFO] IPUIPlugin:80 - create IPUIPlugin
2026-08-09 09:40:38,670 [INFO] PluginManager:220 - loadIPPluginJar : add tim
2026-08-09 09:40:38,674 [INFO] IPUIPlugin:80 - create IPUIPlugin
2026-08-09 09:40:38,674 [INFO] PluginManager:220 - loadIPPluginJar : add touchsensing
2026-08-09 09:40:38,677 [INFO] IPUIPlugin:80 - create IPUIPlugin
2026-08-09 09:40:38,677 [INFO] PluginManager:220 - loadIPPluginJar : add tracer_emb
2026-08-09 09:40:38,679 [INFO] IPUIPlugin:80 - create IPUIPlugin
2026-08-09 09:40:38,679 [INFO] PluginManager:220 - loadIPPluginJar : add ts
2026-08-09 09:40:38,681 [INFO] IPUIPlugin:80 - create IPUIPlugin
2026-08-09 09:40:38,681 [INFO] PluginManager:220 - loadIPPluginJar : add tsc
2026-08-09 09:40:38,683 [INFO] IPUIPlugin:80 - create IPUIPlugin
2026-08-09 09:40:38,684 [INFO] PluginManager:220 - loadIPPluginJar : add ucpd
2026-08-09 09:40:38,687 [INFO] IPUIPlugin:80 - create IPUIPlugin
2026-08-09 09:40:38,687 [INFO] PluginManager:220 - loadIPPluginJar : add usart
2026-08-09 09:40:38,691 [INFO] IPUIPlugin:80 - create IPUIPlugin
2026-08-09 09:40:38,691 [INFO] PluginManager:220 - loadIPPluginJar : add usbx
2026-08-09 09:40:38,838 [INFO] CADModel:165 - CPN selected for project level
2026-08-09 09:40:38,838 [INFO] CADModel:114 - Register for checkConnection events
2026-08-09 09:40:38,838 [FATAL] Updater:308 - Updater called before beeing initialized
2026-08-09 09:40:38,838 [ERROR] CADModel:125 - Updater not yet initialized, retry later 
2026-08-09 09:40:39,123 [INFO] CADModel:165 - CPN selected for project level
2026-08-09 09:40:39,123 [INFO] CADModel:114 - Register for checkConnection events
2026-08-09 09:40:39,124 [FATAL] Updater:308 - Updater called before beeing initialized
2026-08-09 09:40:39,124 [ERROR] CADModel:125 - Updater not yet initialized, retry later 
2026-08-09 09:40:39,133 [FATAL] Updater:308 - Updater called before beeing initialized
2026-08-09 09:40:39,384 [FATAL] Updater:308 - Updater called before beeing initialized
2026-08-09 09:40:39,396 [INFO] DbMcusAds:53 - JSON generation date=Wed Jul 15 16:44:54 GMT+07:00 2026 (1784108694001)
2026-08-09 09:40:39,399 [FATAL] Updater:308 - Updater called before beeing initialized
2026-08-09 09:40:39,483 [WARN] DetailPanel:346 - Failed to get advertising image, set to default
2026-08-09 09:40:39,661 [FATAL] Updater:308 - Updater called before beeing initialized
2026-08-09 09:40:39,666 [FATAL] Updater:308 - Updater called before beeing initialized
2026-08-09 09:40:39,667 [FATAL] Updater:308 - Updater called before beeing initialized
2026-08-09 09:40:39,667 [WARN] DetailPanel:346 - Failed to get advertising image, set to default
2026-08-09 09:40:39,669 [FATAL] Updater:308 - Updater called before beeing initialized
2026-08-09 09:40:39,757 [ERROR] Updater:1120 - MainUpdater not yet initialized. External WinMGr cannot be set.
2026-08-09 09:40:39,760 [INFO] Updater:1056 - Updater Version found : 6.9.1
2026-08-09 09:40:39,797 [INFO] ApplicationProperties:184 - Using Application install path: C:\ST\STM32CubeIDE_1.13.1\STM32CubeIDE\plugins\com.st.stm32cube.common.mx_6.9.1.202307191849
2026-08-09 09:40:40,138 [INFO] MainUpdater:2868 - connection check result : 10
2026-08-09 09:40:40,139 [INFO] MainUpdater:285 - Updater Check For Update Now.
2026-08-09 09:40:40,140 [INFO] MicroXplorer:498 - Change Database Version : DB.6.0.91
2026-08-09 09:40:40,152 [INFO] McuFinderGlobals:63 - Set McuFinder mode to 2 (CubeIDE integrated)
2026-08-09 09:40:40,462 [WARN] MainUpdater:1189 - Updater busy. Cannot search thirdparties
2026-08-09 09:40:40,463 [INFO] ThirdPartyUpdaterWithRetryManager:96 - Updater plugin is busy. [1/15]
2026-08-09 09:40:40,466 [INFO] CheckServerUpdateThread:120 - End of CheckServer Thread
2026-08-09 09:40:43,883 [WARN] PackLoader:240 - Cannot read IP mode file for STMicroelectronics.FP-ATR-ASTRA1.2.0.3
2026-08-09 09:40:43,896 [WARN] PackLoader:240 - Cannot read IP mode file for STMicroelectronics.FP-ATR-ASTRA1.2.0.2
2026-08-09 09:40:43,908 [ERROR] Engine:466 - C:\Users\Admin\.stm32cubemx\thirdparties\pdsc\STMicroelectronics.X-CUBE-SMBUS.2.1.1.pdsc: PDSC version is not supported
2026-08-09 09:40:43,937 [WARN] PackLoader:240 - Cannot read IP mode file for STMicroelectronics.X-CUBE-SMBUS.2.1.0
2026-08-09 09:40:44,014 [WARN] PackLoader:240 - Cannot read IP mode file for STMicroelectronics.X-CUBE-AZRTOS-F7.1.1.0
2026-08-09 09:40:44,042 [ERROR] Engine:466 - C:\Users\Admin\.stm32cubemx\thirdparties\pdsc\STMicroelectronics.X-CUBE-FREERTOS.1.6.0.pdsc: PDSC version is not supported
2026-08-09 09:40:44,175 [WARN] PackLoader:240 - Cannot read IP mode file for STMicroelectronics.X-CUBE-AZRTOS-H7RS.1.3.0
2026-08-09 09:40:44,207 [ERROR] Engine:466 - C:\Users\Admin\.stm32cubemx\thirdparties\pdsc\WES.I-CUBE-Cesium.1.4.0.pdsc: PDSC version is not supported
2026-08-09 09:40:44,237 [WARN] PackLoader:240 - Cannot read IP mode file for STMicroelectronics.X-CUBE-DISPLAY.3.0.0
2026-08-09 09:40:44,272 [WARN] PackLoader:240 - Cannot read IP mode file for wolfSSL.I-CUBE-wolfSSL.5.9.1
2026-08-09 09:40:44,296 [WARN] PackLoader:240 - Cannot read IP mode file for emotas.I-CUBE-CANOPEN.1.3.0
2026-08-09 09:40:44,303 [ERROR] Engine:466 - C:\Users\Admin\.stm32cubemx\thirdparties\pdsc\STMicroelectronics.X-CUBE-WBA.1.1.0.pdsc: PDSC version is not supported
2026-08-09 09:40:44,325 [INFO] LogOutputStream:77 - [STDOUT_REDIRECT] 1 : Invalid condition id : UX_CORESTACK_Condition cause : null
2026-08-09 09:40:44,327 [INFO] LogOutputStream:77 - [STDOUT_REDIRECT] 1 : Invalid condition id : UX_CORESTACK_Condition cause : null
2026-08-09 09:40:44,330 [INFO] LogOutputStream:77 - [STDOUT_REDIRECT] 1 : Invalid condition id : UX_CORESTACK_Condition cause : null
2026-08-09 09:40:44,334 [INFO] LogOutputStream:77 - [STDOUT_REDIRECT] 1 : Invalid condition id : UX_CORESTACK_Condition cause : null
2026-08-09 09:40:44,337 [INFO] LogOutputStream:77 - [STDOUT_REDIRECT] 1 : Invalid condition id : UX_CORESTACK_Condition cause : null
2026-08-09 09:40:44,346 [WARN] PackLoader:240 - Cannot read IP mode file for STMicroelectronics.X-CUBE-AZRTOS-WL.2.0.0
2026-08-09 09:40:44,408 [WARN] PackLoader:240 - Cannot read IP mode file for STMicroelectronics.X-CUBE-AZRTOS-H7RS.1.2.0
2026-08-09 09:40:44,436 [WARN] PackLoader:240 - Cannot read IP mode file for STMicroelectronics.X-CUBE-BLE2.3.3.0
2026-08-09 09:40:44,442 [ERROR] Engine:466 - C:\Users\Admin\.stm32cubemx\thirdparties\pdsc\Avnet-IOTCONNECT.X-CUBE-iotc-st67-sdk.1.0.0.pdsc: PDSC version is not supported
2026-08-09 09:40:44,459 [ERROR] Engine:466 - C:\Users\Admin\.stm32cubemx\thirdparties\pdsc\Infineon.AIROC-Wi-Fi-Bluetooth-STM32.1.8.0.pdsc: PDSC version is not supported
2026-08-09 09:40:44,467 [WARN] PackLoader:240 - Cannot read IP mode file for wolfSSL.I-CUBE-wolfMQTT.1.19.2
2026-08-09 09:40:44,499 [WARN] PackLoader:240 - Cannot read IP mode file for STMicroelectronics.X-CUBE-AZRTOS-G0.1.1.0
2026-08-09 09:40:44,522 [WARN] PackLoader:240 - Cannot read IP mode file for STMicroelectronics.X-CUBE-NFC4.3.0.0
2026-08-09 09:40:44,533 [ERROR] Engine:466 - C:\Users\Admin\.stm32cubemx\thirdparties\pdsc\EmbeddedOffice.I-CUBE-FS-RTOS.1.0.1.pdsc: PDSC version is not supported
2026-08-09 09:40:44,541 [WARN] PackLoader:240 - Cannot read IP mode file for wolfSSL.I-CUBE-wolfTPM.3.8.0
2026-08-09 09:40:44,551 [ERROR] Engine:466 - C:\Users\Admin\.stm32cubemx\thirdparties\pdsc\RealThread.X-CUBE-RT-Thread_Nano.4.1.1.pdsc: PDSC version is not supported
2026-08-09 09:40:44,560 [WARN] PackLoader:240 - Cannot read IP mode file for STMicroelectronics.FP-ATR-SIGFOX1.3.2.0
2026-08-09 09:40:44,565 [ERROR] Engine:466 - C:\Users\Admin\.stm32cubemx\thirdparties\pdsc\STMicroelectronics.X-CUBE-FREERTOS.1.5.0.pdsc: PDSC version is not supported
2026-08-09 09:40:44,583 [WARN] PackLoader:240 - Cannot read IP mode file for ITTIA_DB.I-CUBE-ITTIADB.8.9.0
2026-08-09 09:40:44,589 [ERROR] Engine:466 - C:\Users\Admin\.stm32cubemx\thirdparties\pdsc\Cesanta.I-CUBE-Mongoose.7.21.7.pdsc: PDSC version is not supported
2026-08-09 09:40:44,597 [WARN] PackLoader:240 - Cannot read IP mode file for STMicroelectronics.X-CUBE-AI.10.2.1
2026-08-09 09:40:44,741 [WARN] PackLoader:240 - Cannot read IP mode file for STMicroelectronics.X-CUBE-MEMS1.12.1.0
2026-08-09 09:40:45,136 [WARN] PackLoader:240 - Cannot read IP mode file for SEGGER.I-CUBE-embOS.1.3.1
2026-08-09 09:40:45,255 [WARN] PackLoader:240 - Cannot read IP mode file for STMicroelectronics.X-CUBE-ALGOBUILD.1.4.0
2026-08-09 09:40:45,278 [WARN] PackLoader:240 - Cannot read IP mode file for STMicroelectronics.X-CUBE-NFC13.1.0.0
2026-08-09 09:40:45,333 [WARN] PackLoader:240 - Cannot read IP mode file for STMicroelectronics.X-CUBE-AZRTOS-F4.1.1.0
2026-08-09 09:40:45,357 [ERROR] Engine:466 - C:\Users\Admin\.stm32cubemx\thirdparties\pdsc\STMicroelectronics.eDS-WB_DPC_TT-BIDIR.2.1.1.pdsc: PDSC version is not supported
2026-08-09 09:40:45,371 [WARN] PackLoader:240 - Cannot read IP mode file for STMicroelectronics.X-CUBE-ALGOBUILD.1.5.0
2026-08-09 09:40:45,643 [WARN] PackLoader:240 - Cannot read IP mode file for STMicroelectronics.X-CUBE-MEMS1.13.0.0
2026-08-09 09:40:45,964 [ERROR] Engine:466 - C:\Users\Admin\.stm32cubemx\thirdparties\pdsc\STMicroelectronics.eDS-WB_DPC_3PH2L-BIDIR.1.1.1.pdsc: PDSC version is not supported
2026-08-09 09:40:45,977 [WARN] PackLoader:240 - Cannot read IP mode file for STMicroelectronics.X-CUBE-TOUCHGFX.4.26.1
2026-08-09 09:40:46,024 [WARN] ConditionMgr:438 - getConditionDescription Invalid condition id : LAN8742 Phy interface Condition cause : null
2026-08-09 09:40:46,027 [WARN] PackLoader:240 - Cannot read IP mode file for STMicroelectronics.X-CUBE-AZRTOS-L4.2.0.0
2026-08-09 09:40:46,033 [WARN] ConditionMgr:1039 - genDependencies : Invalid condition id : LAN8742 Phy interface Condition cause : null
2026-08-09 09:40:46,034 [WARN] ConditionMgr:1039 - genDependencies : Invalid condition id : LAN8742 Phy interface Condition cause : null
2026-08-09 09:40:46,035 [WARN] ConditionMgr:1039 - genDependencies : Invalid condition id : LAN8742 Phy interface Condition cause : null
2026-08-09 09:40:46,061 [WARN] PackLoader:240 - Cannot read IP mode file for STMicroelectronics.X-CUBE-SFXS2LP1.4.0.0
2026-08-09 09:40:46,070 [ERROR] Engine:466 - C:\Users\Admin\.stm32cubemx\thirdparties\pdsc\quantropi.X-CUBE-qispace-sdk-base.2.1.0.pdsc: PDSC version is not supported
2026-08-09 09:40:46,093 [WARN] PackLoader:240 - Cannot read IP mode file for STMicroelectronics.X-CUBE-SUBG2.5.0.0
2026-08-09 09:40:46,154 [WARN] PackLoader:240 - Cannot read IP mode file for STMicroelectronics.X-CUBE-AZRTOS-G4.2.0.0
2026-08-09 09:40:46,168 [WARN] PackLoader:240 - Cannot read IP mode file for wolfSSL.I-CUBE-wolfSSH.1.4.20
2026-08-09 09:40:46,170 [INFO] ThirdParty:978 - Integrity check success = true
2026-08-09 09:40:46,171 [INFO] IntegrityCheckThread:100 - exiting critical section [integrity check]
2026-08-09 09:40:46,171 [INFO] IntegrityCheckThread:103 - End integrity checks thread
2026-08-09 09:41:01,961 [ERROR] LogOutputStream:75 - [STDERR_REDIRECT] SLF4J: Failed to load class "org.slf4j.impl.StaticLoggerBinder".
2026-08-09 09:41:01,962 [ERROR] LogOutputStream:75 - [STDERR_REDIRECT] SLF4J: Defaulting to no-operation (NOP) logger implementation
2026-08-09 09:41:01,965 [ERROR] LogOutputStream:75 - [STDERR_REDIRECT] SLF4J: See http://www.slf4j.org/codes.html#StaticLoggerBinder for further details.
