../Core/Src/main.c:136:6:mprint	1
../Core/Src/main.c:150:6:PID_setting	1
../Core/Src/main.c:173:5:main	14
../Core/Src/main.c:379:6:SystemClock_Config	3
../Core/Src/main.c:426:13:MX_I2C2_Init	2
../Core/Src/main.c:460:13:MX_TIM1_Init	10
../Core/Src/main.c:547:13:MX_TIM3_Init	4
../Core/Src/main.c:592:13:MX_USART1_UART_Init	2
../Core/Src/main.c:625:13:MX_USART2_UART_Init	2
../Core/Src/main.c:658:13:MX_USART3_UART_Init	2
../Core/Src/main.c:689:13:MX_DMA_Init	1
../Core/Src/main.c:707:13:MX_GPIO_Init	1
../Core/Src/main.c:760:6:HAL_UART_RxCpltCallback	12
../Core/Src/main.c:870:6:Error_Handler	7
