../Core/Src/main.c:107:6:mprint	272	static
../Core/Src/main.c:131:5:main	16	static,ignoring_inline_asm
../Core/Src/main.c:346:6:SystemClock_Config	88	static
../Core/Src/main.c:393:13:MX_I2C2_Init	8	static
../Core/Src/main.c:427:13:MX_TIM1_Init	96	static
../Core/Src/main.c:514:13:MX_TIM3_Init	32	static
../Core/Src/main.c:559:13:MX_USART1_UART_Init	8	static
../Core/Src/main.c:592:13:MX_USART2_UART_Init	8	static
../Core/Src/main.c:625:13:MX_USART3_UART_Init	8	static
../Core/Src/main.c:656:13:MX_DMA_Init	16	static
../Core/Src/main.c:674:13:MX_GPIO_Init	48	static
../Core/Src/main.c:727:6:HAL_UART_RxCpltCallback	16	static
../Core/Src/main.c:749:6:HAL_GPIO_EXTI_Callback	16	static
../Core/Src/main.c:763:6:Error_Handler	16	static,ignoring_inline_asm
