Added Component: Designator=J1(HMC5883L)
Add component (AddParameter): Name = "Check_prices"; Value = "https://www.snapeda.com/parts/HMC5883L/STMicroelectronics/view-part/?ref=eda"; VariantName = "[No Variations]"
Add component (AddParameter): Name = "MF"; Value = "STMicroelectronics"; VariantName = "[No Variations]"
Add component (AddParameter): Name = "MP"; Value = "HMC5883L"; VariantName = "[No Variations]"
Add component (AddParameter): Name = "Package"; Value = "None"; VariantName = "[No Variations]"
Add component (AddParameter): Name = "SnapEDA_Link"; Value = "https://www.snapeda.com/parts/HMC5883L/STMicroelectronics/view-part/?ref=snap"; VariantName = "[No Variations]"
Add component (AddParameter): Name = "Value"; Value = ""; VariantName = "[No Variations]"
Added Component: Designator=J3(FEMALE JUMP 1X3)
Added Component: Designator=J4(FEMALE JUMP 1X3)
Added Component: Designator=J5(FEMALE JUMP 1X3)
Added Component: Designator=J6(FEMALE JUMP 1X3)
Added Component: Designator=Q1(TO92127P508H508-3)
Add component (AddParameter): Name = "Value"; Value = "C9014"; VariantName = "[No Variations]"
Added Component: Designator=R1(Tro Vach 1/4W)
Added Component: Designator=R2(Tro Vach 1/4W)
Added Component: Designator=RF1(RECEIVER)
Added Component: Designator=U1(GPS_NEO)
Add component (AddParameter): Name = "Check_prices"; Value = "https://www.snapeda.com/parts/ZC323200/YKS/view-part/?ref=eda"; VariantName = "[No Variations]"
Add component (AddParameter): Name = "MF"; Value = "YKS"; VariantName = "[No Variations]"
Add component (AddParameter): Name = "MP"; Value = "ZC323200"; VariantName = "[No Variations]"
Add component (AddParameter): Name = "Package"; Value = "None"; VariantName = "[No Variations]"
Add component (AddParameter): Name = "SnapEDA_Link"; Value = "https://www.snapeda.com/parts/ZC323200/YKS/view-part/?ref=snap"; VariantName = "[No Variations]"
Add component (AddParameter): Name = "Value"; Value = ""; VariantName = "[No Variations]"
Added Component: Designator=U2(MODULE_MP1584)
Added Component: Designator=U3(STM32F405RGT6 - WEACT kit)
Added Component: Designator=U4(MODULE_MPU6050)
Add component (AddParameter): Name = "Check_prices"; Value = "https://www.snapeda.com/parts/OC09600/YKS/view-part/?ref=eda"; VariantName = "[No Variations]"
Add component (AddParameter): Name = "MF"; Value = "YKS"; VariantName = "[No Variations]"
Add component (AddParameter): Name = "MP"; Value = "OC09600"; VariantName = "[No Variations]"
Add component (AddParameter): Name = "Package"; Value = "None"; VariantName = "[No Variations]"
Add component (AddParameter): Name = "SnapEDA_Link"; Value = "https://www.snapeda.com/parts/OC09600/YKS/view-part/?ref=snap"; VariantName = "[No Variations]"
Add component (AddParameter): Name = "Value"; Value = ""; VariantName = "[No Variations]"
Added Pin To Net: NetName=3V3 Pin=J1-1
Added Pin To Net: NetName=3V3 Pin=R1-2
Added Pin To Net: NetName=3V3 Pin=U1-5
Added Pin To Net: NetName=3V3 Pin=U3-1
Added Pin To Net: NetName=3V3 Pin=U3-2
Added Pin To Net: NetName=3V3 Pin=U3-3
Added Pin To Net: NetName=3V3 Pin=U4-VCC
Added Net: Name=3V3
Added Pin To Net: NetName=5V Pin=RF1-5V
Added Pin To Net: NetName=5V Pin=U2-3
Added Pin To Net: NetName=5V Pin=U2-3
Added Pin To Net: NetName=5V Pin=U3-32
Added Pin To Net: NetName=5V Pin=U3-47
Added Net: Name=5V
Added Pin To Net: NetName=ESC1_PWM Pin=J3-1
Added Pin To Net: NetName=ESC1_PWM Pin=U3-37
Added Net: Name=ESC1_PWM
Added Pin To Net: NetName=ESC2_PWM Pin=J4-1
Added Pin To Net: NetName=ESC2_PWM Pin=U3-38
Added Net: Name=ESC2_PWM
Added Pin To Net: NetName=ESC3_PWM Pin=J5-1
Added Pin To Net: NetName=ESC3_PWM Pin=U3-53
Added Net: Name=ESC3_PWM
Added Pin To Net: NetName=ESC4_PWM Pin=J6-1
Added Pin To Net: NetName=ESC4_PWM Pin=U3-52
Added Net: Name=ESC4_PWM
Added Pin To Net: NetName=GND Pin=J1-2
Added Pin To Net: NetName=GND Pin=J3-3
Added Pin To Net: NetName=GND Pin=J4-3
Added Pin To Net: NetName=GND Pin=J5-3
Added Pin To Net: NetName=GND Pin=J6-3
Added Pin To Net: NetName=GND Pin=Q1-1
Added Pin To Net: NetName=GND Pin=RF1-GND
Added Pin To Net: NetName=GND Pin=U1-4
Added Pin To Net: NetName=GND Pin=U2-1
Added Pin To Net: NetName=GND Pin=U2-1
Added Pin To Net: NetName=GND Pin=U2-4
Added Pin To Net: NetName=GND Pin=U2-4
Added Pin To Net: NetName=GND Pin=U3-16
Added Pin To Net: NetName=GND Pin=U3-16
Added Pin To Net: NetName=GND Pin=U3-17
Added Pin To Net: NetName=GND Pin=U3-18
Added Pin To Net: NetName=GND Pin=U3-30
Added Pin To Net: NetName=GND Pin=U3-31
Added Pin To Net: NetName=GND Pin=U3-46
Added Pin To Net: NetName=GND Pin=U3-60
Added Pin To Net: NetName=GND Pin=U4-GND
Added Net: Name=GND
Added Pin To Net: NetName=HMC5883L_INT Pin=J1-5
Added Pin To Net: NetName=HMC5883L_INT Pin=U3-42
Added Net: Name=HMC5883L_INT
Added Pin To Net: NetName=I2C2_SCL Pin=J1-3
Added Pin To Net: NetName=I2C2_SCL Pin=U3-19
Added Pin To Net: NetName=I2C2_SCL Pin=U4-SCL
Added Net: Name=I2C2_SCL
Added Pin To Net: NetName=I2C2_SDA Pin=J1-4
Added Pin To Net: NetName=I2C2_SDA Pin=U3-4
Added Pin To Net: NetName=I2C2_SDA Pin=U4-SDA
Added Net: Name=I2C2_SDA
Added Pin To Net: NetName=MPU6050_INT Pin=U3-59
Added Pin To Net: NetName=MPU6050_INT Pin=U4-INT
Added Net: Name=MPU6050_INT
Added Pin To Net: NetName=NetQ1_3 Pin=Q1-3
Added Pin To Net: NetName=NetQ1_3 Pin=R2-2
Added Net: Name=NetQ1_3
Added Pin To Net: NetName=NetR2_1 Pin=R2-1
Added Pin To Net: NetName=NetR2_1 Pin=RF1-SBUS
Added Pin To Net: NetName=NetR2_1 Pin=RF1-SBUS
Added Net: Name=NetR2_1
Added Pin To Net: NetName=UART1_RX Pin=Q1-2
Added Pin To Net: NetName=UART1_RX Pin=R1-1
Added Pin To Net: NetName=UART1_RX Pin=U3-44
Added Net: Name=UART1_RX
Added Pin To Net: NetName=UART1_TX Pin=U3-58
Added Net: Name=UART1_TX
Added Pin To Net: NetName=UART2_RX Pin=U1-2
Added Pin To Net: NetName=UART2_RX Pin=U3-24
Added Net: Name=UART2_RX
Added Pin To Net: NetName=UART2_TX Pin=U1-3
Added Pin To Net: NetName=UART2_TX Pin=U3-10
Added Net: Name=UART2_TX
Added Pin To Net: NetName=UART3_RX Pin=U3-55
Added Net: Name=UART3_RX
Added Pin To Net: NetName=UART3_TX Pin=U3-40
Added Net: Name=UART3_TX
Added Pin To Net: NetName=VBAT Pin=U2-2
Added Pin To Net: NetName=VBAT Pin=U2-2
Added Net: Name=VBAT
Added Class: Name=Quadcopter
