../Core/Src/main.c:89:6:MPU_Init	32	static
../Core/Src/main.c:119:6:MPU_Read_Gyro	32	static
../Core/Src/main.c:134:6:MPU_Read_Accel	32	static
../Core/Src/main.c:150:6:complementary_filter	56	static
../Core/Src/main.c:162:6:MPU_calibrate	16	static
../Core/Src/main.c:180:5:main	16	static
../Core/Src/main.c:256:6:SystemClock_Config	88	static
../Core/Src/main.c:304:13:MX_I2C1_Init	8	static
../Core/Src/main.c:338:13:MX_GPIO_Init	48	static
../Core/Src/main.c:380:6:Error_Handler	4	static,ignoring_inline_asm
