10:02:14 **** Build of configuration Debug for project UART_DMA ****
make -j16 all 
arm-none-eabi-gcc "../Core/Src/main.c" -mcpu=cortex-m4 -std=gnu11 -g3 -DDEBUG -DUSE_HAL_DRIVER -DSTM32F405xx -c -I../Core/Inc -I"C:/Users/Admin/Documents/GitHub/Drone-RTOS/Source/UART_DMA/SBUSLib" -I../Drivers/STM32F4xx_HAL_Driver/Inc -I../Drivers/STM32F4xx_HAL_Driver/Inc/Legacy -I../Drivers/CMSIS/Device/ST/STM32F4xx/Include -I../Drivers/CMSIS/Include -O0 -ffunction-sections -fdata-sections -Wall -fstack-usage -fcyclomatic-complexity -MMD -MP -MF"Core/Src/main.d" -MT"Core/Src/main.o" --specs=nano.specs -mfpu=fpv4-sp-d16 -mfloat-abi=hard -mthumb -o "Core/Src/main.o"
arm-none-eabi-gcc -o "UART_DMA.elf" @"objects.list"   -mcpu=cortex-m4 -T"C:\Users\Admin\Documents\GitHub\Drone-RTOS\Source\UART_DMA\STM32F405RGTX_FLASH.ld" --specs=nosys.specs -Wl,-Map="UART_DMA.map" -Wl,--gc-sections -static --specs=nano.specs -mfpu=fpv4-sp-d16 -mfloat-abi=hard -mthumb -Wl,--start-group -lc -lm -Wl,--end-group
Finished building target: UART_DMA.elf
 
arm-none-eabi-size   UART_DMA.elf 
arm-none-eabi-objdump -h -S  UART_DMA.elf  > "UART_DMA.list"
   text	   data	    bss	    dec	    hex	filename
  17516	     20	   1908	  19444	   4bf4	UART_DMA.elf
Finished building: default.size.stdout
 
Finished building: UART_DMA.list
 

10:02:15 Build Finished. 0 errors, 0 warnings. (took 592ms)

